ne_std.h:12:24:ssc_array_size_set_scalar	24	static
ne_std.h:14:32:ssc_make_scalar_array_size	24	static
ne_std.h:16:1:ssc_array_size_num_dimensions	16	static
ne_std.h:17:26:ssc_array_size_get_dim	16	static
ne_std.h:19:1:ssc_array_size_set_dim	24	static
ne_std.h:20:48:ssc_array_size_get_m	16	static
ne_std.h:22:26:ssc_array_size_get_n	16	static
ne_std.h:23:56:ssc_array_size_set_m	16	static
ne_std.h:25:24:ssc_array_size_set_n	16	static
ne_std.h:27:1:ssc_array_size_num_elements	32	static
ne_std.h:155:36:ssc_get_num_io_signals	24	static
ne_ds.h:142:47:ne_ds_release_reference	16	static
ne_ds.h:144:24:ne_ds_get_reference	16	static
ne_ds.h:145:59:ne_ds_call_method	24	static
ne_ds.h:148:36:ne_ds_default_output	24	static
ne_ds.h:151:1:ne_ds_get_system_input_sizes	96	static
ne_ds.h:173:1:ne_ds_setup_logger	16	static
nesl_la.h:55:24:populate_full_matrix_from_sparsitypattern	48	static
nesl_la.h:85:40:rtw_linalg_create_data	24	static
nesl_la.h:110:41:rtw_linalg_numeric	40	static
nesl_la.h:138:41:rtw_linalg_solve	56	static
nesl_la.h:155:8:rtw_linalg_memusage	32	static
nesl_la.h:166:24:rtw_linalg_destroy	48	static
nesl_la.h:184:1:create_rtw_linear_algebra_complete	32	static
nesl_la.h:207:1:create_rtw_linear_algebra	24	static
nesl_la.h:216:49:get_rtw_linear_algebra	4	static
nesl_la.h:227:1:create_auto_linear_algebra_complete	64	static
nesl_la.h:251:1:create_auto_linear_algebra	24	static
nesl_la.h:260:49:get_auto_linear_algebra	4	static
SIM0_627956e1_1.c:14:6:SIM0_627956e1_1_dae	304	static
