ne_std.h:12:24:ssc_array_size_set_scalar	24	static
ne_std.h:14:32:ssc_make_scalar_array_size	24	static
ne_std.h:16:1:ssc_array_size_num_dimensions	16	static
ne_std.h:17:26:ssc_array_size_get_dim	16	static
ne_std.h:19:1:ssc_array_size_set_dim	24	static
ne_std.h:20:48:ssc_array_size_get_m	16	static
ne_std.h:22:26:ssc_array_size_get_n	16	static
ne_std.h:23:56:ssc_array_size_set_m	16	static
ne_std.h:25:24:ssc_array_size_set_n	16	static
ne_std.h:27:1:ssc_array_size_num_elements	32	static
ne_std.h:155:36:ssc_get_num_io_signals	24	static
ne_ds.h:142:47:ne_ds_release_reference	16	static
ne_ds.h:144:24:ne_ds_get_reference	16	static
ne_ds.h:145:59:ne_ds_call_method	24	static
ne_ds.h:148:36:ne_ds_default_output	24	static
ne_ds.h:151:1:ne_ds_get_system_input_sizes	96	static
ne_ds.h:173:1:ne_ds_setup_logger	16	static
_nesl_rtw.h:427:14:nesl_get_time	16	static
_nesl_rtw.h:428:34:nesl_get_cont_states	16	static
_nesl_rtw.h:430:1:nesl_get_mode_vector	16	static
_nesl_rtw.h:431:34:nesl_get_disc_states	16	static
_nesl_rtw.h:433:1:nesl_get_sample_hits	16	static
_nesl_rtw.h:434:34:nesl_get_outputs	16	static
_nesl_rtw.h:435:60:nesl_get_dx	16	static
_nesl_rtw.h:437:1:nesl_get_nonsampled_zcs	16	static
_nesl_rtw.h:438:53:nesl_get_residuals	16	static
_nesl_rtw.h:440:14:nesl_get_tolerances	16	static
_nesl_rtw.h:442:1:nesl_get_mass_matrix_pattern	24	static
_nesl_rtw.h:443:35:nesl_get_mass_matrix_pr	16	static
_nesl_rtw.h:445:19:nesl_get_lin_jacobian_pattern	24	static
_nesl_rtw.h:447:1:nesl_get_lin_jacobian	16	static
_nesl_rtw.h:448:41:nesl_get_sol_jacobian_pattern	24	static
_nesl_rtw.h:450:14:nesl_get_sol_jacobian_pr	16	static
_nesl_rtw.h:451:55:nesl_get_numjac_dx_lo	16	static
_nesl_rtw.h:453:14:nesl_get_numjac_dx_hi	16	static
_nesl_rtw.h:454:50:nesl_get_input_values	16	static
_nesl_rtw.h:456:13:nesl_get_input_offsets	16	static
_nesl_rtw.h:457:49:nesl_found_zcs	16	static
_nesl_rtw.h:459:11:nesl_is_major_time_step	16	static
_nesl_rtw.h:460:52:nesl_is_solver_assert_check	16	static
_nesl_rtw.h:462:29:nesl_is_solver_checking_cic	16	static
_nesl_rtw.h:464:29:nesl_is_computing_jacobian	16	static
_nesl_rtw.h:466:1:nesl_is_evaluating_f0	16	static
_nesl_rtw.h:467:36:nesl_is_solver_requesting_reset	16	static
_nesl_rtw.h:469:29:nesl_is_fundamental_sample_hit	16	static
_nesl_rtw.h:471:29:nesl_is_mode_update_time_step	16	static
_nesl_rtw.h:473:24:nesl_set_cstate_has_changed	16	static
_nesl_rtw.h:475:11:nesl_get_cstate_has_changed	16	static
_nesl_rtw.h:476:55:nesl_has_sample_hits	32	static
_nesl_rtw.h:522:21:ne_simulator_method	24	static
_nesl_rtw.h:711:14:ne_dae_linearize	32	static
_nesl_rtw.h:713:60:ne_dae_residuals	32	static
_nesl_rtw.h:716:53:ne_dae_call_method	32	static
_nesl_rtw.h:719:37:ne_dae_default_output	24	static
_nesl_rtw.h:721:49:ne_dae_method_output	40	static
_nesl_rtw.h:725:33:ne_dae_solve	24	static
_nesl_rtw.h:728:1:ne_dae_get_system_input_sizes	64	static
_nesl_rtw.h:737:1:ne_dae_default_output_free	24	static
_nesl_rtw.h:739:26:ne_dae_get_reference	16	static
_nesl_rtw.h:740:24:ne_dae_release_reference	16	static
_nesl_rtw.h:794:27:ssc_initer_assert_observable_match	32	static
_nesl_rtw.h:798:53:ssc_initer_get_reference	16	static
_nesl_rtw.h:800:1:ssc_initer_release_reference	16	static
nesl_la.h:55:24:populate_full_matrix_from_sparsitypattern	48	static
nesl_la.h:85:40:rtw_linalg_create_data	24	static
nesl_la.h:110:41:rtw_linalg_numeric	40	static
nesl_la.h:138:41:rtw_linalg_solve	56	static
nesl_la.h:155:8:rtw_linalg_memusage	32	static
nesl_la.h:166:24:rtw_linalg_destroy	48	static
nesl_la.h:184:1:create_rtw_linear_algebra_complete	32	static
nesl_la.h:207:1:create_rtw_linear_algebra	24	static
nesl_la.h:216:49:get_rtw_linear_algebra	4	static
nesl_la.h:227:1:create_auto_linear_algebra_complete	64	static
nesl_la.h:251:1:create_auto_linear_algebra	24	static
nesl_la.h:260:49:get_auto_linear_algebra	4	static
nesl_sd.h:31:1:local_sim_data_Time	16	static
nesl_sd.h:31:1:local_sim_data_ContStates	16	static
nesl_sd.h:31:1:local_sim_data_ModeVector	16	static
nesl_sd.h:31:1:local_sim_data_DiscStates	16	static
nesl_sd.h:31:1:local_sim_data_SampleHits	16	static
nesl_sd.h:31:1:local_sim_data_Outputs	16	static
nesl_sd.h:31:1:local_sim_data_Dx	16	static
nesl_sd.h:31:1:local_sim_data_NonSampledZCs	16	static
nesl_sd.h:31:1:local_sim_data_MassMatrixPr	16	static
nesl_sd.h:31:1:local_sim_data_InputValues	16	static
nesl_sd.h:31:1:local_sim_data_InputOffsets	16	static
nesl_sd.h:31:1:local_sim_data_Tolerances	16	static
nesl_sd.h:31:1:local_sim_data_NumjacDxLo	16	static
nesl_sd.h:31:1:local_sim_data_NumjacDxHi	16	static
nesl_sd.h:31:1:local_sim_data_FoundZcEvents	16	static
nesl_sd.h:31:1:local_sim_data_IsMajorTimeStep	16	static
nesl_sd.h:31:1:local_sim_data_IsSolverAssertCheck	16	static
nesl_sd.h:31:1:local_sim_data_IsSolverCheckingCIC	16	static
nesl_sd.h:31:1:local_sim_data_IsComputingJacobian	16	static
nesl_sd.h:31:1:local_sim_data_IsEvaluatingF0	16	static
nesl_sd.h:31:1:local_sim_data_IsSolverRequestingReset	16	static
nesl_sd.h:31:1:local_sim_data_IsFundamentalSampleHit	16	static
nesl_sd.h:31:1:local_sim_data_CstateHasChanged	16	static
nesl_sd.h:31:1:local_sim_data_IsModeUpdateTimeStep	16	static
nesl_sd.h:32:1:local_sim_data_Residuals	16	static
nesl_sd.h:32:1:local_sim_data_LinJacobian	16	static
nesl_sd.h:32:1:local_sim_data_SolJacobianPr	16	static
nesl_sd.h:33:1:local_sim_data_M_P	16	static
nesl_sd.h:33:1:local_sim_data_LinJacobianPattern	16	static
nesl_sd.h:33:1:local_sim_data_SolJacobianPattern	16	static
nesl_sd.h:35:24:local_sim_data_destroy	32	static
nesl_sd.h:43:39:nesl_create_simulation_data	24	static
nesl_diag.h:16:38:neu_diagnostic_manager_get_initial_tree	24	static
nesl_diag.h:35:25:static_diagnostics_msg_buffer	4	static
nesl_diag.h:40:25:rtw_diagnostics_msg	32	static
nesl_diag.h:58:41:rtw_create_diagnostics	8	static
nesl_diag.h:67:29:error_buffer_is_empty	16	static
nesl_rtw_utils.h:34:34:nesl_lease_simulator	40	static
nesl_rtw_utils.h:49:24:nesl_erase_simulator	24	static
nesl_rtw_utils.h:54:24:nesl_destroy_registry	8	static
nesl_rtw_utils.h:58:24:nesl_simulator_noop_status	16	static
nesl_rtw_utils.h:62:27:nesl_initialize_simulator	40	static
nesl_rtw_utils.h:69:25:nesl_save_simdata	32	static
nesl_rtw_utils.h:80:24:nesl_restore_simdata	40	static
nesl_rtw_utils.h:93:24:nesl_destroy_simulation_data	16	static
nesl_rtw_utils.h:103:29:pointer_is_null	16	static
nesl_rtw_utils.h:107:27:double_pointer_shift	16	static
SIM0_627956e1_1_gateway.c:15:6:SIM0_627956e1_1_gateway	288	static
