smile.c:15:9:after	16	static
smile.c:19:9:before	16	static
smile.c:23:13:do_balance_v0	4	static
smile.c:26:13:zero_out_balance_v0	4	static
smile.c:29:6:ams_0	16	static
smile.c:37:6:ams_entry	16	static
smile.c:59:6:ams_idle	16	static
smile.c:74:6:ams_balance	16	static
smile.c:91:6:ams_precharge_drive_0	16	static
smile.c:99:6:ams_precharge_drive_close_air_minus	16	static
smile.c:117:6:ams_precharge_drive_close_precharge	16	static
smile.c:135:6:ams_precharge_drive_error	16	static
smile.c:141:6:ams_precharge_drive_wait	16	static
smile.c:159:6:ams_precharge_drive_close_air_plus	16	static
smile.c:177:6:ams_precharge_drive_open_precharge	16	static
smile.c:195:6:ams_precharge_drive_exit	16	static
smile.c:198:6:ams_precharge_drive	16	static
smile.c:245:6:ams_drive	16	static
smile.c:262:6:ams_error	16	static
smile.c:274:6:ams_precharge_charge_0	16	static
smile.c:277:6:ams_precharge_charge_start_charger	16	static
smile.c:295:6:ams_precharge_charge_close_air_minus	16	static
smile.c:313:6:ams_precharge_charge_error	16	static
smile.c:319:6:ams_precharge_charge_close_precharge	16	static
smile.c:336:6:ams_precharge_charge_wait	16	static
smile.c:354:6:ams_precharge_charge_close_air_plus	16	static
smile.c:372:6:ams_precharge_charge_open_precharge	16	static
smile.c:390:6:ams_precharge_charge_exit	16	static
smile.c:393:6:ams_precharge_charge	16	static
smile.c:438:6:ams_charge	16	static
smile.c:456:6:ams	8	static
