smile.c:15:16:end_cell_balancing	4	static
smile.c:19:16:do_cell_balancing	4	static
smile.c:23:13:ams_error	4	static
smile.c:34:13:ams_precharge_drive_close_air_minus_function	4	static
smile.c:52:13:ams_precharge_drive_close_precharge_function	4	static
smile.c:69:13:ams_precharge_drive_error_function	4	static
smile.c:74:13:ams_precharge_drive_wait_function	8	static
smile.c:91:13:ams_precharge_drive_close_air_plus_function	4	static
smile.c:109:13:ams_precharge_drive_open_precharge_function	4	static
smile.c:127:13:ams_precharge_drive_exit_function	4	static
smile.c:132:13:ams_precharge_drive_0_function	4	static
smile.c:142:13:ams_precharge_drive_entry_function	4	static
smile.c:153:13:ams_precharge_drive_function	16	static
smile.c:207:13:ams_drive_0_function	4	static
smile.c:217:13:ams_drive_drive_function	8	static
smile.c:227:13:ams_drive_end_drive_function	8	static
smile.c:256:13:ams_drive_exit_function	4	static
smile.c:261:13:ams_drive_force_quit_function	4	static
smile.c:266:13:ams_drive_function	16	static
smile.c:308:13:ams_error_0_function	4	static
smile.c:318:13:ams_error_error_detected_function	4	static
smile.c:334:13:ams_error_relays_opened_function	4	static
smile.c:345:13:ams_error_awaiting_error_resolution_function	4	static
smile.c:350:13:ams_error_function	16	static
smile.c:383:13:ams_precharge_charge_close_air_minus_function	4	static
smile.c:401:13:ams_precharge_charge_close_precharge_function	4	static
smile.c:418:13:ams_precharge_charge_error_function	4	static
smile.c:423:13:ams_precharge_charge_wait_function	8	static
smile.c:440:13:ams_precharge_charge_close_air_plus_function	4	static
smile.c:458:13:ams_precharge_charge_open_precharge_function	4	static
smile.c:476:13:ams_precharge_charge_exit_function	4	static
smile.c:481:13:ams_precharge_charge_0_function	4	static
smile.c:491:13:ams_precharge_charge_wake_charger_function	4	static
smile.c:508:13:ams_precharge_charge_function	16	static
smile.c:562:13:ams_charge_0_function	4	static
smile.c:572:13:ams_charge_charge_function	8	static
smile.c:583:13:ams_charge_end_charge_function	8	static
smile.c:612:13:ams_charge_exit_function	4	static
smile.c:617:13:ams_charge_force_quit_function	4	static
smile.c:622:13:ams_charge_function	16	static
smile.c:665:13:ams_idle_function	8	static
smile.c:686:13:ams_balance_0_function	4	static
smile.c:696:13:ams_balance_balance_function	8	static
smile.c:707:13:ams_balance_wait_function	4	static
smile.c:717:13:ams_balance_function	16	static
smile.c:748:13:ams_0_function	4	static
smile.c:758:13:ams_function	16	static
