smile.c:15:16:do_cell_balancing	4	static
smile.c:19:16:end_cell_balancing	4	static
smile.c:23:13:ams_error	4	static
smile.c:36:13:ams_error_0_function	4	static
smile.c:46:13:ams_error_error_detected_function	4	static
smile.c:60:13:ams_error_relays_opened_function	4	static
smile.c:71:13:ams_error_awaiting_error_resolution_function	4	static
smile.c:76:13:ams_error_function	16	static
smile.c:109:13:ams_main_precharge_drive_close_air_minus_function	4	static
smile.c:126:13:ams_main_precharge_drive_close_precharge_function	4	static
smile.c:142:13:ams_main_precharge_drive_error_function	4	static
smile.c:147:13:ams_main_precharge_drive_wait_function	8	static
smile.c:164:13:ams_main_precharge_drive_close_air_plus_function	4	static
smile.c:181:13:ams_main_precharge_drive_open_precharge_function	4	static
smile.c:198:13:ams_main_precharge_drive_exit_function	4	static
smile.c:203:13:ams_main_precharge_drive_0_function	4	static
smile.c:213:13:ams_main_precharge_drive_entry_function	4	static
smile.c:224:13:ams_main_precharge_drive_function	16	static
smile.c:273:13:ams_main_drive_0_function	4	static
smile.c:283:13:ams_main_drive_drive_function	8	static
smile.c:293:13:ams_main_drive_end_drive_function	8	static
smile.c:316:13:ams_main_drive_exit_function	4	static
smile.c:321:13:ams_main_drive_force_quit_function	4	static
smile.c:326:13:ams_main_drive_function	16	static
smile.c:363:13:ams_main_precharge_charge_close_air_minus_function	4	static
smile.c:380:13:ams_main_precharge_charge_close_precharge_function	4	static
smile.c:396:13:ams_main_precharge_charge_error_function	4	static
smile.c:401:13:ams_main_precharge_charge_wait_function	8	static
smile.c:418:13:ams_main_precharge_charge_close_air_plus_function	4	static
smile.c:435:13:ams_main_precharge_charge_open_precharge_function	4	static
smile.c:452:13:ams_main_precharge_charge_exit_function	4	static
smile.c:457:13:ams_main_precharge_charge_0_function	4	static
smile.c:467:13:ams_main_precharge_charge_wake_charger_function	4	static
smile.c:484:13:ams_main_precharge_charge_function	16	static
smile.c:533:13:ams_main_charge_0_function	4	static
smile.c:543:13:ams_main_charge_charge_function	8	static
smile.c:554:13:ams_main_charge_end_charge_function	8	static
smile.c:577:13:ams_main_charge_exit_function	4	static
smile.c:582:13:ams_main_charge_force_quit_function	4	static
smile.c:587:13:ams_main_charge_function	16	static
smile.c:624:13:ams_main_idle_function	8	static
smile.c:645:13:ams_main_balance_0_function	4	static
smile.c:655:13:ams_main_balance_balance_function	8	static
smile.c:666:13:ams_main_balance_wait_function	4	static
smile.c:676:13:ams_main_balance_function	16	static
smile.c:707:13:ams_main_0_function	4	static
smile.c:717:13:ams_main_function	16	static
smile.c:759:13:ams_0_function	4	static
smile.c:769:13:ams_function	16	static
