smile.c:15:16:end_cell_balancing	4	static
smile.c:19:16:do_cell_balancing	4	static
smile.c:23:13:ams_error	4	static
smile.c:34:13:ams_precharge_drive_close_air_minus_function	4	static
smile.c:51:13:ams_precharge_drive_close_precharge_function	4	static
smile.c:67:13:ams_precharge_drive_error_function	4	static
smile.c:72:13:ams_precharge_drive_wait_function	8	static
smile.c:89:13:ams_precharge_drive_close_air_plus_function	4	static
smile.c:106:13:ams_precharge_drive_open_precharge_function	4	static
smile.c:123:13:ams_precharge_drive_exit_function	4	static
smile.c:128:13:ams_precharge_drive_0_function	4	static
smile.c:138:13:ams_precharge_drive_entry_function	4	static
smile.c:149:13:ams_precharge_drive_function	16	static
smile.c:203:13:ams_drive_0_function	4	static
smile.c:213:13:ams_drive_drive_function	8	static
smile.c:223:13:ams_drive_end_drive_function	8	static
smile.c:246:13:ams_drive_exit_function	4	static
smile.c:251:13:ams_drive_force_quit_function	4	static
smile.c:256:13:ams_drive_function	16	static
smile.c:298:13:ams_error_0_function	4	static
smile.c:308:13:ams_error_error_detected_function	4	static
smile.c:321:13:ams_error_relays_opened_function	4	static
smile.c:332:13:ams_error_awaiting_error_resolution_function	4	static
smile.c:337:13:ams_error_function	16	static
smile.c:370:13:ams_precharge_charge_close_air_minus_function	4	static
smile.c:387:13:ams_precharge_charge_close_precharge_function	4	static
smile.c:403:13:ams_precharge_charge_error_function	4	static
smile.c:408:13:ams_precharge_charge_wait_function	8	static
smile.c:425:13:ams_precharge_charge_close_air_plus_function	4	static
smile.c:442:13:ams_precharge_charge_open_precharge_function	4	static
smile.c:459:13:ams_precharge_charge_exit_function	4	static
smile.c:464:13:ams_precharge_charge_0_function	4	static
smile.c:474:13:ams_precharge_charge_wake_charger_function	4	static
smile.c:491:13:ams_precharge_charge_function	16	static
smile.c:545:13:ams_charge_0_function	4	static
smile.c:555:13:ams_charge_charge_function	8	static
smile.c:566:13:ams_charge_end_charge_function	8	static
smile.c:589:13:ams_charge_exit_function	4	static
smile.c:594:13:ams_charge_force_quit_function	4	static
smile.c:599:13:ams_charge_function	16	static
smile.c:642:13:ams_idle_function	8	static
smile.c:663:13:ams_balance_0_function	4	static
smile.c:673:13:ams_balance_balance_function	8	static
smile.c:684:13:ams_balance_wait_function	4	static
smile.c:694:13:ams_balance_function	16	static
smile.c:725:13:ams_0_function	4	static
smile.c:735:13:ams_function	16	static
