can1.c:35:23:pack_left_shift_u8	16	static
can1.c:43:23:pack_left_shift_u16	16	static
can1.c:51:23:pack_left_shift_u32	16	static
can1.c:59:23:pack_right_shift_u8	16	static
can1.c:67:23:pack_right_shift_u16	16	static
can1.c:75:23:pack_right_shift_u32	16	static
can1.c:83:23:unpack_left_shift_u8	16	static
can1.c:91:24:unpack_left_shift_u16	16	static
can1.c:99:24:unpack_left_shift_u32	16	static
can1.c:107:23:unpack_right_shift_u8	16	static
can1.c:115:24:unpack_right_shift_u16	16	static
can1.c:123:24:unpack_right_shift_u32	16	static
can1.c:131:5:can1_ams_status_1_pack	32	static
can1.c:165:5:can1_ams_status_1_unpack	32	static
can1.c:207:9:can1_ams_status_1_air1_closed_encode	16	static
can1.c:212:8:can1_ams_status_1_air1_closed_decode	16	static
can1.c:217:6:can1_ams_status_1_air1_closed_is_in_range	16	static
can1.c:222:9:can1_ams_status_1_air2_closed_encode	16	static
can1.c:227:8:can1_ams_status_1_air2_closed_decode	16	static
can1.c:232:6:can1_ams_status_1_air2_closed_is_in_range	16	static
can1.c:237:9:can1_ams_status_1_sc_closed_encode	16	static
can1.c:242:8:can1_ams_status_1_sc_closed_decode	16	static
can1.c:247:6:can1_ams_status_1_sc_closed_is_in_range	16	static
can1.c:252:9:can1_ams_status_1_pre_charge_status_encode	16	static
can1.c:257:8:can1_ams_status_1_pre_charge_status_decode	16	static
can1.c:262:6:can1_ams_status_1_pre_charge_status_is_in_range	16	static
can1.c:267:9:can1_ams_status_1_ams_error_encode	16	static
can1.c:272:8:can1_ams_status_1_ams_error_decode	16	static
can1.c:277:6:can1_ams_status_1_ams_error_is_in_range	16	static
can1.c:282:9:can1_ams_status_1_imd_error_encode	16	static
can1.c:287:8:can1_ams_status_1_imd_error_decode	16	static
can1.c:292:6:can1_ams_status_1_imd_error_is_in_range	16	static
can1.c:297:9:can1_ams_status_1_state_of_charge_encode	16	static
can1.c:302:8:can1_ams_status_1_state_of_charge_decode	16	static
can1.c:307:6:can1_ams_status_1_state_of_charge_is_in_range	16	static
can1.c:312:9:can1_ams_status_1_min_cell_voltage_encode	16	static
can1.c:317:8:can1_ams_status_1_min_cell_voltage_decode	16	static
can1.c:322:6:can1_ams_status_1_min_cell_voltage_is_in_range	16	static
can1.c:329:9:can1_ams_status_1_max_cell_voltage_encode	16	static
can1.c:334:8:can1_ams_status_1_max_cell_voltage_decode	16	static
can1.c:339:6:can1_ams_status_1_max_cell_voltage_is_in_range	16	static
can1.c:346:9:can1_ams_status_1_min_cell_temperature_encode	16	static
can1.c:351:8:can1_ams_status_1_min_cell_temperature_decode	16	static
can1.c:356:6:can1_ams_status_1_min_cell_temperature_is_in_range	16	static
can1.c:361:9:can1_ams_status_1_max_cell_temperature_encode	16	static
can1.c:366:8:can1_ams_status_1_max_cell_temperature_decode	16	static
can1.c:371:6:can1_ams_status_1_max_cell_temperature_is_in_range	16	static
can1.c:376:9:can1_ams_status_1_fan_speed_encode	16	static
can1.c:381:8:can1_ams_status_1_fan_speed_decode	16	static
can1.c:386:6:can1_ams_status_1_fan_speed_is_in_range	16	static
can1.c:391:5:can1_dv_driving_dynamics_1_pack	32	static
can1.c:423:5:can1_dv_driving_dynamics_1_unpack	32	static
can1.c:453:9:can1_dv_driving_dynamics_1_speed_actual_encode	16	static
can1.c:458:8:can1_dv_driving_dynamics_1_speed_actual_decode	16	static
can1.c:463:6:can1_dv_driving_dynamics_1_speed_actual_is_in_range	16	static
can1.c:470:9:can1_dv_driving_dynamics_1_speed_target_encode	16	static
can1.c:475:8:can1_dv_driving_dynamics_1_speed_target_decode	16	static
can1.c:480:6:can1_dv_driving_dynamics_1_speed_target_is_in_range	16	static
can1.c:487:8:can1_dv_driving_dynamics_1_steering_angle_actual_encode	16	static
can1.c:492:8:can1_dv_driving_dynamics_1_steering_angle_actual_decode	16	static
can1.c:497:6:can1_dv_driving_dynamics_1_steering_angle_actual_is_in_range	16	static
can1.c:504:8:can1_dv_driving_dynamics_1_steering_angle_target_encode	16	static
can1.c:509:8:can1_dv_driving_dynamics_1_steering_angle_target_decode	16	static
can1.c:514:6:can1_dv_driving_dynamics_1_steering_angle_target_is_in_range	16	static
can1.c:521:9:can1_dv_driving_dynamics_1_brake_hydr_actual_encode	16	static
can1.c:526:8:can1_dv_driving_dynamics_1_brake_hydr_actual_decode	16	static
can1.c:531:6:can1_dv_driving_dynamics_1_brake_hydr_actual_is_in_range	16	static
can1.c:538:9:can1_dv_driving_dynamics_1_brake_hydr_target_encode	16	static
can1.c:543:8:can1_dv_driving_dynamics_1_brake_hydr_target_decode	16	static
can1.c:548:6:can1_dv_driving_dynamics_1_brake_hydr_target_is_in_range	16	static
can1.c:555:8:can1_dv_driving_dynamics_1_motor_moment_actual_encode	16	static
can1.c:560:8:can1_dv_driving_dynamics_1_motor_moment_actual_decode	16	static
can1.c:565:6:can1_dv_driving_dynamics_1_motor_moment_actual_is_in_range	16	static
can1.c:572:8:can1_dv_driving_dynamics_1_motor_moment_target_encode	16	static
can1.c:577:8:can1_dv_driving_dynamics_1_motor_moment_target_decode	16	static
can1.c:582:6:can1_dv_driving_dynamics_1_motor_moment_target_is_in_range	16	static
can1.c:589:5:can1_dv_driving_dynamics_2_pack	32	static
can1.c:614:5:can1_dv_driving_dynamics_2_unpack	32	static
can1.c:637:8:can1_dv_driving_dynamics_2_acceleration_longitudinal_encode	16	static
can1.c:642:8:can1_dv_driving_dynamics_2_acceleration_longitudinal_decode	16	static
can1.c:647:6:can1_dv_driving_dynamics_2_acceleration_longitudinal_is_in_range	16	static
can1.c:654:8:can1_dv_driving_dynamics_2_acceleration_lateral_encode	16	static
can1.c:659:8:can1_dv_driving_dynamics_2_acceleration_lateral_decode	16	static
can1.c:664:6:can1_dv_driving_dynamics_2_acceleration_lateral_is_in_range	16	static
can1.c:671:8:can1_dv_driving_dynamics_2_yaw_rate_encode	16	static
can1.c:676:8:can1_dv_driving_dynamics_2_yaw_rate_decode	16	static
can1.c:681:6:can1_dv_driving_dynamics_2_yaw_rate_is_in_range	16	static
can1.c:688:5:can1_dv_system_status_pack	24	static
can1.c:714:5:can1_dv_system_status_unpack	24	static
can1.c:738:9:can1_dv_system_status_as_state_encode	16	static
can1.c:743:8:can1_dv_system_status_as_state_decode	16	static
can1.c:748:6:can1_dv_system_status_as_state_is_in_range	16	static
can1.c:753:9:can1_dv_system_status_ebs_state_encode	16	static
can1.c:758:8:can1_dv_system_status_ebs_state_decode	16	static
can1.c:763:6:can1_dv_system_status_ebs_state_is_in_range	16	static
can1.c:768:9:can1_dv_system_status_ami_state_encode	16	static
can1.c:773:8:can1_dv_system_status_ami_state_decode	16	static
can1.c:778:6:can1_dv_system_status_ami_state_is_in_range	16	static
can1.c:783:9:can1_dv_system_status_steering_state_encode	16	static
can1.c:788:8:can1_dv_system_status_steering_state_decode	16	static
can1.c:793:6:can1_dv_system_status_steering_state_is_in_range	16	static
can1.c:798:9:can1_dv_system_status_service_brake_state_encode	16	static
can1.c:803:8:can1_dv_system_status_service_brake_state_decode	16	static
can1.c:808:6:can1_dv_system_status_service_brake_state_is_in_range	16	static
can1.c:813:9:can1_dv_system_status_lap_counter_encode	16	static
can1.c:818:8:can1_dv_system_status_lap_counter_decode	16	static
can1.c:823:6:can1_dv_system_status_lap_counter_is_in_range	16	static
can1.c:828:9:can1_dv_system_status_cones_count_actual_encode	16	static
can1.c:833:8:can1_dv_system_status_cones_count_actual_decode	16	static
can1.c:838:6:can1_dv_system_status_cones_count_actual_is_in_range	16	static
can1.c:845:10:can1_dv_system_status_cones_count_all_encode	16	static
can1.c:850:8:can1_dv_system_status_cones_count_all_decode	16	static
can1.c:855:6:can1_dv_system_status_cones_count_all_is_in_range	16	static
can1.c:860:5:can1_res_status_pack	24	static
can1.c:879:5:can1_res_status_unpack	24	static
can1.c:896:9:can1_res_status_e_stop_encode	16	static
can1.c:901:8:can1_res_status_e_stop_decode	16	static
can1.c:906:6:can1_res_status_e_stop_is_in_range	16	static
can1.c:911:9:can1_res_status_switch_status_encode	16	static
can1.c:916:8:can1_res_status_switch_status_decode	16	static
can1.c:921:6:can1_res_status_switch_status_is_in_range	16	static
can1.c:926:9:can1_res_status_button_status_encode	16	static
can1.c:931:8:can1_res_status_button_status_decode	16	static
can1.c:936:6:can1_res_status_button_status_is_in_range	16	static
can1.c:941:9:can1_res_status_e_stop_redundancy_encode	16	static
can1.c:946:8:can1_res_status_e_stop_redundancy_decode	16	static
can1.c:951:6:can1_res_status_e_stop_redundancy_is_in_range	16	static
can1.c:956:5:can1_res_initialization_pack	24	static
can1.c:972:5:can1_res_initialization_unpack	24	static
can1.c:986:9:can1_res_initialization_res_init_encode	16	static
can1.c:991:8:can1_res_initialization_res_init_decode	16	static
can1.c:996:6:can1_res_initialization_res_init_is_in_range	16	static
can1.c:1003:5:can1_res_ntm_node_control_pack	24	static
can1.c:1020:5:can1_res_ntm_node_control_unpack	24	static
can1.c:1035:9:can1_res_ntm_node_control_requested_state_encode	16	static
can1.c:1040:8:can1_res_ntm_node_control_requested_state_decode	16	static
can1.c:1045:6:can1_res_ntm_node_control_requested_state_is_in_range	16	static
can1.c:1052:9:can1_res_ntm_node_control_node_id_encode	16	static
can1.c:1057:8:can1_res_ntm_node_control_node_id_decode	16	static
can1.c:1062:6:can1_res_ntm_node_control_node_id_is_in_range	16	static
can1.c:1069:5:can1_swu_status_pack	32	static
can1.c:1105:5:can1_swu_status_unpack	32	static
can1.c:1139:9:can1_swu_status_button_1_encode	16	static
can1.c:1144:8:can1_swu_status_button_1_decode	16	static
can1.c:1149:6:can1_swu_status_button_1_is_in_range	16	static
can1.c:1154:9:can1_swu_status_button_2_encode	16	static
can1.c:1159:8:can1_swu_status_button_2_decode	16	static
can1.c:1164:6:can1_swu_status_button_2_is_in_range	16	static
can1.c:1169:9:can1_swu_status_button_3_encode	16	static
can1.c:1174:8:can1_swu_status_button_3_decode	16	static
can1.c:1179:6:can1_swu_status_button_3_is_in_range	16	static
can1.c:1184:9:can1_swu_status_button_4_encode	16	static
can1.c:1189:8:can1_swu_status_button_4_decode	16	static
can1.c:1194:6:can1_swu_status_button_4_is_in_range	16	static
can1.c:1199:9:can1_swu_status_button_5_encode	16	static
can1.c:1204:8:can1_swu_status_button_5_decode	16	static
can1.c:1209:6:can1_swu_status_button_5_is_in_range	16	static
can1.c:1214:9:can1_swu_status_button_6_encode	16	static
can1.c:1219:8:can1_swu_status_button_6_decode	16	static
can1.c:1224:6:can1_swu_status_button_6_is_in_range	16	static
can1.c:1229:9:can1_swu_status_rotary_switch_1_encode	16	static
can1.c:1234:8:can1_swu_status_rotary_switch_1_decode	16	static
can1.c:1239:6:can1_swu_status_rotary_switch_1_is_in_range	16	static
can1.c:1244:9:can1_swu_status_rotary_switch_2_encode	16	static
can1.c:1249:8:can1_swu_status_rotary_switch_2_decode	16	static
can1.c:1254:6:can1_swu_status_rotary_switch_2_is_in_range	16	static
can1.c:1259:9:can1_swu_status_rotary_switch_3_encode	16	static
can1.c:1264:8:can1_swu_status_rotary_switch_3_decode	16	static
can1.c:1269:6:can1_swu_status_rotary_switch_3_is_in_range	16	static
can1.c:1274:9:can1_swu_status_rotary_switch_4_encode	16	static
can1.c:1279:8:can1_swu_status_rotary_switch_4_decode	16	static
can1.c:1284:6:can1_swu_status_rotary_switch_4_is_in_range	16	static
can1.c:1289:9:can1_swu_status_encoder_1_button_encode	16	static
can1.c:1294:8:can1_swu_status_encoder_1_button_decode	16	static
can1.c:1299:6:can1_swu_status_encoder_1_button_is_in_range	16	static
can1.c:1304:9:can1_swu_status_encoder_2_button_encode	16	static
can1.c:1309:8:can1_swu_status_encoder_2_button_decode	16	static
can1.c:1314:6:can1_swu_status_encoder_2_button_is_in_range	16	static
can1.c:1319:8:can1_swu_status_encoder_1_encode	16	static
can1.c:1324:8:can1_swu_status_encoder_1_decode	16	static
can1.c:1329:6:can1_swu_status_encoder_1_is_in_range	16	static
can1.c:1336:8:can1_swu_status_encoder_2_encode	16	static
can1.c:1341:8:can1_swu_status_encoder_2_decode	16	static
can1.c:1346:6:can1_swu_status_encoder_2_is_in_range	16	static
can1.c:1353:5:can1_dbu_status_1_pack	32	static
can1.c:1375:5:can1_dbu_status_1_unpack	32	static
can1.c:1400:9:can1_dbu_status_1_activate_ts_button_encode	16	static
can1.c:1405:8:can1_dbu_status_1_activate_ts_button_decode	16	static
can1.c:1410:6:can1_dbu_status_1_activate_ts_button_is_in_range	16	static
can1.c:1415:9:can1_dbu_status_1_ready_to_drive_button_encode	16	static
can1.c:1420:8:can1_dbu_status_1_ready_to_drive_button_decode	16	static
can1.c:1425:6:can1_dbu_status_1_ready_to_drive_button_is_in_range	16	static
can1.c:1430:9:can1_dbu_status_1_dbu_temperature_encode	16	static
can1.c:1435:8:can1_dbu_status_1_dbu_temperature_decode	16	static
can1.c:1440:6:can1_dbu_status_1_dbu_temperature_is_in_range	16	static
can1.c:1445:5:can1_ams_temperatures_pack	32	static
can1.c:1477:5:can1_ams_temperatures_unpack	32	static
can1.c:1527:9:can1_ams_temperatures_pre_charge_resistor_temperature_encode	16	static
can1.c:1532:8:can1_ams_temperatures_pre_charge_resistor_temperature_decode	16	static
can1.c:1537:6:can1_ams_temperatures_pre_charge_resistor_temperature_is_in_range	16	static
can1.c:1542:9:can1_ams_temperatures_fuse_resistor_temperature_encode	16	static
can1.c:1547:8:can1_ams_temperatures_fuse_resistor_temperature_decode	16	static
can1.c:1552:6:can1_ams_temperatures_fuse_resistor_temperature_is_in_range	16	static
can1.c:1557:9:can1_ams_temperatures_aux_1_temperature_encode	16	static
can1.c:1562:8:can1_ams_temperatures_aux_1_temperature_decode	16	static
can1.c:1567:6:can1_ams_temperatures_aux_1_temperature_is_in_range	16	static
can1.c:1572:9:can1_ams_temperatures_aux_2_temperature_encode	16	static
can1.c:1577:8:can1_ams_temperatures_aux_2_temperature_decode	16	static
can1.c:1582:6:can1_ams_temperatures_aux_2_temperature_is_in_range	16	static
can1.c:1587:5:can1_ams_cell_voltages_pack	24	static
can1.c:1807:5:can1_ams_cell_voltages_unpack	24	static
can1.c:2025:9:can1_ams_cell_voltages_voltage_multiplexor_encode	16	static
can1.c:2030:8:can1_ams_cell_voltages_voltage_multiplexor_decode	16	static
can1.c:2035:6:can1_ams_cell_voltages_voltage_multiplexor_is_in_range	16	static
can1.c:2042:9:can1_ams_cell_voltages_v1s1_encode	16	static
can1.c:2047:8:can1_ams_cell_voltages_v1s1_decode	16	static
can1.c:2052:6:can1_ams_cell_voltages_v1s1_is_in_range	16	static
can1.c:2059:9:can1_ams_cell_voltages_v7s1_encode	16	static
can1.c:2064:8:can1_ams_cell_voltages_v7s1_decode	16	static
can1.c:2069:6:can1_ams_cell_voltages_v7s1_is_in_range	16	static
can1.c:2076:9:can1_ams_cell_voltages_v1s2_encode	16	static
can1.c:2081:8:can1_ams_cell_voltages_v1s2_decode	16	static
can1.c:2086:6:can1_ams_cell_voltages_v1s2_is_in_range	16	static
can1.c:2093:9:can1_ams_cell_voltages_v7s2_encode	16	static
can1.c:2098:8:can1_ams_cell_voltages_v7s2_decode	16	static
can1.c:2103:6:can1_ams_cell_voltages_v7s2_is_in_range	16	static
can1.c:2110:9:can1_ams_cell_voltages_v1s3_encode	16	static
can1.c:2115:8:can1_ams_cell_voltages_v1s3_decode	16	static
can1.c:2120:6:can1_ams_cell_voltages_v1s3_is_in_range	16	static
can1.c:2127:9:can1_ams_cell_voltages_v7s3_encode	16	static
can1.c:2132:8:can1_ams_cell_voltages_v7s3_decode	16	static
can1.c:2137:6:can1_ams_cell_voltages_v7s3_is_in_range	16	static
can1.c:2144:9:can1_ams_cell_voltages_v1s4_encode	16	static
can1.c:2149:8:can1_ams_cell_voltages_v1s4_decode	16	static
can1.c:2154:6:can1_ams_cell_voltages_v1s4_is_in_range	16	static
can1.c:2161:9:can1_ams_cell_voltages_v7s4_encode	16	static
can1.c:2166:8:can1_ams_cell_voltages_v7s4_decode	16	static
can1.c:2171:6:can1_ams_cell_voltages_v7s4_is_in_range	16	static
can1.c:2178:9:can1_ams_cell_voltages_v1s5_encode	16	static
can1.c:2183:8:can1_ams_cell_voltages_v1s5_decode	16	static
can1.c:2188:6:can1_ams_cell_voltages_v1s5_is_in_range	16	static
can1.c:2195:9:can1_ams_cell_voltages_v7s5_encode	16	static
can1.c:2200:8:can1_ams_cell_voltages_v7s5_decode	16	static
can1.c:2205:6:can1_ams_cell_voltages_v7s5_is_in_range	16	static
can1.c:2212:9:can1_ams_cell_voltages_v1s6_encode	16	static
can1.c:2217:8:can1_ams_cell_voltages_v1s6_decode	16	static
can1.c:2222:6:can1_ams_cell_voltages_v1s6_is_in_range	16	static
can1.c:2229:9:can1_ams_cell_voltages_v7s6_encode	16	static
can1.c:2234:8:can1_ams_cell_voltages_v7s6_decode	16	static
can1.c:2239:6:can1_ams_cell_voltages_v7s6_is_in_range	16	static
can1.c:2246:9:can1_ams_cell_voltages_v1s7_encode	16	static
can1.c:2251:8:can1_ams_cell_voltages_v1s7_decode	16	static
can1.c:2256:6:can1_ams_cell_voltages_v1s7_is_in_range	16	static
can1.c:2263:9:can1_ams_cell_voltages_v7s7_encode	16	static
can1.c:2268:8:can1_ams_cell_voltages_v7s7_decode	16	static
can1.c:2273:6:can1_ams_cell_voltages_v7s7_is_in_range	16	static
can1.c:2280:9:can1_ams_cell_voltages_v1s8_encode	16	static
can1.c:2285:8:can1_ams_cell_voltages_v1s8_decode	16	static
can1.c:2290:6:can1_ams_cell_voltages_v1s8_is_in_range	16	static
can1.c:2297:9:can1_ams_cell_voltages_v7s8_encode	16	static
can1.c:2302:8:can1_ams_cell_voltages_v7s8_decode	16	static
can1.c:2307:6:can1_ams_cell_voltages_v7s8_is_in_range	16	static
can1.c:2314:9:can1_ams_cell_voltages_v1s9_encode	16	static
can1.c:2319:8:can1_ams_cell_voltages_v1s9_decode	16	static
can1.c:2324:6:can1_ams_cell_voltages_v1s9_is_in_range	16	static
can1.c:2331:9:can1_ams_cell_voltages_v7s9_encode	16	static
can1.c:2336:8:can1_ams_cell_voltages_v7s9_decode	16	static
can1.c:2341:6:can1_ams_cell_voltages_v7s9_is_in_range	16	static
can1.c:2348:9:can1_ams_cell_voltages_v1s10_encode	16	static
can1.c:2353:8:can1_ams_cell_voltages_v1s10_decode	16	static
can1.c:2358:6:can1_ams_cell_voltages_v1s10_is_in_range	16	static
can1.c:2365:9:can1_ams_cell_voltages_v7s10_encode	16	static
can1.c:2370:8:can1_ams_cell_voltages_v7s10_decode	16	static
can1.c:2375:6:can1_ams_cell_voltages_v7s10_is_in_range	16	static
can1.c:2382:9:can1_ams_cell_voltages_v1s11_encode	16	static
can1.c:2387:8:can1_ams_cell_voltages_v1s11_decode	16	static
can1.c:2392:6:can1_ams_cell_voltages_v1s11_is_in_range	16	static
can1.c:2399:9:can1_ams_cell_voltages_v7s11_encode	16	static
can1.c:2404:8:can1_ams_cell_voltages_v7s11_decode	16	static
can1.c:2409:6:can1_ams_cell_voltages_v7s11_is_in_range	16	static
can1.c:2416:9:can1_ams_cell_voltages_v1s12_encode	16	static
can1.c:2421:8:can1_ams_cell_voltages_v1s12_decode	16	static
can1.c:2426:6:can1_ams_cell_voltages_v1s12_is_in_range	16	static
can1.c:2433:9:can1_ams_cell_voltages_v7s12_encode	16	static
can1.c:2438:8:can1_ams_cell_voltages_v7s12_decode	16	static
can1.c:2443:6:can1_ams_cell_voltages_v7s12_is_in_range	16	static
can1.c:2450:9:can1_ams_cell_voltages_v2s1_encode	16	static
can1.c:2455:8:can1_ams_cell_voltages_v2s1_decode	16	static
can1.c:2460:6:can1_ams_cell_voltages_v2s1_is_in_range	16	static
can1.c:2467:9:can1_ams_cell_voltages_v8s1_encode	16	static
can1.c:2472:8:can1_ams_cell_voltages_v8s1_decode	16	static
can1.c:2477:6:can1_ams_cell_voltages_v8s1_is_in_range	16	static
can1.c:2484:9:can1_ams_cell_voltages_v2s2_encode	16	static
can1.c:2489:8:can1_ams_cell_voltages_v2s2_decode	16	static
can1.c:2494:6:can1_ams_cell_voltages_v2s2_is_in_range	16	static
can1.c:2501:9:can1_ams_cell_voltages_v8s2_encode	16	static
can1.c:2506:8:can1_ams_cell_voltages_v8s2_decode	16	static
can1.c:2511:6:can1_ams_cell_voltages_v8s2_is_in_range	16	static
can1.c:2518:9:can1_ams_cell_voltages_v2s3_encode	16	static
can1.c:2523:8:can1_ams_cell_voltages_v2s3_decode	16	static
can1.c:2528:6:can1_ams_cell_voltages_v2s3_is_in_range	16	static
can1.c:2535:9:can1_ams_cell_voltages_v8s3_encode	16	static
can1.c:2540:8:can1_ams_cell_voltages_v8s3_decode	16	static
can1.c:2545:6:can1_ams_cell_voltages_v8s3_is_in_range	16	static
can1.c:2552:9:can1_ams_cell_voltages_v2s4_encode	16	static
can1.c:2557:8:can1_ams_cell_voltages_v2s4_decode	16	static
can1.c:2562:6:can1_ams_cell_voltages_v2s4_is_in_range	16	static
can1.c:2569:9:can1_ams_cell_voltages_v8s4_encode	16	static
can1.c:2574:8:can1_ams_cell_voltages_v8s4_decode	16	static
can1.c:2579:6:can1_ams_cell_voltages_v8s4_is_in_range	16	static
can1.c:2586:9:can1_ams_cell_voltages_v2s5_encode	16	static
can1.c:2591:8:can1_ams_cell_voltages_v2s5_decode	16	static
can1.c:2596:6:can1_ams_cell_voltages_v2s5_is_in_range	16	static
can1.c:2603:9:can1_ams_cell_voltages_v8s5_encode	16	static
can1.c:2608:8:can1_ams_cell_voltages_v8s5_decode	16	static
can1.c:2613:6:can1_ams_cell_voltages_v8s5_is_in_range	16	static
can1.c:2620:9:can1_ams_cell_voltages_v2s6_encode	16	static
can1.c:2625:8:can1_ams_cell_voltages_v2s6_decode	16	static
can1.c:2630:6:can1_ams_cell_voltages_v2s6_is_in_range	16	static
can1.c:2637:9:can1_ams_cell_voltages_v8s6_encode	16	static
can1.c:2642:8:can1_ams_cell_voltages_v8s6_decode	16	static
can1.c:2647:6:can1_ams_cell_voltages_v8s6_is_in_range	16	static
can1.c:2654:9:can1_ams_cell_voltages_v2s7_encode	16	static
can1.c:2659:8:can1_ams_cell_voltages_v2s7_decode	16	static
can1.c:2664:6:can1_ams_cell_voltages_v2s7_is_in_range	16	static
can1.c:2671:9:can1_ams_cell_voltages_v8s7_encode	16	static
can1.c:2676:8:can1_ams_cell_voltages_v8s7_decode	16	static
can1.c:2681:6:can1_ams_cell_voltages_v8s7_is_in_range	16	static
can1.c:2688:9:can1_ams_cell_voltages_v2s8_encode	16	static
can1.c:2693:8:can1_ams_cell_voltages_v2s8_decode	16	static
can1.c:2698:6:can1_ams_cell_voltages_v2s8_is_in_range	16	static
can1.c:2705:9:can1_ams_cell_voltages_v8s8_encode	16	static
can1.c:2710:8:can1_ams_cell_voltages_v8s8_decode	16	static
can1.c:2715:6:can1_ams_cell_voltages_v8s8_is_in_range	16	static
can1.c:2722:9:can1_ams_cell_voltages_v2s9_encode	16	static
can1.c:2727:8:can1_ams_cell_voltages_v2s9_decode	16	static
can1.c:2732:6:can1_ams_cell_voltages_v2s9_is_in_range	16	static
can1.c:2739:9:can1_ams_cell_voltages_v8s9_encode	16	static
can1.c:2744:8:can1_ams_cell_voltages_v8s9_decode	16	static
can1.c:2749:6:can1_ams_cell_voltages_v8s9_is_in_range	16	static
can1.c:2756:9:can1_ams_cell_voltages_v2s10_encode	16	static
can1.c:2761:8:can1_ams_cell_voltages_v2s10_decode	16	static
can1.c:2766:6:can1_ams_cell_voltages_v2s10_is_in_range	16	static
can1.c:2773:9:can1_ams_cell_voltages_v8s10_encode	16	static
can1.c:2778:8:can1_ams_cell_voltages_v8s10_decode	16	static
can1.c:2783:6:can1_ams_cell_voltages_v8s10_is_in_range	16	static
can1.c:2790:9:can1_ams_cell_voltages_v2s11_encode	16	static
can1.c:2795:8:can1_ams_cell_voltages_v2s11_decode	16	static
can1.c:2800:6:can1_ams_cell_voltages_v2s11_is_in_range	16	static
can1.c:2807:9:can1_ams_cell_voltages_v8s11_encode	16	static
can1.c:2812:8:can1_ams_cell_voltages_v8s11_decode	16	static
can1.c:2817:6:can1_ams_cell_voltages_v8s11_is_in_range	16	static
can1.c:2824:9:can1_ams_cell_voltages_v2s12_encode	16	static
can1.c:2829:8:can1_ams_cell_voltages_v2s12_decode	16	static
can1.c:2834:6:can1_ams_cell_voltages_v2s12_is_in_range	16	static
can1.c:2841:9:can1_ams_cell_voltages_v8s12_encode	16	static
can1.c:2846:8:can1_ams_cell_voltages_v8s12_decode	16	static
can1.c:2851:6:can1_ams_cell_voltages_v8s12_is_in_range	16	static
can1.c:2858:9:can1_ams_cell_voltages_v3s1_encode	16	static
can1.c:2863:8:can1_ams_cell_voltages_v3s1_decode	16	static
can1.c:2868:6:can1_ams_cell_voltages_v3s1_is_in_range	16	static
can1.c:2875:9:can1_ams_cell_voltages_v9s1_encode	16	static
can1.c:2880:8:can1_ams_cell_voltages_v9s1_decode	16	static
can1.c:2885:6:can1_ams_cell_voltages_v9s1_is_in_range	16	static
can1.c:2892:9:can1_ams_cell_voltages_v3s2_encode	16	static
can1.c:2897:8:can1_ams_cell_voltages_v3s2_decode	16	static
can1.c:2902:6:can1_ams_cell_voltages_v3s2_is_in_range	16	static
can1.c:2909:9:can1_ams_cell_voltages_v9s2_encode	16	static
can1.c:2914:8:can1_ams_cell_voltages_v9s2_decode	16	static
can1.c:2919:6:can1_ams_cell_voltages_v9s2_is_in_range	16	static
can1.c:2926:9:can1_ams_cell_voltages_v3s3_encode	16	static
can1.c:2931:8:can1_ams_cell_voltages_v3s3_decode	16	static
can1.c:2936:6:can1_ams_cell_voltages_v3s3_is_in_range	16	static
can1.c:2943:9:can1_ams_cell_voltages_v9s3_encode	16	static
can1.c:2948:8:can1_ams_cell_voltages_v9s3_decode	16	static
can1.c:2953:6:can1_ams_cell_voltages_v9s3_is_in_range	16	static
can1.c:2960:9:can1_ams_cell_voltages_v3s4_encode	16	static
can1.c:2965:8:can1_ams_cell_voltages_v3s4_decode	16	static
can1.c:2970:6:can1_ams_cell_voltages_v3s4_is_in_range	16	static
can1.c:2977:9:can1_ams_cell_voltages_v9s4_encode	16	static
can1.c:2982:8:can1_ams_cell_voltages_v9s4_decode	16	static
can1.c:2987:6:can1_ams_cell_voltages_v9s4_is_in_range	16	static
can1.c:2994:9:can1_ams_cell_voltages_v3s5_encode	16	static
can1.c:2999:8:can1_ams_cell_voltages_v3s5_decode	16	static
can1.c:3004:6:can1_ams_cell_voltages_v3s5_is_in_range	16	static
can1.c:3011:9:can1_ams_cell_voltages_v9s5_encode	16	static
can1.c:3016:8:can1_ams_cell_voltages_v9s5_decode	16	static
can1.c:3021:6:can1_ams_cell_voltages_v9s5_is_in_range	16	static
can1.c:3028:9:can1_ams_cell_voltages_v3s6_encode	16	static
can1.c:3033:8:can1_ams_cell_voltages_v3s6_decode	16	static
can1.c:3038:6:can1_ams_cell_voltages_v3s6_is_in_range	16	static
can1.c:3045:9:can1_ams_cell_voltages_v9s6_encode	16	static
can1.c:3050:8:can1_ams_cell_voltages_v9s6_decode	16	static
can1.c:3055:6:can1_ams_cell_voltages_v9s6_is_in_range	16	static
can1.c:3062:9:can1_ams_cell_voltages_v3s7_encode	16	static
can1.c:3067:8:can1_ams_cell_voltages_v3s7_decode	16	static
can1.c:3072:6:can1_ams_cell_voltages_v3s7_is_in_range	16	static
can1.c:3079:9:can1_ams_cell_voltages_v9s7_encode	16	static
can1.c:3084:8:can1_ams_cell_voltages_v9s7_decode	16	static
can1.c:3089:6:can1_ams_cell_voltages_v9s7_is_in_range	16	static
can1.c:3096:9:can1_ams_cell_voltages_v3s8_encode	16	static
can1.c:3101:8:can1_ams_cell_voltages_v3s8_decode	16	static
can1.c:3106:6:can1_ams_cell_voltages_v3s8_is_in_range	16	static
can1.c:3113:9:can1_ams_cell_voltages_v9s8_encode	16	static
can1.c:3118:8:can1_ams_cell_voltages_v9s8_decode	16	static
can1.c:3123:6:can1_ams_cell_voltages_v9s8_is_in_range	16	static
can1.c:3130:9:can1_ams_cell_voltages_v3s9_encode	16	static
can1.c:3135:8:can1_ams_cell_voltages_v3s9_decode	16	static
can1.c:3140:6:can1_ams_cell_voltages_v3s9_is_in_range	16	static
can1.c:3147:9:can1_ams_cell_voltages_v9s9_encode	16	static
can1.c:3152:8:can1_ams_cell_voltages_v9s9_decode	16	static
can1.c:3157:6:can1_ams_cell_voltages_v9s9_is_in_range	16	static
can1.c:3164:9:can1_ams_cell_voltages_v3s10_encode	16	static
can1.c:3169:8:can1_ams_cell_voltages_v3s10_decode	16	static
can1.c:3174:6:can1_ams_cell_voltages_v3s10_is_in_range	16	static
can1.c:3181:9:can1_ams_cell_voltages_v9s10_encode	16	static
can1.c:3186:8:can1_ams_cell_voltages_v9s10_decode	16	static
can1.c:3191:6:can1_ams_cell_voltages_v9s10_is_in_range	16	static
can1.c:3198:9:can1_ams_cell_voltages_v3s11_encode	16	static
can1.c:3203:8:can1_ams_cell_voltages_v3s11_decode	16	static
can1.c:3208:6:can1_ams_cell_voltages_v3s11_is_in_range	16	static
can1.c:3215:9:can1_ams_cell_voltages_v9s11_encode	16	static
can1.c:3220:8:can1_ams_cell_voltages_v9s11_decode	16	static
can1.c:3225:6:can1_ams_cell_voltages_v9s11_is_in_range	16	static
can1.c:3232:9:can1_ams_cell_voltages_v3s12_encode	16	static
can1.c:3237:8:can1_ams_cell_voltages_v3s12_decode	16	static
can1.c:3242:6:can1_ams_cell_voltages_v3s12_is_in_range	16	static
can1.c:3249:9:can1_ams_cell_voltages_v9s12_encode	16	static
can1.c:3254:8:can1_ams_cell_voltages_v9s12_decode	16	static
can1.c:3259:6:can1_ams_cell_voltages_v9s12_is_in_range	16	static
can1.c:3266:9:can1_ams_cell_voltages_v4s1_encode	16	static
can1.c:3271:8:can1_ams_cell_voltages_v4s1_decode	16	static
can1.c:3276:6:can1_ams_cell_voltages_v4s1_is_in_range	16	static
can1.c:3283:9:can1_ams_cell_voltages_v10s1_encode	16	static
can1.c:3288:8:can1_ams_cell_voltages_v10s1_decode	16	static
can1.c:3293:6:can1_ams_cell_voltages_v10s1_is_in_range	16	static
can1.c:3300:9:can1_ams_cell_voltages_v4s2_encode	16	static
can1.c:3305:8:can1_ams_cell_voltages_v4s2_decode	16	static
can1.c:3310:6:can1_ams_cell_voltages_v4s2_is_in_range	16	static
can1.c:3317:9:can1_ams_cell_voltages_v10s2_encode	16	static
can1.c:3322:8:can1_ams_cell_voltages_v10s2_decode	16	static
can1.c:3327:6:can1_ams_cell_voltages_v10s2_is_in_range	16	static
can1.c:3334:9:can1_ams_cell_voltages_v4s3_encode	16	static
can1.c:3339:8:can1_ams_cell_voltages_v4s3_decode	16	static
can1.c:3344:6:can1_ams_cell_voltages_v4s3_is_in_range	16	static
can1.c:3351:9:can1_ams_cell_voltages_v10s3_encode	16	static
can1.c:3356:8:can1_ams_cell_voltages_v10s3_decode	16	static
can1.c:3361:6:can1_ams_cell_voltages_v10s3_is_in_range	16	static
can1.c:3368:9:can1_ams_cell_voltages_v4s4_encode	16	static
can1.c:3373:8:can1_ams_cell_voltages_v4s4_decode	16	static
can1.c:3378:6:can1_ams_cell_voltages_v4s4_is_in_range	16	static
can1.c:3385:9:can1_ams_cell_voltages_v10s4_encode	16	static
can1.c:3390:8:can1_ams_cell_voltages_v10s4_decode	16	static
can1.c:3395:6:can1_ams_cell_voltages_v10s4_is_in_range	16	static
can1.c:3402:9:can1_ams_cell_voltages_v4s5_encode	16	static
can1.c:3407:8:can1_ams_cell_voltages_v4s5_decode	16	static
can1.c:3412:6:can1_ams_cell_voltages_v4s5_is_in_range	16	static
can1.c:3419:9:can1_ams_cell_voltages_v10s5_encode	16	static
can1.c:3424:8:can1_ams_cell_voltages_v10s5_decode	16	static
can1.c:3429:6:can1_ams_cell_voltages_v10s5_is_in_range	16	static
can1.c:3436:9:can1_ams_cell_voltages_v4s6_encode	16	static
can1.c:3441:8:can1_ams_cell_voltages_v4s6_decode	16	static
can1.c:3446:6:can1_ams_cell_voltages_v4s6_is_in_range	16	static
can1.c:3453:9:can1_ams_cell_voltages_v10s6_encode	16	static
can1.c:3458:8:can1_ams_cell_voltages_v10s6_decode	16	static
can1.c:3463:6:can1_ams_cell_voltages_v10s6_is_in_range	16	static
can1.c:3470:9:can1_ams_cell_voltages_v4s7_encode	16	static
can1.c:3475:8:can1_ams_cell_voltages_v4s7_decode	16	static
can1.c:3480:6:can1_ams_cell_voltages_v4s7_is_in_range	16	static
can1.c:3487:9:can1_ams_cell_voltages_v10s7_encode	16	static
can1.c:3492:8:can1_ams_cell_voltages_v10s7_decode	16	static
can1.c:3497:6:can1_ams_cell_voltages_v10s7_is_in_range	16	static
can1.c:3504:9:can1_ams_cell_voltages_v4s8_encode	16	static
can1.c:3509:8:can1_ams_cell_voltages_v4s8_decode	16	static
can1.c:3514:6:can1_ams_cell_voltages_v4s8_is_in_range	16	static
can1.c:3521:9:can1_ams_cell_voltages_v10s8_encode	16	static
can1.c:3526:8:can1_ams_cell_voltages_v10s8_decode	16	static
can1.c:3531:6:can1_ams_cell_voltages_v10s8_is_in_range	16	static
can1.c:3538:9:can1_ams_cell_voltages_v4s9_encode	16	static
can1.c:3543:8:can1_ams_cell_voltages_v4s9_decode	16	static
can1.c:3548:6:can1_ams_cell_voltages_v4s9_is_in_range	16	static
can1.c:3555:9:can1_ams_cell_voltages_v10s9_encode	16	static
can1.c:3560:8:can1_ams_cell_voltages_v10s9_decode	16	static
can1.c:3565:6:can1_ams_cell_voltages_v10s9_is_in_range	16	static
can1.c:3572:9:can1_ams_cell_voltages_v4s10_encode	16	static
can1.c:3577:8:can1_ams_cell_voltages_v4s10_decode	16	static
can1.c:3582:6:can1_ams_cell_voltages_v4s10_is_in_range	16	static
can1.c:3589:9:can1_ams_cell_voltages_v10s10_encode	16	static
can1.c:3594:8:can1_ams_cell_voltages_v10s10_decode	16	static
can1.c:3599:6:can1_ams_cell_voltages_v10s10_is_in_range	16	static
can1.c:3606:9:can1_ams_cell_voltages_v4s11_encode	16	static
can1.c:3611:8:can1_ams_cell_voltages_v4s11_decode	16	static
can1.c:3616:6:can1_ams_cell_voltages_v4s11_is_in_range	16	static
can1.c:3623:9:can1_ams_cell_voltages_v10s11_encode	16	static
can1.c:3628:8:can1_ams_cell_voltages_v10s11_decode	16	static
can1.c:3633:6:can1_ams_cell_voltages_v10s11_is_in_range	16	static
can1.c:3640:9:can1_ams_cell_voltages_v4s12_encode	16	static
can1.c:3645:8:can1_ams_cell_voltages_v4s12_decode	16	static
can1.c:3650:6:can1_ams_cell_voltages_v4s12_is_in_range	16	static
can1.c:3657:9:can1_ams_cell_voltages_v10s12_encode	16	static
can1.c:3662:8:can1_ams_cell_voltages_v10s12_decode	16	static
can1.c:3667:6:can1_ams_cell_voltages_v10s12_is_in_range	16	static
can1.c:3674:9:can1_ams_cell_voltages_v5s1_encode	16	static
can1.c:3679:8:can1_ams_cell_voltages_v5s1_decode	16	static
can1.c:3684:6:can1_ams_cell_voltages_v5s1_is_in_range	16	static
can1.c:3691:9:can1_ams_cell_voltages_v11s1_encode	16	static
can1.c:3696:8:can1_ams_cell_voltages_v11s1_decode	16	static
can1.c:3701:6:can1_ams_cell_voltages_v11s1_is_in_range	16	static
can1.c:3708:9:can1_ams_cell_voltages_v5s2_encode	16	static
can1.c:3713:8:can1_ams_cell_voltages_v5s2_decode	16	static
can1.c:3718:6:can1_ams_cell_voltages_v5s2_is_in_range	16	static
can1.c:3725:9:can1_ams_cell_voltages_v5s3_encode	16	static
can1.c:3730:8:can1_ams_cell_voltages_v5s3_decode	16	static
can1.c:3735:6:can1_ams_cell_voltages_v5s3_is_in_range	16	static
can1.c:3742:9:can1_ams_cell_voltages_v11s3_encode	16	static
can1.c:3747:8:can1_ams_cell_voltages_v11s3_decode	16	static
can1.c:3752:6:can1_ams_cell_voltages_v11s3_is_in_range	16	static
can1.c:3759:9:can1_ams_cell_voltages_v5s4_encode	16	static
can1.c:3764:8:can1_ams_cell_voltages_v5s4_decode	16	static
can1.c:3769:6:can1_ams_cell_voltages_v5s4_is_in_range	16	static
can1.c:3776:9:can1_ams_cell_voltages_v5s5_encode	16	static
can1.c:3781:8:can1_ams_cell_voltages_v5s5_decode	16	static
can1.c:3786:6:can1_ams_cell_voltages_v5s5_is_in_range	16	static
can1.c:3793:9:can1_ams_cell_voltages_v11s5_encode	16	static
can1.c:3798:8:can1_ams_cell_voltages_v11s5_decode	16	static
can1.c:3803:6:can1_ams_cell_voltages_v11s5_is_in_range	16	static
can1.c:3810:9:can1_ams_cell_voltages_v5s6_encode	16	static
can1.c:3815:8:can1_ams_cell_voltages_v5s6_decode	16	static
can1.c:3820:6:can1_ams_cell_voltages_v5s6_is_in_range	16	static
can1.c:3827:9:can1_ams_cell_voltages_v5s7_encode	16	static
can1.c:3832:8:can1_ams_cell_voltages_v5s7_decode	16	static
can1.c:3837:6:can1_ams_cell_voltages_v5s7_is_in_range	16	static
can1.c:3844:9:can1_ams_cell_voltages_v11s7_encode	16	static
can1.c:3849:8:can1_ams_cell_voltages_v11s7_decode	16	static
can1.c:3854:6:can1_ams_cell_voltages_v11s7_is_in_range	16	static
can1.c:3861:9:can1_ams_cell_voltages_v5s8_encode	16	static
can1.c:3866:8:can1_ams_cell_voltages_v5s8_decode	16	static
can1.c:3871:6:can1_ams_cell_voltages_v5s8_is_in_range	16	static
can1.c:3878:9:can1_ams_cell_voltages_v5s9_encode	16	static
can1.c:3883:8:can1_ams_cell_voltages_v5s9_decode	16	static
can1.c:3888:6:can1_ams_cell_voltages_v5s9_is_in_range	16	static
can1.c:3895:9:can1_ams_cell_voltages_v11s9_encode	16	static
can1.c:3900:8:can1_ams_cell_voltages_v11s9_decode	16	static
can1.c:3905:6:can1_ams_cell_voltages_v11s9_is_in_range	16	static
can1.c:3912:9:can1_ams_cell_voltages_v5s10_encode	16	static
can1.c:3917:8:can1_ams_cell_voltages_v5s10_decode	16	static
can1.c:3922:6:can1_ams_cell_voltages_v5s10_is_in_range	16	static
can1.c:3929:9:can1_ams_cell_voltages_v5s11_encode	16	static
can1.c:3934:8:can1_ams_cell_voltages_v5s11_decode	16	static
can1.c:3939:6:can1_ams_cell_voltages_v5s11_is_in_range	16	static
can1.c:3946:9:can1_ams_cell_voltages_v11s11_encode	16	static
can1.c:3951:8:can1_ams_cell_voltages_v11s11_decode	16	static
can1.c:3956:6:can1_ams_cell_voltages_v11s11_is_in_range	16	static
can1.c:3963:9:can1_ams_cell_voltages_v5s12_encode	16	static
can1.c:3968:8:can1_ams_cell_voltages_v5s12_decode	16	static
can1.c:3973:6:can1_ams_cell_voltages_v5s12_is_in_range	16	static
can1.c:3980:9:can1_ams_cell_voltages_v6s1_encode	16	static
can1.c:3985:8:can1_ams_cell_voltages_v6s1_decode	16	static
can1.c:3990:6:can1_ams_cell_voltages_v6s1_is_in_range	16	static
can1.c:3997:9:can1_ams_cell_voltages_v6s2_encode	16	static
can1.c:4002:8:can1_ams_cell_voltages_v6s2_decode	16	static
can1.c:4007:6:can1_ams_cell_voltages_v6s2_is_in_range	16	static
can1.c:4014:9:can1_ams_cell_voltages_v6s3_encode	16	static
can1.c:4019:8:can1_ams_cell_voltages_v6s3_decode	16	static
can1.c:4024:6:can1_ams_cell_voltages_v6s3_is_in_range	16	static
can1.c:4031:9:can1_ams_cell_voltages_v6s4_encode	16	static
can1.c:4036:8:can1_ams_cell_voltages_v6s4_decode	16	static
can1.c:4041:6:can1_ams_cell_voltages_v6s4_is_in_range	16	static
can1.c:4048:9:can1_ams_cell_voltages_v6s5_encode	16	static
can1.c:4053:8:can1_ams_cell_voltages_v6s5_decode	16	static
can1.c:4058:6:can1_ams_cell_voltages_v6s5_is_in_range	16	static
can1.c:4065:9:can1_ams_cell_voltages_v6s6_encode	16	static
can1.c:4070:8:can1_ams_cell_voltages_v6s6_decode	16	static
can1.c:4075:6:can1_ams_cell_voltages_v6s6_is_in_range	16	static
can1.c:4082:9:can1_ams_cell_voltages_v6s7_encode	16	static
can1.c:4087:8:can1_ams_cell_voltages_v6s7_decode	16	static
can1.c:4092:6:can1_ams_cell_voltages_v6s7_is_in_range	16	static
can1.c:4099:9:can1_ams_cell_voltages_v6s8_encode	16	static
can1.c:4104:8:can1_ams_cell_voltages_v6s8_decode	16	static
can1.c:4109:6:can1_ams_cell_voltages_v6s8_is_in_range	16	static
can1.c:4116:9:can1_ams_cell_voltages_v6s9_encode	16	static
can1.c:4121:8:can1_ams_cell_voltages_v6s9_decode	16	static
can1.c:4126:6:can1_ams_cell_voltages_v6s9_is_in_range	16	static
can1.c:4133:9:can1_ams_cell_voltages_v6s10_encode	16	static
can1.c:4138:8:can1_ams_cell_voltages_v6s10_decode	16	static
can1.c:4143:6:can1_ams_cell_voltages_v6s10_is_in_range	16	static
can1.c:4150:9:can1_ams_cell_voltages_v6s11_encode	16	static
can1.c:4155:8:can1_ams_cell_voltages_v6s11_decode	16	static
can1.c:4160:6:can1_ams_cell_voltages_v6s11_is_in_range	16	static
can1.c:4167:9:can1_ams_cell_voltages_v6s12_encode	16	static
can1.c:4172:8:can1_ams_cell_voltages_v6s12_decode	16	static
can1.c:4177:6:can1_ams_cell_voltages_v6s12_is_in_range	16	static
can1.c:4184:5:can1_ams_cell_temperatures_pack	144	static
can1.c:4483:5:can1_ams_cell_temperatures_unpack	144	static
can1.c:5080:9:can1_ams_cell_temperatures_temperature_multiplexor_encode	16	static
can1.c:5085:8:can1_ams_cell_temperatures_temperature_multiplexor_decode	16	static
can1.c:5090:6:can1_ams_cell_temperatures_temperature_multiplexor_is_in_range	16	static
can1.c:5095:9:can1_ams_cell_temperatures_t1s1_encode	16	static
can1.c:5100:8:can1_ams_cell_temperatures_t1s1_decode	16	static
can1.c:5105:6:can1_ams_cell_temperatures_t1s1_is_in_range	16	static
can1.c:5110:9:can1_ams_cell_temperatures_t1s2_encode	16	static
can1.c:5115:8:can1_ams_cell_temperatures_t1s2_decode	16	static
can1.c:5120:6:can1_ams_cell_temperatures_t1s2_is_in_range	16	static
can1.c:5125:9:can1_ams_cell_temperatures_t1s3_encode	16	static
can1.c:5130:8:can1_ams_cell_temperatures_t1s3_decode	16	static
can1.c:5135:6:can1_ams_cell_temperatures_t1s3_is_in_range	16	static
can1.c:5140:9:can1_ams_cell_temperatures_t1s4_encode	16	static
can1.c:5145:8:can1_ams_cell_temperatures_t1s4_decode	16	static
can1.c:5150:6:can1_ams_cell_temperatures_t1s4_is_in_range	16	static
can1.c:5155:9:can1_ams_cell_temperatures_t1s5_encode	16	static
can1.c:5160:8:can1_ams_cell_temperatures_t1s5_decode	16	static
can1.c:5165:6:can1_ams_cell_temperatures_t1s5_is_in_range	16	static
can1.c:5170:9:can1_ams_cell_temperatures_t1s6_encode	16	static
can1.c:5175:8:can1_ams_cell_temperatures_t1s6_decode	16	static
can1.c:5180:6:can1_ams_cell_temperatures_t1s6_is_in_range	16	static
can1.c:5185:9:can1_ams_cell_temperatures_t1s7_encode	16	static
can1.c:5190:8:can1_ams_cell_temperatures_t1s7_decode	16	static
can1.c:5195:6:can1_ams_cell_temperatures_t1s7_is_in_range	16	static
can1.c:5200:9:can1_ams_cell_temperatures_t1s8_encode	16	static
can1.c:5205:8:can1_ams_cell_temperatures_t1s8_decode	16	static
can1.c:5210:6:can1_ams_cell_temperatures_t1s8_is_in_range	16	static
can1.c:5215:9:can1_ams_cell_temperatures_t1s9_encode	16	static
can1.c:5220:8:can1_ams_cell_temperatures_t1s9_decode	16	static
can1.c:5225:6:can1_ams_cell_temperatures_t1s9_is_in_range	16	static
can1.c:5230:9:can1_ams_cell_temperatures_t1s10_encode	16	static
can1.c:5235:8:can1_ams_cell_temperatures_t1s10_decode	16	static
can1.c:5240:6:can1_ams_cell_temperatures_t1s10_is_in_range	16	static
can1.c:5245:9:can1_ams_cell_temperatures_t1s11_encode	16	static
can1.c:5250:8:can1_ams_cell_temperatures_t1s11_decode	16	static
can1.c:5255:6:can1_ams_cell_temperatures_t1s11_is_in_range	16	static
can1.c:5260:9:can1_ams_cell_temperatures_t1s12_encode	16	static
can1.c:5265:8:can1_ams_cell_temperatures_t1s12_decode	16	static
can1.c:5270:6:can1_ams_cell_temperatures_t1s12_is_in_range	16	static
can1.c:5275:9:can1_ams_cell_temperatures_t2s1_encode	16	static
can1.c:5280:8:can1_ams_cell_temperatures_t2s1_decode	16	static
can1.c:5285:6:can1_ams_cell_temperatures_t2s1_is_in_range	16	static
can1.c:5290:9:can1_ams_cell_temperatures_t2s2_encode	16	static
can1.c:5295:8:can1_ams_cell_temperatures_t2s2_decode	16	static
can1.c:5300:6:can1_ams_cell_temperatures_t2s2_is_in_range	16	static
can1.c:5305:9:can1_ams_cell_temperatures_t2s3_encode	16	static
can1.c:5310:8:can1_ams_cell_temperatures_t2s3_decode	16	static
can1.c:5315:6:can1_ams_cell_temperatures_t2s3_is_in_range	16	static
can1.c:5320:9:can1_ams_cell_temperatures_t2s4_encode	16	static
can1.c:5325:8:can1_ams_cell_temperatures_t2s4_decode	16	static
can1.c:5330:6:can1_ams_cell_temperatures_t2s4_is_in_range	16	static
can1.c:5335:9:can1_ams_cell_temperatures_t2s5_encode	16	static
can1.c:5340:8:can1_ams_cell_temperatures_t2s5_decode	16	static
can1.c:5345:6:can1_ams_cell_temperatures_t2s5_is_in_range	16	static
can1.c:5350:9:can1_ams_cell_temperatures_t2s6_encode	16	static
can1.c:5355:8:can1_ams_cell_temperatures_t2s6_decode	16	static
can1.c:5360:6:can1_ams_cell_temperatures_t2s6_is_in_range	16	static
can1.c:5365:9:can1_ams_cell_temperatures_t2s7_encode	16	static
can1.c:5370:8:can1_ams_cell_temperatures_t2s7_decode	16	static
can1.c:5375:6:can1_ams_cell_temperatures_t2s7_is_in_range	16	static
can1.c:5380:9:can1_ams_cell_temperatures_t2s8_encode	16	static
can1.c:5385:8:can1_ams_cell_temperatures_t2s8_decode	16	static
can1.c:5390:6:can1_ams_cell_temperatures_t2s8_is_in_range	16	static
can1.c:5395:9:can1_ams_cell_temperatures_t2s9_encode	16	static
can1.c:5400:8:can1_ams_cell_temperatures_t2s9_decode	16	static
can1.c:5405:6:can1_ams_cell_temperatures_t2s9_is_in_range	16	static
can1.c:5410:9:can1_ams_cell_temperatures_t2s10_encode	16	static
can1.c:5415:8:can1_ams_cell_temperatures_t2s10_decode	16	static
can1.c:5420:6:can1_ams_cell_temperatures_t2s10_is_in_range	16	static
can1.c:5425:9:can1_ams_cell_temperatures_t2s11_encode	16	static
can1.c:5430:8:can1_ams_cell_temperatures_t2s11_decode	16	static
can1.c:5435:6:can1_ams_cell_temperatures_t2s11_is_in_range	16	static
can1.c:5440:9:can1_ams_cell_temperatures_t2s12_encode	16	static
can1.c:5445:8:can1_ams_cell_temperatures_t2s12_decode	16	static
can1.c:5450:6:can1_ams_cell_temperatures_t2s12_is_in_range	16	static
can1.c:5455:9:can1_ams_cell_temperatures_t3s1_encode	16	static
can1.c:5460:8:can1_ams_cell_temperatures_t3s1_decode	16	static
can1.c:5465:6:can1_ams_cell_temperatures_t3s1_is_in_range	16	static
can1.c:5470:9:can1_ams_cell_temperatures_t3s2_encode	16	static
can1.c:5475:8:can1_ams_cell_temperatures_t3s2_decode	16	static
can1.c:5480:6:can1_ams_cell_temperatures_t3s2_is_in_range	16	static
can1.c:5485:9:can1_ams_cell_temperatures_t3s3_encode	16	static
can1.c:5490:8:can1_ams_cell_temperatures_t3s3_decode	16	static
can1.c:5495:6:can1_ams_cell_temperatures_t3s3_is_in_range	16	static
can1.c:5500:9:can1_ams_cell_temperatures_t3s4_encode	16	static
can1.c:5505:8:can1_ams_cell_temperatures_t3s4_decode	16	static
can1.c:5510:6:can1_ams_cell_temperatures_t3s4_is_in_range	16	static
can1.c:5515:9:can1_ams_cell_temperatures_t3s5_encode	16	static
can1.c:5520:8:can1_ams_cell_temperatures_t3s5_decode	16	static
can1.c:5525:6:can1_ams_cell_temperatures_t3s5_is_in_range	16	static
can1.c:5530:9:can1_ams_cell_temperatures_t3s6_encode	16	static
can1.c:5535:8:can1_ams_cell_temperatures_t3s6_decode	16	static
can1.c:5540:6:can1_ams_cell_temperatures_t3s6_is_in_range	16	static
can1.c:5545:9:can1_ams_cell_temperatures_t3s7_encode	16	static
can1.c:5550:8:can1_ams_cell_temperatures_t3s7_decode	16	static
can1.c:5555:6:can1_ams_cell_temperatures_t3s7_is_in_range	16	static
can1.c:5560:9:can1_ams_cell_temperatures_t3s8_encode	16	static
can1.c:5565:8:can1_ams_cell_temperatures_t3s8_decode	16	static
can1.c:5570:6:can1_ams_cell_temperatures_t3s8_is_in_range	16	static
can1.c:5575:9:can1_ams_cell_temperatures_t3s9_encode	16	static
can1.c:5580:8:can1_ams_cell_temperatures_t3s9_decode	16	static
can1.c:5585:6:can1_ams_cell_temperatures_t3s9_is_in_range	16	static
can1.c:5590:9:can1_ams_cell_temperatures_t3s10_encode	16	static
can1.c:5595:8:can1_ams_cell_temperatures_t3s10_decode	16	static
can1.c:5600:6:can1_ams_cell_temperatures_t3s10_is_in_range	16	static
can1.c:5605:9:can1_ams_cell_temperatures_t3s11_encode	16	static
can1.c:5610:8:can1_ams_cell_temperatures_t3s11_decode	16	static
can1.c:5615:6:can1_ams_cell_temperatures_t3s11_is_in_range	16	static
can1.c:5620:9:can1_ams_cell_temperatures_t3s12_encode	16	static
can1.c:5625:8:can1_ams_cell_temperatures_t3s12_decode	16	static
can1.c:5630:6:can1_ams_cell_temperatures_t3s12_is_in_range	16	static
can1.c:5635:9:can1_ams_cell_temperatures_t4s1_encode	16	static
can1.c:5640:8:can1_ams_cell_temperatures_t4s1_decode	16	static
can1.c:5645:6:can1_ams_cell_temperatures_t4s1_is_in_range	16	static
can1.c:5650:9:can1_ams_cell_temperatures_t4s2_encode	16	static
can1.c:5655:8:can1_ams_cell_temperatures_t4s2_decode	16	static
can1.c:5660:6:can1_ams_cell_temperatures_t4s2_is_in_range	16	static
can1.c:5665:9:can1_ams_cell_temperatures_t4s3_encode	16	static
can1.c:5670:8:can1_ams_cell_temperatures_t4s3_decode	16	static
can1.c:5675:6:can1_ams_cell_temperatures_t4s3_is_in_range	16	static
can1.c:5680:9:can1_ams_cell_temperatures_t4s4_encode	16	static
can1.c:5685:8:can1_ams_cell_temperatures_t4s4_decode	16	static
can1.c:5690:6:can1_ams_cell_temperatures_t4s4_is_in_range	16	static
can1.c:5695:9:can1_ams_cell_temperatures_t4s5_encode	16	static
can1.c:5700:8:can1_ams_cell_temperatures_t4s5_decode	16	static
can1.c:5705:6:can1_ams_cell_temperatures_t4s5_is_in_range	16	static
can1.c:5710:9:can1_ams_cell_temperatures_t4s6_encode	16	static
can1.c:5715:8:can1_ams_cell_temperatures_t4s6_decode	16	static
can1.c:5720:6:can1_ams_cell_temperatures_t4s6_is_in_range	16	static
can1.c:5725:9:can1_ams_cell_temperatures_t4s7_encode	16	static
can1.c:5730:8:can1_ams_cell_temperatures_t4s7_decode	16	static
can1.c:5735:6:can1_ams_cell_temperatures_t4s7_is_in_range	16	static
can1.c:5740:9:can1_ams_cell_temperatures_t4s8_encode	16	static
can1.c:5745:8:can1_ams_cell_temperatures_t4s8_decode	16	static
can1.c:5750:6:can1_ams_cell_temperatures_t4s8_is_in_range	16	static
can1.c:5755:9:can1_ams_cell_temperatures_t4s9_encode	16	static
can1.c:5760:8:can1_ams_cell_temperatures_t4s9_decode	16	static
can1.c:5765:6:can1_ams_cell_temperatures_t4s9_is_in_range	16	static
can1.c:5770:9:can1_ams_cell_temperatures_t4s10_encode	16	static
can1.c:5775:8:can1_ams_cell_temperatures_t4s10_decode	16	static
can1.c:5780:6:can1_ams_cell_temperatures_t4s10_is_in_range	16	static
can1.c:5785:9:can1_ams_cell_temperatures_t4s11_encode	16	static
can1.c:5790:8:can1_ams_cell_temperatures_t4s11_decode	16	static
can1.c:5795:6:can1_ams_cell_temperatures_t4s11_is_in_range	16	static
can1.c:5800:9:can1_ams_cell_temperatures_t4s12_encode	16	static
can1.c:5805:8:can1_ams_cell_temperatures_t4s12_decode	16	static
can1.c:5810:6:can1_ams_cell_temperatures_t4s12_is_in_range	16	static
can1.c:5815:9:can1_ams_cell_temperatures_t5s1_encode	16	static
can1.c:5820:8:can1_ams_cell_temperatures_t5s1_decode	16	static
can1.c:5825:6:can1_ams_cell_temperatures_t5s1_is_in_range	16	static
can1.c:5830:9:can1_ams_cell_temperatures_t5s2_encode	16	static
can1.c:5835:8:can1_ams_cell_temperatures_t5s2_decode	16	static
can1.c:5840:6:can1_ams_cell_temperatures_t5s2_is_in_range	16	static
can1.c:5845:9:can1_ams_cell_temperatures_t5s3_encode	16	static
can1.c:5850:8:can1_ams_cell_temperatures_t5s3_decode	16	static
can1.c:5855:6:can1_ams_cell_temperatures_t5s3_is_in_range	16	static
can1.c:5860:9:can1_ams_cell_temperatures_t5s4_encode	16	static
can1.c:5865:8:can1_ams_cell_temperatures_t5s4_decode	16	static
can1.c:5870:6:can1_ams_cell_temperatures_t5s4_is_in_range	16	static
can1.c:5875:9:can1_ams_cell_temperatures_t5s5_encode	16	static
can1.c:5880:8:can1_ams_cell_temperatures_t5s5_decode	16	static
can1.c:5885:6:can1_ams_cell_temperatures_t5s5_is_in_range	16	static
can1.c:5890:9:can1_ams_cell_temperatures_t5s6_encode	16	static
can1.c:5895:8:can1_ams_cell_temperatures_t5s6_decode	16	static
can1.c:5900:6:can1_ams_cell_temperatures_t5s6_is_in_range	16	static
can1.c:5905:9:can1_ams_cell_temperatures_t5s7_encode	16	static
can1.c:5910:8:can1_ams_cell_temperatures_t5s7_decode	16	static
can1.c:5915:6:can1_ams_cell_temperatures_t5s7_is_in_range	16	static
can1.c:5920:9:can1_ams_cell_temperatures_t5s8_encode	16	static
can1.c:5925:8:can1_ams_cell_temperatures_t5s8_decode	16	static
can1.c:5930:6:can1_ams_cell_temperatures_t5s8_is_in_range	16	static
can1.c:5935:9:can1_ams_cell_temperatures_t5s9_encode	16	static
can1.c:5940:8:can1_ams_cell_temperatures_t5s9_decode	16	static
can1.c:5945:6:can1_ams_cell_temperatures_t5s9_is_in_range	16	static
can1.c:5950:9:can1_ams_cell_temperatures_t5s10_encode	16	static
can1.c:5955:8:can1_ams_cell_temperatures_t5s10_decode	16	static
can1.c:5960:6:can1_ams_cell_temperatures_t5s10_is_in_range	16	static
can1.c:5965:9:can1_ams_cell_temperatures_t5s11_encode	16	static
can1.c:5970:8:can1_ams_cell_temperatures_t5s11_decode	16	static
can1.c:5975:6:can1_ams_cell_temperatures_t5s11_is_in_range	16	static
can1.c:5980:9:can1_ams_cell_temperatures_t5s12_encode	16	static
can1.c:5985:8:can1_ams_cell_temperatures_t5s12_decode	16	static
can1.c:5990:6:can1_ams_cell_temperatures_t5s12_is_in_range	16	static
can1.c:5995:5:can1_ecu_status_pack	24	static
can1.c:6013:5:can1_ecu_status_unpack	24	static
can1.c:6029:9:can1_ecu_status_rst_button_encode	16	static
can1.c:6034:8:can1_ecu_status_rst_button_decode	16	static
can1.c:6039:6:can1_ecu_status_rst_button_is_in_range	16	static
can1.c:6046:9:can1_ecu_status_close_airs_encode	16	static
can1.c:6051:8:can1_ecu_status_close_airs_decode	16	static
can1.c:6056:6:can1_ecu_status_close_airs_is_in_range	16	static
can1.c:6063:9:can1_ecu_status_ts_off_encode	16	static
can1.c:6068:8:can1_ecu_status_ts_off_decode	16	static
can1.c:6073:6:can1_ecu_status_ts_off_is_in_range	16	static
can1.c:6080:5:can1_ebs_status_pack	24	static
can1.c:6101:5:can1_ebs_status_unpack	24	static
can1.c:6120:9:can1_ebs_status_sc_tsms_status_encode	16	static
can1.c:6125:8:can1_ebs_status_sc_tsms_status_decode	16	static
can1.c:6130:6:can1_ebs_status_sc_tsms_status_is_in_range	16	static
can1.c:6135:9:can1_ebs_status_res_open_encode	16	static
can1.c:6140:8:can1_ebs_status_res_open_decode	16	static
can1.c:6145:6:can1_ebs_status_res_open_is_in_range	16	static
can1.c:6150:10:can1_ebs_status_ebs_pressure_1_encode	16	static
can1.c:6155:8:can1_ebs_status_ebs_pressure_1_decode	16	static
can1.c:6160:6:can1_ebs_status_ebs_pressure_1_is_in_range	16	static
can1.c:6165:10:can1_ebs_status_ebs_pressure_2_encode	16	static
can1.c:6170:8:can1_ebs_status_ebs_pressure_2_decode	16	static
can1.c:6175:6:can1_ebs_status_ebs_pressure_2_is_in_range	16	static
can1.c:6180:5:can1_dcu_pps_pack	24	static
can1.c:6206:5:can1_dcu_pps_unpack	24	static
can1.c:6230:10:can1_dcu_pps_apps_1_encode	16	static
can1.c:6235:8:can1_dcu_pps_apps_1_decode	16	static
can1.c:6240:6:can1_dcu_pps_apps_1_is_in_range	16	static
can1.c:6245:10:can1_dcu_pps_apps_2_encode	16	static
can1.c:6250:8:can1_dcu_pps_apps_2_decode	16	static
can1.c:6255:6:can1_dcu_pps_apps_2_is_in_range	16	static
can1.c:6260:10:can1_dcu_pps_bpps_1_encode	16	static
can1.c:6265:8:can1_dcu_pps_bpps_1_decode	16	static
can1.c:6270:6:can1_dcu_pps_bpps_1_is_in_range	16	static
can1.c:6275:10:can1_dcu_pps_bpps_2_encode	16	static
can1.c:6280:8:can1_dcu_pps_bpps_2_decode	16	static
can1.c:6285:6:can1_dcu_pps_bpps_2_is_in_range	16	static
can1.c:6290:10:can1_dcu_pps_acceleration_pedal_angle_encode	16	static
can1.c:6295:8:can1_dcu_pps_acceleration_pedal_angle_decode	16	static
can1.c:6300:6:can1_dcu_pps_acceleration_pedal_angle_is_in_range	16	static
can1.c:6305:9:can1_dcu_pps_brake_pedal_angle_encode	16	static
can1.c:6310:8:can1_dcu_pps_brake_pedal_angle_decode	16	static
can1.c:6315:6:can1_dcu_pps_brake_pedal_angle_is_in_range	16	static
can1.c:6320:5:can1_vmu_fl_pack	32	static
can1.c:6346:5:can1_vmu_fl_unpack	32	static
can1.c:6380:9:can1_vmu_fl_fl_load_cell_encode	16	static
can1.c:6385:8:can1_vmu_fl_fl_load_cell_decode	16	static
can1.c:6390:6:can1_vmu_fl_fl_load_cell_is_in_range	16	static
can1.c:6395:9:can1_vmu_fl_fl_suspention_potentiometer_encode	16	static
can1.c:6400:8:can1_vmu_fl_fl_suspention_potentiometer_decode	16	static
can1.c:6405:6:can1_vmu_fl_fl_suspention_potentiometer_is_in_range	16	static
can1.c:6410:10:can1_vmu_fl_fl_temperature_encode	16	static
can1.c:6415:8:can1_vmu_fl_fl_temperature_decode	16	static
can1.c:6420:6:can1_vmu_fl_fl_temperature_is_in_range	16	static
can1.c:6425:5:can1_vmu_fr_pack	32	static
can1.c:6451:5:can1_vmu_fr_unpack	32	static
can1.c:6485:9:can1_vmu_fr_fr_load_cell_encode	16	static
can1.c:6490:8:can1_vmu_fr_fr_load_cell_decode	16	static
can1.c:6495:6:can1_vmu_fr_fr_load_cell_is_in_range	16	static
can1.c:6500:9:can1_vmu_fr_fr_suspention_potentiometer_encode	16	static
can1.c:6505:8:can1_vmu_fr_fr_suspention_potentiometer_decode	16	static
can1.c:6510:6:can1_vmu_fr_fr_suspention_potentiometer_is_in_range	16	static
can1.c:6515:10:can1_vmu_fr_fr_temperature_encode	16	static
can1.c:6520:8:can1_vmu_fr_fr_temperature_decode	16	static
can1.c:6525:6:can1_vmu_fr_fr_temperature_is_in_range	16	static
can1.c:6530:5:can1_vmu_rl_pack	32	static
can1.c:6556:5:can1_vmu_rl_unpack	32	static
can1.c:6590:9:can1_vmu_rl_rl_load_cell_encode	16	static
can1.c:6595:8:can1_vmu_rl_rl_load_cell_decode	16	static
can1.c:6600:6:can1_vmu_rl_rl_load_cell_is_in_range	16	static
can1.c:6605:9:can1_vmu_rl_rl_suspention_potentiometer_encode	16	static
can1.c:6610:8:can1_vmu_rl_rl_suspention_potentiometer_decode	16	static
can1.c:6615:6:can1_vmu_rl_rl_suspention_potentiometer_is_in_range	16	static
can1.c:6620:10:can1_vmu_rl_rl_temperature_encode	16	static
can1.c:6625:8:can1_vmu_rl_rl_temperature_decode	16	static
can1.c:6630:6:can1_vmu_rl_rl_temperature_is_in_range	16	static
can1.c:6635:5:can1_vmu_rr_pack	32	static
can1.c:6661:5:can1_vmu_rr_unpack	32	static
can1.c:6695:9:can1_vmu_rr_rr_load_cell_encode	16	static
can1.c:6700:8:can1_vmu_rr_rr_load_cell_decode	16	static
can1.c:6705:6:can1_vmu_rr_rr_load_cell_is_in_range	16	static
can1.c:6710:9:can1_vmu_rr_rr_suspention_potentiometer_encode	16	static
can1.c:6715:8:can1_vmu_rr_rr_suspention_potentiometer_decode	16	static
can1.c:6720:6:can1_vmu_rr_rr_suspention_potentiometer_is_in_range	16	static
can1.c:6725:10:can1_vmu_rr_rr_temperature_encode	16	static
can1.c:6730:8:can1_vmu_rr_rr_temperature_decode	16	static
can1.c:6735:6:can1_vmu_rr_rr_temperature_is_in_range	16	static
can1.c:6740:5:can1_ccu_status_2_pack	32	static
can1.c:6790:5:can1_ccu_status_2_unpack	32	static
can1.c:6853:9:can1_ccu_status_2_mux_id_encode	16	static
can1.c:6858:8:can1_ccu_status_2_mux_id_decode	16	static
can1.c:6863:6:can1_ccu_status_2_mux_id_is_in_range	16	static
can1.c:6870:9:can1_ccu_status_2_fan1_speed_encode	16	static
can1.c:6875:8:can1_ccu_status_2_fan1_speed_decode	16	static
can1.c:6880:6:can1_ccu_status_2_fan1_speed_is_in_range	16	static
can1.c:6885:9:can1_ccu_status_2_fan2_speed_encode	16	static
can1.c:6890:8:can1_ccu_status_2_fan2_speed_decode	16	static
can1.c:6895:6:can1_ccu_status_2_fan2_speed_is_in_range	16	static
can1.c:6900:9:can1_ccu_status_2_fan3_speed_encode	16	static
can1.c:6905:8:can1_ccu_status_2_fan3_speed_decode	16	static
can1.c:6910:6:can1_ccu_status_2_fan3_speed_is_in_range	16	static
can1.c:6915:9:can1_ccu_status_2_fron_pump_speed_encode	16	static
can1.c:6920:8:can1_ccu_status_2_fron_pump_speed_decode	16	static
can1.c:6925:6:can1_ccu_status_2_fron_pump_speed_is_in_range	16	static
can1.c:6930:9:can1_ccu_status_2_rear_pump_speed_encode	16	static
can1.c:6935:8:can1_ccu_status_2_rear_pump_speed_decode	16	static
can1.c:6940:6:can1_ccu_status_2_rear_pump_speed_is_in_range	16	static
can1.c:6945:9:can1_ccu_status_2_inverter_pump_speed_encode	16	static
can1.c:6950:8:can1_ccu_status_2_inverter_pump_speed_decode	16	static
can1.c:6955:6:can1_ccu_status_2_inverter_pump_speed_is_in_range	16	static
can1.c:6960:9:can1_ccu_status_2_fron_coolant_temperature_encode	16	static
can1.c:6965:8:can1_ccu_status_2_fron_coolant_temperature_decode	16	static
can1.c:6970:6:can1_ccu_status_2_fron_coolant_temperature_is_in_range	16	static
can1.c:6975:9:can1_ccu_status_2_rear_coolant_temperature_encode	16	static
can1.c:6980:8:can1_ccu_status_2_rear_coolant_temperature_decode	16	static
can1.c:6985:6:can1_ccu_status_2_rear_coolant_temperature_is_in_range	16	static
can1.c:6990:9:can1_ccu_status_2_inverter_coolant_temperature_encode	16	static
can1.c:6995:8:can1_ccu_status_2_inverter_coolant_temperature_decode	16	static
can1.c:7000:6:can1_ccu_status_2_inverter_coolant_temperature_is_in_range	16	static
can1.c:7005:5:can1_ccu_status_1_pack	24	static
can1.c:7026:5:can1_ccu_status_1_unpack	24	static
can1.c:7045:9:can1_ccu_status_1_digital_input_encode	16	static
can1.c:7050:8:can1_ccu_status_1_digital_input_decode	16	static
can1.c:7055:6:can1_ccu_status_1_digital_input_is_in_range	16	static
can1.c:7060:9:can1_ccu_status_1_discharge_relay_open_encode	16	static
can1.c:7065:8:can1_ccu_status_1_discharge_relay_open_decode	16	static
can1.c:7070:6:can1_ccu_status_1_discharge_relay_open_is_in_range	16	static
can1.c:7075:10:can1_ccu_status_1_discharge_resistor_temperature_encode	16	static
can1.c:7080:8:can1_ccu_status_1_discharge_resistor_temperature_decode	16	static
can1.c:7085:6:can1_ccu_status_1_discharge_resistor_temperature_is_in_range	16	static
can1.c:7090:10:can1_ccu_status_1_extra_temperature_encode	16	static
can1.c:7095:8:can1_ccu_status_1_extra_temperature_decode	16	static
can1.c:7100:6:can1_ccu_status_1_extra_temperature_is_in_range	16	static
can1.c:7105:5:can1_vehicle_status_pack	24	static
can1.c:7126:5:can1_vehicle_status_unpack	24	static
can1.c:7145:9:can1_vehicle_status_car_state_encode	16	static
can1.c:7150:8:can1_vehicle_status_car_state_decode	16	static
can1.c:7155:6:can1_vehicle_status_car_state_is_in_range	16	static
can1.c:7162:9:can1_vehicle_status_car_velocity_encode	16	static
can1.c:7167:8:can1_vehicle_status_car_velocity_decode	16	static
can1.c:7172:6:can1_vehicle_status_car_velocity_is_in_range	16	static
can1.c:7177:10:can1_vehicle_status_car_power_encode	16	static
can1.c:7182:8:can1_vehicle_status_car_power_decode	16	static
can1.c:7187:6:can1_vehicle_status_car_power_is_in_range	16	static
can1.c:7192:9:can1_vehicle_status_car_regen_level_encode	16	static
can1.c:7197:8:can1_vehicle_status_car_regen_level_decode	16	static
can1.c:7202:6:can1_vehicle_status_car_regen_level_is_in_range	16	static
can1.c:7207:9:can1_vehicle_status_ready_to_drive_encode	16	static
can1.c:7212:8:can1_vehicle_status_ready_to_drive_decode	16	static
can1.c:7217:6:can1_vehicle_status_ready_to_drive_is_in_range	16	static
can1.c:7222:5:can1_fse_energy_meter_data_pack	32	static
can1.c:7252:5:can1_fse_energy_meter_data_unpack	32	static
can1.c:7280:9:can1_fse_energy_meter_data_msg_cntr_encode	16	static
can1.c:7285:8:can1_fse_energy_meter_data_msg_cntr_decode	16	static
can1.c:7290:6:can1_fse_energy_meter_data_msg_cntr_is_in_range	16	static
can1.c:7297:9:can1_fse_energy_meter_data_status_encode	16	static
can1.c:7302:8:can1_fse_energy_meter_data_status_decode	16	static
can1.c:7307:6:can1_fse_energy_meter_data_status_is_in_range	16	static
can1.c:7314:9:can1_fse_energy_meter_data_power_encode	16	static
can1.c:7319:8:can1_fse_energy_meter_data_power_decode	16	static
can1.c:7324:6:can1_fse_energy_meter_data_power_is_in_range	16	static
can1.c:7331:9:can1_fse_energy_meter_data_voltage_encode	16	static
can1.c:7336:8:can1_fse_energy_meter_data_voltage_decode	16	static
can1.c:7341:6:can1_fse_energy_meter_data_voltage_is_in_range	16	static
can1.c:7348:9:can1_fse_energy_meter_data_current_encode	16	static
can1.c:7353:8:can1_fse_energy_meter_data_current_decode	16	static
can1.c:7358:6:can1_fse_energy_meter_data_current_is_in_range	16	static
can1.c:7365:5:can1_fault_pack	24	static
can1.c:7406:5:can1_fault_unpack	24	static
can1.c:7445:9:can1_fault_unit_id_encode	16	static
can1.c:7450:8:can1_fault_unit_id_decode	16	static
can1.c:7455:6:can1_fault_unit_id_is_in_range	16	static
can1.c:7462:9:can1_fault_apps_discrepancy_encode	16	static
can1.c:7467:8:can1_fault_apps_discrepancy_decode	16	static
can1.c:7472:6:can1_fault_apps_discrepancy_is_in_range	16	static
can1.c:7477:9:can1_fault_sc_open_encode	16	static
can1.c:7482:8:can1_fault_sc_open_decode	16	static
can1.c:7487:6:can1_fault_sc_open_is_in_range	16	static
can1.c:7492:9:can1_fault_ts_off_watchdog_triggered_encode	16	static
can1.c:7497:8:can1_fault_ts_off_watchdog_triggered_decode	16	static
can1.c:7502:6:can1_fault_ts_off_watchdog_triggered_is_in_range	16	static
can1.c:7507:9:can1_fault_bpps_discrepancy_encode	16	static
can1.c:7512:8:can1_fault_bpps_discrepancy_decode	16	static
can1.c:7517:6:can1_fault_bpps_discrepancy_is_in_range	16	static
can1.c:7522:9:can1_fault_brake_pressure_discrepancy_encode	16	static
can1.c:7527:8:can1_fault_brake_pressure_discrepancy_decode	16	static
can1.c:7532:6:can1_fault_brake_pressure_discrepancy_is_in_range	16	static
can1.c:7537:9:can1_fault_steering_angle_discrepancy_encode	16	static
can1.c:7542:8:can1_fault_steering_angle_discrepancy_decode	16	static
can1.c:7547:6:can1_fault_steering_angle_discrepancy_is_in_range	16	static
can1.c:7552:9:can1_fault_apps_out_of_range_encode	16	static
can1.c:7557:8:can1_fault_apps_out_of_range_decode	16	static
can1.c:7562:6:can1_fault_apps_out_of_range_is_in_range	16	static
can1.c:7567:9:can1_fault_bpps_out_of_range_encode	16	static
can1.c:7572:8:can1_fault_bpps_out_of_range_decode	16	static
can1.c:7577:6:can1_fault_bpps_out_of_range_is_in_range	16	static
can1.c:7582:9:can1_fault_brake_pressure_out_of_range_encode	16	static
can1.c:7587:8:can1_fault_brake_pressure_out_of_range_decode	16	static
can1.c:7592:6:can1_fault_brake_pressure_out_of_range_is_in_range	16	static
can1.c:7597:9:can1_fault_steering_angle_out_of_range_encode	16	static
can1.c:7602:8:can1_fault_steering_angle_out_of_range_decode	16	static
can1.c:7607:6:can1_fault_steering_angle_out_of_range_is_in_range	16	static
can1.c:7612:5:can1_dcu_status_steering_brake_pack	32	static
can1.c:7643:5:can1_dcu_status_steering_brake_unpack	32	static
can1.c:7682:9:can1_dcu_status_steering_brake_bspd_triggered_encode	16	static
can1.c:7687:8:can1_dcu_status_steering_brake_bspd_triggered_decode	16	static
can1.c:7692:6:can1_dcu_status_steering_brake_bspd_triggered_is_in_range	16	static
can1.c:7697:10:can1_dcu_status_steering_brake_dcu_temperature_encode	16	static
can1.c:7702:8:can1_dcu_status_steering_brake_dcu_temperature_decode	16	static
can1.c:7707:6:can1_dcu_status_steering_brake_dcu_temperature_is_in_range	16	static
can1.c:7712:9:can1_dcu_status_steering_brake_steering_angle_1_encode	16	static
can1.c:7717:8:can1_dcu_status_steering_brake_steering_angle_1_decode	16	static
can1.c:7722:6:can1_dcu_status_steering_brake_steering_angle_1_is_in_range	16	static
can1.c:7727:9:can1_dcu_status_steering_brake_steering_angle_2_encode	16	static
can1.c:7732:8:can1_dcu_status_steering_brake_steering_angle_2_decode	16	static
can1.c:7737:6:can1_dcu_status_steering_brake_steering_angle_2_is_in_range	16	static
can1.c:7742:10:can1_dcu_status_steering_brake_brake_pressure_1_encode	16	static
can1.c:7747:8:can1_dcu_status_steering_brake_brake_pressure_1_decode	16	static
can1.c:7752:6:can1_dcu_status_steering_brake_brake_pressure_1_is_in_range	16	static
can1.c:7757:10:can1_dcu_status_steering_brake_brake_pressure_2_encode	16	static
can1.c:7762:8:can1_dcu_status_steering_brake_brake_pressure_2_decode	16	static
can1.c:7767:6:can1_dcu_status_steering_brake_brake_pressure_2_is_in_range	16	static
can1.c:7772:5:can1_dbu_status_2_pack	24	static
can1.c:7788:5:can1_dbu_status_2_unpack	24	static
can1.c:7802:9:can1_dbu_status_2_screen_id_encode	16	static
can1.c:7807:8:can1_dbu_status_2_screen_id_decode	16	static
can1.c:7812:6:can1_dbu_status_2_screen_id_is_in_range	16	static
can1.c:7819:5:can1_dv_control_target_pack	24	static
can1.c:7842:5:can1_dv_control_target_unpack	24	static
can1.c:7863:10:can1_dv_control_target_dv_speed_target_encode	16	static
can1.c:7868:8:can1_dv_control_target_dv_speed_target_decode	16	static
can1.c:7873:6:can1_dv_control_target_dv_speed_target_is_in_range	16	static
can1.c:7880:10:can1_dv_control_target_dv_steering_angle_target_encode	16	static
can1.c:7885:8:can1_dv_control_target_dv_steering_angle_target_decode	16	static
can1.c:7890:6:can1_dv_control_target_dv_steering_angle_target_is_in_range	16	static
can1.c:7897:10:can1_dv_control_target_dv_brake_hydralic_target_encode	16	static
can1.c:7902:8:can1_dv_control_target_dv_brake_hydralic_target_decode	16	static
can1.c:7907:6:can1_dv_control_target_dv_brake_hydralic_target_is_in_range	16	static
can1.c:7914:10:can1_dv_control_target_dv_motor_moment_target_encode	16	static
can1.c:7919:8:can1_dv_control_target_dv_motor_moment_target_decode	16	static
can1.c:7924:6:can1_dv_control_target_dv_motor_moment_target_is_in_range	16	static
can1.c:7931:5:can1_sbg_ecan_msg_gps1_hdt_pack	32	static
can1.c:7957:5:can1_sbg_ecan_msg_gps1_hdt_unpack	32	static
can1.c:7981:10:can1_sbg_ecan_msg_gps1_hdt_true_heading_encode	16	static
can1.c:7986:8:can1_sbg_ecan_msg_gps1_hdt_true_heading_decode	16	static
can1.c:7991:6:can1_sbg_ecan_msg_gps1_hdt_true_heading_is_in_range	16	static
can1.c:7998:10:can1_sbg_ecan_msg_gps1_hdt_true_heading_acc_encode	16	static
can1.c:8003:8:can1_sbg_ecan_msg_gps1_hdt_true_heading_acc_decode	16	static
can1.c:8008:6:can1_sbg_ecan_msg_gps1_hdt_true_heading_acc_is_in_range	16	static
can1.c:8015:9:can1_sbg_ecan_msg_gps1_hdt_pitch_encode	16	static
can1.c:8020:8:can1_sbg_ecan_msg_gps1_hdt_pitch_decode	16	static
can1.c:8025:6:can1_sbg_ecan_msg_gps1_hdt_pitch_is_in_range	16	static
can1.c:8032:10:can1_sbg_ecan_msg_gps1_hdt_pitch_acc_encode	16	static
can1.c:8037:8:can1_sbg_ecan_msg_gps1_hdt_pitch_acc_decode	16	static
can1.c:8042:6:can1_sbg_ecan_msg_gps1_hdt_pitch_acc_is_in_range	16	static
can1.c:8049:5:can1_sbg_ecan_msg_gps1_hdt_info_pack	24	static
can1.c:8070:5:can1_sbg_ecan_msg_gps1_hdt_info_unpack	24	static
can1.c:8089:10:can1_sbg_ecan_msg_gps1_hdt_info_time_stamp_encode	16	static
can1.c:8094:8:can1_sbg_ecan_msg_gps1_hdt_info_time_stamp_decode	16	static
can1.c:8099:6:can1_sbg_ecan_msg_gps1_hdt_info_time_stamp_is_in_range	16	static
can1.c:8104:10:can1_sbg_ecan_msg_gps1_hdt_info_status_encode	16	static
can1.c:8109:8:can1_sbg_ecan_msg_gps1_hdt_info_status_decode	16	static
can1.c:8114:6:can1_sbg_ecan_msg_gps1_hdt_info_status_is_in_range	16	static
can1.c:8121:5:can1_sbg_ecan_msg_odo_vel_pack	32	static
can1.c:8141:5:can1_sbg_ecan_msg_odo_vel_unpack	32	static
can1.c:8159:9:can1_sbg_ecan_msg_odo_vel_velocity_encode	16	static
can1.c:8164:8:can1_sbg_ecan_msg_odo_vel_velocity_decode	16	static
can1.c:8169:6:can1_sbg_ecan_msg_odo_vel_velocity_is_in_range	16	static
can1.c:8176:5:can1_sbg_ecan_msg_ekf_vel_ned_acc_pack	32	static
can1.c:8204:5:can1_sbg_ecan_msg_ekf_vel_ned_acc_unpack	32	static
can1.c:8230:9:can1_sbg_ecan_msg_ekf_vel_ned_acc_velocity_acc_n_encode	16	static
can1.c:8235:8:can1_sbg_ecan_msg_ekf_vel_ned_acc_velocity_acc_n_decode	16	static
can1.c:8240:6:can1_sbg_ecan_msg_ekf_vel_ned_acc_velocity_acc_n_is_in_range	16	static
can1.c:8247:9:can1_sbg_ecan_msg_ekf_vel_ned_acc_velocity_acc_e_encode	16	static
can1.c:8252:8:can1_sbg_ecan_msg_ekf_vel_ned_acc_velocity_acc_e_decode	16	static
can1.c:8257:6:can1_sbg_ecan_msg_ekf_vel_ned_acc_velocity_acc_e_is_in_range	16	static
can1.c:8264:9:can1_sbg_ecan_msg_ekf_vel_ned_acc_velocity_acc_d_encode	16	static
can1.c:8269:8:can1_sbg_ecan_msg_ekf_vel_ned_acc_velocity_acc_d_decode	16	static
can1.c:8274:6:can1_sbg_ecan_msg_ekf_vel_ned_acc_velocity_acc_d_is_in_range	16	static
can1.c:8281:5:can1_sbg_ecan_msg_ekf_vel_ned_pack	32	static
can1.c:8309:5:can1_sbg_ecan_msg_ekf_vel_ned_unpack	32	static
can1.c:8335:9:can1_sbg_ecan_msg_ekf_vel_ned_velocity_n_encode	16	static
can1.c:8340:8:can1_sbg_ecan_msg_ekf_vel_ned_velocity_n_decode	16	static
can1.c:8345:6:can1_sbg_ecan_msg_ekf_vel_ned_velocity_n_is_in_range	16	static
can1.c:8352:9:can1_sbg_ecan_msg_ekf_vel_ned_velocity_e_encode	16	static
can1.c:8357:8:can1_sbg_ecan_msg_ekf_vel_ned_velocity_e_decode	16	static
can1.c:8362:6:can1_sbg_ecan_msg_ekf_vel_ned_velocity_e_is_in_range	16	static
can1.c:8369:9:can1_sbg_ecan_msg_ekf_vel_ned_velocity_d_encode	16	static
can1.c:8374:8:can1_sbg_ecan_msg_ekf_vel_ned_velocity_d_decode	16	static
can1.c:8379:6:can1_sbg_ecan_msg_ekf_vel_ned_velocity_d_is_in_range	16	static
can1.c:8386:5:can1_sbg_ecan_msg_ekf_pos_acc_pack	24	static
can1.c:8407:5:can1_sbg_ecan_msg_ekf_pos_acc_unpack	24	static
can1.c:8426:10:can1_sbg_ecan_msg_ekf_pos_acc_latitude_acc_encode	16	static
can1.c:8431:8:can1_sbg_ecan_msg_ekf_pos_acc_latitude_acc_decode	16	static
can1.c:8436:6:can1_sbg_ecan_msg_ekf_pos_acc_latitude_acc_is_in_range	16	static
can1.c:8443:10:can1_sbg_ecan_msg_ekf_pos_acc_longitude_acc_encode	16	static
can1.c:8448:8:can1_sbg_ecan_msg_ekf_pos_acc_longitude_acc_decode	16	static
can1.c:8453:6:can1_sbg_ecan_msg_ekf_pos_acc_longitude_acc_is_in_range	16	static
can1.c:8460:10:can1_sbg_ecan_msg_ekf_pos_acc_altitude_acc_encode	16	static
can1.c:8465:8:can1_sbg_ecan_msg_ekf_pos_acc_altitude_acc_decode	16	static
can1.c:8470:6:can1_sbg_ecan_msg_ekf_pos_acc_altitude_acc_is_in_range	16	static
can1.c:8477:5:can1_sbg_ecan_msg_ekf_pos_pack	32	static
can1.c:8505:5:can1_sbg_ecan_msg_ekf_pos_unpack	32	static
can1.c:8531:9:can1_sbg_ecan_msg_ekf_pos_latitude_encode	16	static
can1.c:8536:8:can1_sbg_ecan_msg_ekf_pos_latitude_decode	16	static
can1.c:8541:6:can1_sbg_ecan_msg_ekf_pos_latitude_is_in_range	16	static
can1.c:8548:9:can1_sbg_ecan_msg_ekf_pos_longitude_encode	16	static
can1.c:8553:8:can1_sbg_ecan_msg_ekf_pos_longitude_decode	16	static
can1.c:8558:6:can1_sbg_ecan_msg_ekf_pos_longitude_is_in_range	16	static
can1.c:8565:5:can1_sbg_ecan_msg_ekf_orientation_acc_pack	24	static
can1.c:8586:5:can1_sbg_ecan_msg_ekf_orientation_acc_unpack	24	static
can1.c:8605:10:can1_sbg_ecan_msg_ekf_orientation_acc_roll_acc_encode	16	static
can1.c:8610:8:can1_sbg_ecan_msg_ekf_orientation_acc_roll_acc_decode	16	static
can1.c:8615:6:can1_sbg_ecan_msg_ekf_orientation_acc_roll_acc_is_in_range	16	static
can1.c:8622:10:can1_sbg_ecan_msg_ekf_orientation_acc_pitch_acc_encode	16	static
can1.c:8627:8:can1_sbg_ecan_msg_ekf_orientation_acc_pitch_acc_decode	16	static
can1.c:8632:6:can1_sbg_ecan_msg_ekf_orientation_acc_pitch_acc_is_in_range	16	static
can1.c:8639:10:can1_sbg_ecan_msg_ekf_orientation_acc_yaw_acc_encode	16	static
can1.c:8644:8:can1_sbg_ecan_msg_ekf_orientation_acc_yaw_acc_decode	16	static
can1.c:8649:6:can1_sbg_ecan_msg_ekf_orientation_acc_yaw_acc_is_in_range	16	static
can1.c:8656:5:can1_sbg_ecan_msg_ekf_euler_pack	32	static
can1.c:8684:5:can1_sbg_ecan_msg_ekf_euler_unpack	32	static
can1.c:8710:9:can1_sbg_ecan_msg_ekf_euler_roll_encode	16	static
can1.c:8715:8:can1_sbg_ecan_msg_ekf_euler_roll_decode	16	static
can1.c:8720:6:can1_sbg_ecan_msg_ekf_euler_roll_is_in_range	16	static
can1.c:8727:9:can1_sbg_ecan_msg_ekf_euler_pitch_encode	16	static
can1.c:8732:8:can1_sbg_ecan_msg_ekf_euler_pitch_decode	16	static
can1.c:8737:6:can1_sbg_ecan_msg_ekf_euler_pitch_is_in_range	16	static
can1.c:8744:9:can1_sbg_ecan_msg_ekf_euler_yaw_encode	16	static
can1.c:8749:8:can1_sbg_ecan_msg_ekf_euler_yaw_decode	16	static
can1.c:8754:6:can1_sbg_ecan_msg_ekf_euler_yaw_is_in_range	16	static
can1.c:8761:5:can1_sbg_ecan_msg_ekf_info_pack	24	static
can1.c:8780:5:can1_sbg_ecan_msg_ekf_info_unpack	24	static
can1.c:8797:10:can1_sbg_ecan_msg_ekf_info_time_stamp_encode	16	static
can1.c:8802:8:can1_sbg_ecan_msg_ekf_info_time_stamp_decode	16	static
can1.c:8807:6:can1_sbg_ecan_msg_ekf_info_time_stamp_is_in_range	16	static
can1.c:8812:5:can1_sbg_ecan_msg_imu_gyro_pack	32	static
can1.c:8840:5:can1_sbg_ecan_msg_imu_gyro_unpack	32	static
can1.c:8866:9:can1_sbg_ecan_msg_imu_gyro_gyro_x_encode	16	static
can1.c:8871:8:can1_sbg_ecan_msg_imu_gyro_gyro_x_decode	16	static
can1.c:8876:6:can1_sbg_ecan_msg_imu_gyro_gyro_x_is_in_range	16	static
can1.c:8883:9:can1_sbg_ecan_msg_imu_gyro_gyro_y_encode	16	static
can1.c:8888:8:can1_sbg_ecan_msg_imu_gyro_gyro_y_decode	16	static
can1.c:8893:6:can1_sbg_ecan_msg_imu_gyro_gyro_y_is_in_range	16	static
can1.c:8900:9:can1_sbg_ecan_msg_imu_gyro_gyro_z_encode	16	static
can1.c:8905:8:can1_sbg_ecan_msg_imu_gyro_gyro_z_decode	16	static
can1.c:8910:6:can1_sbg_ecan_msg_imu_gyro_gyro_z_is_in_range	16	static
can1.c:8917:5:can1_sbg_ecan_msg_imu_accel_pack	32	static
can1.c:8945:5:can1_sbg_ecan_msg_imu_accel_unpack	32	static
can1.c:8971:9:can1_sbg_ecan_msg_imu_accel_accel_x_encode	16	static
can1.c:8976:8:can1_sbg_ecan_msg_imu_accel_accel_x_decode	16	static
can1.c:8981:6:can1_sbg_ecan_msg_imu_accel_accel_x_is_in_range	16	static
can1.c:8988:9:can1_sbg_ecan_msg_imu_accel_accel_y_encode	16	static
can1.c:8993:8:can1_sbg_ecan_msg_imu_accel_accel_y_decode	16	static
can1.c:8998:6:can1_sbg_ecan_msg_imu_accel_accel_y_is_in_range	16	static
can1.c:9005:9:can1_sbg_ecan_msg_imu_accel_accel_z_encode	16	static
can1.c:9010:8:can1_sbg_ecan_msg_imu_accel_accel_z_decode	16	static
can1.c:9015:6:can1_sbg_ecan_msg_imu_accel_accel_z_is_in_range	16	static
can1.c:9022:5:can1_sbg_ecan_msg_imu_info_pack	32	static
can1.c:9048:5:can1_sbg_ecan_msg_imu_info_unpack	32	static
can1.c:9072:10:can1_sbg_ecan_msg_imu_info_time_stamp_encode	16	static
can1.c:9077:8:can1_sbg_ecan_msg_imu_info_time_stamp_decode	16	static
can1.c:9082:6:can1_sbg_ecan_msg_imu_info_time_stamp_is_in_range	16	static
can1.c:9087:10:can1_sbg_ecan_msg_imu_info_status_encode	16	static
can1.c:9092:8:can1_sbg_ecan_msg_imu_info_status_decode	16	static
can1.c:9097:6:can1_sbg_ecan_msg_imu_info_status_is_in_range	16	static
can1.c:9104:9:can1_sbg_ecan_msg_imu_info_temperature_encode	16	static
can1.c:9109:8:can1_sbg_ecan_msg_imu_info_temperature_decode	16	static
can1.c:9114:6:can1_sbg_ecan_msg_imu_info_temperature_is_in_range	16	static
can1.c:9121:5:can1_sbg_ecan_msg_auto_slip_curv_pack	32	static
can1.c:9148:5:can1_sbg_ecan_msg_auto_slip_curv_unpack	32	static
can1.c:9173:9:can1_sbg_ecan_msg_auto_slip_curv_angle_track_encode	16	static
can1.c:9178:8:can1_sbg_ecan_msg_auto_slip_curv_angle_track_decode	16	static
can1.c:9183:6:can1_sbg_ecan_msg_auto_slip_curv_angle_track_is_in_range	16	static
can1.c:9190:9:can1_sbg_ecan_msg_auto_slip_curv_angle_slip_encode	16	static
can1.c:9195:8:can1_sbg_ecan_msg_auto_slip_curv_angle_slip_decode	16	static
can1.c:9200:6:can1_sbg_ecan_msg_auto_slip_curv_angle_slip_is_in_range	16	static
can1.c:9207:10:can1_sbg_ecan_msg_auto_slip_curv_curvature_radius_encode	16	static
can1.c:9212:8:can1_sbg_ecan_msg_auto_slip_curv_curvature_radius_decode	16	static
can1.c:9217:6:can1_sbg_ecan_msg_auto_slip_curv_curvature_radius_is_in_range	16	static
can1.c:9224:9:can1_sbg_ecan_msg_auto_slip_curv_auto_status_encode	16	static
can1.c:9229:8:can1_sbg_ecan_msg_auto_slip_curv_auto_status_decode	16	static
can1.c:9234:6:can1_sbg_ecan_msg_auto_slip_curv_auto_status_is_in_range	16	static
can1.c:9241:5:can1_vehicle_status_wheel_speed_pack	32	static
can1.c:9273:5:can1_vehicle_status_wheel_speed_unpack	32	static
can1.c:9303:9:can1_vehicle_status_wheel_speed_wheel_speed_fl_encode	16	static
can1.c:9308:8:can1_vehicle_status_wheel_speed_wheel_speed_fl_decode	16	static
can1.c:9313:6:can1_vehicle_status_wheel_speed_wheel_speed_fl_is_in_range	16	static
can1.c:9320:9:can1_vehicle_status_wheel_speed_wheel_speed_fr_encode	16	static
can1.c:9325:8:can1_vehicle_status_wheel_speed_wheel_speed_fr_decode	16	static
can1.c:9330:6:can1_vehicle_status_wheel_speed_wheel_speed_fr_is_in_range	16	static
can1.c:9337:9:can1_vehicle_status_wheel_speed_wheel_speed_rl_encode	16	static
can1.c:9342:8:can1_vehicle_status_wheel_speed_wheel_speed_rl_decode	16	static
can1.c:9347:6:can1_vehicle_status_wheel_speed_wheel_speed_rl_is_in_range	16	static
can1.c:9354:9:can1_vehicle_status_wheel_speed_wheel_speed_rr_encode	16	static
can1.c:9359:8:can1_vehicle_status_wheel_speed_wheel_speed_rr_decode	16	static
can1.c:9364:6:can1_vehicle_status_wheel_speed_wheel_speed_rr_is_in_range	16	static
