main.c:64:5:main	8	static
main.c:140:6:SystemClock_Config	88	static
main.c:183:6:start_SM_task	24	static
main.c:203:6:start_IWDG_task	24	static
main.c:223:6:start_event_handler_task	24	static
main.c:243:6:start_IMD_task	24	static
main.c:263:6:start_GPIO_task	24	static
main.c:283:6:start_ADC_task	24	static
main.c:303:6:start_COM_task	24	static
main.c:323:6:start_CAN_rx_task	24	static
main.c:343:6:start_CAN_tx_task	24	static
main.c:363:6:start_CSE_task	24	static
main.c:383:6:start_COOL_task	24	static
main.c:403:6:start_SIM_task	24	static
main.c:433:6:HAL_TIM_PeriodElapsedCallback	16	static
main.c:449:6:Error_Handler	4	static,ignoring_inline_asm
