main.c:185:5:main	8	static
main.c:322:6:SystemClock_Config	88	static
main.c:375:6:__wait_for_data	40	static
main.c:396:6:__raise_ams_error	16	static
main.c:405:6:__raise_imd_error	16	static
main.c:415:6:start_SM_task	120	static
main.c:524:6:start_IMD_task	56	static
main.c:551:6:start_GPIO_task	48	static
main.c:581:6:start_ADC_task	192	static
main.c:608:6:start_COM_task	80	static
main.c:726:6:start_CAN_task	40	static
main.c:759:6:start_CSE_task	80	static
main.c:812:6:start_COOL_task	128	static
main.c:868:6:start_event_handler_task	40	static
main.c:907:6:start_IWDG_task	32	static
main.c:934:6:start_SIM_task	64	static
main.c:1003:6:HAL_TIM_PeriodElapsedCallback	16	static
main.c:1020:6:Error_Handler	4	static,ignoring_inline_asm
