programme_functions.c:13:6:set_air_plus_ext	16	static
programme_functions.c:21:9:get_air_plus_ext	8	static
programme_functions.c:29:6:set_air_minus_ext	16	static
programme_functions.c:37:9:get_air_minus_ext	8	static
programme_functions.c:45:6:set_precharge_ext	16	static
programme_functions.c:53:9:get_precharge_ext	8	static
programme_functions.c:62:6:set_ams_error_ext	16	static
programme_functions.c:70:9:get_ams_error_latched_ext	4	static
programme_functions.c:78:6:set_imd_error_ext	16	static
programme_functions.c:86:9:get_imd_error_latched_ext	4	static
programme_functions.c:94:9:get_sc_probe_ext	8	static
programme_functions.c:102:9:get_imd_ok_ext	4	static
programme_functions.c:110:6:set_charger_voltage_limit_ext	16	static
programme_functions.c:114:6:set_charger_current_limit_ext	16	static
programme_functions.c:118:6:set_enable_charge_ext	16	static
programme_functions.c:122:6:set_balance_ext	24	static
