rtos_CAN.c:26:8:DECODER	72	static
rtos_CAN.c:36:6:initialize_CAN	16	static
rtos_CAN.c:73:6:tx_send_can	8	static
rtos_CAN.c:92:6:tx_send_can_fromISR	16	static,ignoring_inline_asm
rtos_CAN.c:117:6:HAL_CAN_TxMailbox0CompleteCallback	16	static
rtos_CAN.c:121:6:HAL_CAN_TxMailbox1CompleteCallback	16	static
rtos_CAN.c:125:6:HAL_CAN_TxMailbox2CompleteCallback	16	static
rtos_CAN.c:134:6:HAL_CAN_RxFifo0MsgPendingCallback	24	static,ignoring_inline_asm
rtos_CAN.c:152:6:HAL_CAN_RxFifo1MsgPendingCallback	24	static,ignoring_inline_asm
rtos_CAN.c:171:6:ivt_msg_result_u3_unpack_and_send	16	static
rtos_CAN.c:191:6:ivt_msg_result_i_unpack_and_send	16	static
rtos_CAN.c:210:6:ivt_msg_result_u1_unpack_and_send	16	static
rtos_CAN.c:229:6:dbu_status_1_unpack_and_send	16	static
rtos_CAN.c:253:6:ivt_msg_result_u2_unpack_and_send	16	static
rtos_CAN.c:271:6:ams_status_1_pack_and_send	8	static
rtos_CAN.c:321:6:ams_cell_voltages_pack_and_send	8	static
rtos_CAN.c:705:6:ams_cell_temperatures_pack_and_send	8	static
rtos_CAN.c:957:6:ams_temperatures_pack_and_send	8	static
rtos_CAN.c:990:6:can1_filter_config	48	static
rtos_CAN.c:1013:6:simple_filter	48	static
rtos_CAN.c:1051:6:can2_filter_config	48	static
