rtos_CAN.c:46:8:DECODER	72	static
rtos_CAN.c:56:6:initialize_CAN	640	static
rtos_CAN.c:139:6:tx_send_can	8	static
rtos_CAN.c:158:6:tx_send_can_fromISR	16	static,ignoring_inline_asm
rtos_CAN.c:183:6:HAL_CAN_TxMailbox0CompleteCallback	16	static
rtos_CAN.c:187:6:HAL_CAN_TxMailbox1CompleteCallback	16	static
rtos_CAN.c:191:6:HAL_CAN_TxMailbox2CompleteCallback	16	static
rtos_CAN.c:200:6:HAL_CAN_RxFifo0MsgPendingCallback	24	static,ignoring_inline_asm
rtos_CAN.c:218:6:HAL_CAN_RxFifo1MsgPendingCallback	24	static,ignoring_inline_asm
rtos_CAN.c:237:6:ivt_msg_result_u3_unpack_and_send	16	static
rtos_CAN.c:258:6:ivt_msg_result_i_unpack_and_send	16	static
rtos_CAN.c:278:6:ivt_msg_result_u1_unpack_and_send	16	static
rtos_CAN.c:298:6:dbu_status_1_unpack_and_send	16	static
rtos_CAN.c:322:6:ivt_msg_result_u2_unpack_and_send	16	static
rtos_CAN.c:341:6:ams_status_1_pack_and_send	8	static
rtos_CAN.c:391:6:ams_cell_voltages_pack_and_send	8	static
rtos_CAN.c:775:6:ams_cell_temperatures_pack_and_send	8	static
rtos_CAN.c:1027:6:ams_temperatures_pack_and_send	8	static
rtos_CAN.c:1061:6:can1_filter_config	48	static
rtos_CAN.c:1084:6:simple_filter	48	static
rtos_CAN.c:1122:6:can2_filter_config	48	static
