SIM.c:18:6:set_AIR_plus_state	16	static
SIM.c:23:6:set_AIR_minus_state	16	static
SIM.c:28:6:set_precharge_state	16	static
SIM.c:33:9:get_AIR_plus_state	4	static
SIM.c:38:9:get_AIR_minus_state	4	static
SIM.c:43:9:get_precharge_state	4	static
SIM.c:48:6:set_charger_voltage	16	static
SIM.c:52:6:set_charger_current	16	static
SIM.c:56:6:set_ams_error	16	static
SIM.c:60:9:get_ams_error_latched	4	static
SIM.c:64:6:set_imd_error	16	static
SIM.c:68:9:get_imd_error_latched	4	static
SIM.c:74:6:toggle_SC	4	static
SIM.c:78:5:dec_tim	16	static
SIM.c:86:6:initialize_SIM	8	static
SIM.c:91:6:SIM_step	72	static
