stm32f4xx_it.c:76:6:NMI_Handler	4	static
stm32f4xx_it.c:91:6:HardFault_Handler	4	static
stm32f4xx_it.c:106:6:MemManage_Handler	4	static
stm32f4xx_it.c:121:6:BusFault_Handler	4	static
stm32f4xx_it.c:136:6:UsageFault_Handler	4	static
stm32f4xx_it.c:151:6:DebugMon_Handler	4	static
stm32f4xx_it.c:171:6:ADC_IRQHandler	8	static
stm32f4xx_it.c:185:6:CAN1_TX_IRQHandler	8	static
stm32f4xx_it.c:199:6:CAN1_RX0_IRQHandler	8	static
stm32f4xx_it.c:213:6:CAN1_RX1_IRQHandler	8	static
stm32f4xx_it.c:227:6:TIM2_IRQHandler	8	static
stm32f4xx_it.c:241:6:TIM3_IRQHandler	8	static
stm32f4xx_it.c:255:6:TIM5_IRQHandler	8	static
stm32f4xx_it.c:269:6:DMA2_Stream0_IRQHandler	8	static
stm32f4xx_it.c:283:6:CAN2_TX_IRQHandler	8	static
stm32f4xx_it.c:297:6:CAN2_RX0_IRQHandler	8	static
stm32f4xx_it.c:311:6:CAN2_RX1_IRQHandler	8	static
