can1.c:35:23:pack_left_shift_u8	16	static
can1.c:43:23:pack_left_shift_u16	16	static
can1.c:51:23:pack_left_shift_u32	16	static
can1.c:59:23:pack_right_shift_u8	16	static
can1.c:67:23:pack_right_shift_u16	16	static
can1.c:75:23:pack_right_shift_u32	16	static
can1.c:83:23:unpack_left_shift_u8	16	static
can1.c:91:24:unpack_left_shift_u16	16	static
can1.c:99:24:unpack_left_shift_u32	16	static
can1.c:107:23:unpack_right_shift_u8	16	static
can1.c:115:24:unpack_right_shift_u16	16	static
can1.c:123:24:unpack_right_shift_u32	16	static
can1.c:131:5:can1_ams_status_1_pack	32	static
can1.c:166:5:can1_ams_status_1_unpack	32	static
can1.c:209:9:can1_ams_status_1_charging_status_encode	16	static
can1.c:214:8:can1_ams_status_1_charging_status_decode	16	static
can1.c:219:6:can1_ams_status_1_charging_status_is_in_range	16	static
can1.c:224:9:can1_ams_status_1_air1_closed_encode	16	static
can1.c:229:8:can1_ams_status_1_air1_closed_decode	16	static
can1.c:234:6:can1_ams_status_1_air1_closed_is_in_range	16	static
can1.c:239:9:can1_ams_status_1_air2_closed_encode	16	static
can1.c:244:8:can1_ams_status_1_air2_closed_decode	16	static
can1.c:249:6:can1_ams_status_1_air2_closed_is_in_range	16	static
can1.c:254:9:can1_ams_status_1_sc_closed_encode	16	static
can1.c:259:8:can1_ams_status_1_sc_closed_decode	16	static
can1.c:264:6:can1_ams_status_1_sc_closed_is_in_range	16	static
can1.c:269:9:can1_ams_status_1_pre_charge_status_encode	16	static
can1.c:274:8:can1_ams_status_1_pre_charge_status_decode	16	static
can1.c:279:6:can1_ams_status_1_pre_charge_status_is_in_range	16	static
can1.c:284:9:can1_ams_status_1_ams_error_encode	16	static
can1.c:289:8:can1_ams_status_1_ams_error_decode	16	static
can1.c:294:6:can1_ams_status_1_ams_error_is_in_range	16	static
can1.c:299:9:can1_ams_status_1_imd_error_encode	16	static
can1.c:304:8:can1_ams_status_1_imd_error_decode	16	static
can1.c:309:6:can1_ams_status_1_imd_error_is_in_range	16	static
can1.c:314:9:can1_ams_status_1_state_of_charge_encode	16	static
can1.c:319:8:can1_ams_status_1_state_of_charge_decode	16	static
can1.c:324:6:can1_ams_status_1_state_of_charge_is_in_range	16	static
can1.c:329:9:can1_ams_status_1_min_cell_voltage_encode	16	static
can1.c:334:8:can1_ams_status_1_min_cell_voltage_decode	16	static
can1.c:339:6:can1_ams_status_1_min_cell_voltage_is_in_range	16	static
can1.c:346:9:can1_ams_status_1_max_cell_voltage_encode	16	static
can1.c:351:8:can1_ams_status_1_max_cell_voltage_decode	16	static
can1.c:356:6:can1_ams_status_1_max_cell_voltage_is_in_range	16	static
can1.c:363:9:can1_ams_status_1_min_cell_temperature_encode	16	static
can1.c:368:8:can1_ams_status_1_min_cell_temperature_decode	16	static
can1.c:373:6:can1_ams_status_1_min_cell_temperature_is_in_range	16	static
can1.c:378:9:can1_ams_status_1_max_cell_temperature_encode	16	static
can1.c:383:8:can1_ams_status_1_max_cell_temperature_decode	16	static
can1.c:388:6:can1_ams_status_1_max_cell_temperature_is_in_range	16	static
can1.c:393:9:can1_ams_status_1_fan_speed_encode	16	static
can1.c:398:8:can1_ams_status_1_fan_speed_decode	16	static
can1.c:403:6:can1_ams_status_1_fan_speed_is_in_range	16	static
can1.c:408:5:can1_dv_driving_dynamics_1_pack	32	static
can1.c:440:5:can1_dv_driving_dynamics_1_unpack	32	static
can1.c:470:9:can1_dv_driving_dynamics_1_speed_actual_encode	16	static
can1.c:475:8:can1_dv_driving_dynamics_1_speed_actual_decode	16	static
can1.c:480:6:can1_dv_driving_dynamics_1_speed_actual_is_in_range	16	static
can1.c:487:9:can1_dv_driving_dynamics_1_speed_target_encode	16	static
can1.c:492:8:can1_dv_driving_dynamics_1_speed_target_decode	16	static
can1.c:497:6:can1_dv_driving_dynamics_1_speed_target_is_in_range	16	static
can1.c:504:8:can1_dv_driving_dynamics_1_steering_angle_actual_encode	16	static
can1.c:509:8:can1_dv_driving_dynamics_1_steering_angle_actual_decode	16	static
can1.c:514:6:can1_dv_driving_dynamics_1_steering_angle_actual_is_in_range	16	static
can1.c:521:8:can1_dv_driving_dynamics_1_steering_angle_target_encode	16	static
can1.c:526:8:can1_dv_driving_dynamics_1_steering_angle_target_decode	16	static
can1.c:531:6:can1_dv_driving_dynamics_1_steering_angle_target_is_in_range	16	static
can1.c:538:9:can1_dv_driving_dynamics_1_brake_hydr_actual_encode	16	static
can1.c:543:8:can1_dv_driving_dynamics_1_brake_hydr_actual_decode	16	static
can1.c:548:6:can1_dv_driving_dynamics_1_brake_hydr_actual_is_in_range	16	static
can1.c:555:9:can1_dv_driving_dynamics_1_brake_hydr_target_encode	16	static
can1.c:560:8:can1_dv_driving_dynamics_1_brake_hydr_target_decode	16	static
can1.c:565:6:can1_dv_driving_dynamics_1_brake_hydr_target_is_in_range	16	static
can1.c:572:8:can1_dv_driving_dynamics_1_motor_moment_actual_encode	16	static
can1.c:577:8:can1_dv_driving_dynamics_1_motor_moment_actual_decode	16	static
can1.c:582:6:can1_dv_driving_dynamics_1_motor_moment_actual_is_in_range	16	static
can1.c:589:8:can1_dv_driving_dynamics_1_motor_moment_target_encode	16	static
can1.c:594:8:can1_dv_driving_dynamics_1_motor_moment_target_decode	16	static
can1.c:599:6:can1_dv_driving_dynamics_1_motor_moment_target_is_in_range	16	static
can1.c:606:5:can1_dv_driving_dynamics_2_pack	32	static
can1.c:631:5:can1_dv_driving_dynamics_2_unpack	32	static
can1.c:654:8:can1_dv_driving_dynamics_2_acceleration_longitudinal_encode	16	static
can1.c:659:8:can1_dv_driving_dynamics_2_acceleration_longitudinal_decode	16	static
can1.c:664:6:can1_dv_driving_dynamics_2_acceleration_longitudinal_is_in_range	16	static
can1.c:671:8:can1_dv_driving_dynamics_2_acceleration_lateral_encode	16	static
can1.c:676:8:can1_dv_driving_dynamics_2_acceleration_lateral_decode	16	static
can1.c:681:6:can1_dv_driving_dynamics_2_acceleration_lateral_is_in_range	16	static
can1.c:688:8:can1_dv_driving_dynamics_2_yaw_rate_encode	16	static
can1.c:693:8:can1_dv_driving_dynamics_2_yaw_rate_decode	16	static
can1.c:698:6:can1_dv_driving_dynamics_2_yaw_rate_is_in_range	16	static
can1.c:705:5:can1_dv_system_status_pack	24	static
can1.c:731:5:can1_dv_system_status_unpack	24	static
can1.c:755:9:can1_dv_system_status_as_state_encode	16	static
can1.c:760:8:can1_dv_system_status_as_state_decode	16	static
can1.c:765:6:can1_dv_system_status_as_state_is_in_range	16	static
can1.c:770:9:can1_dv_system_status_ebs_state_encode	16	static
can1.c:775:8:can1_dv_system_status_ebs_state_decode	16	static
can1.c:780:6:can1_dv_system_status_ebs_state_is_in_range	16	static
can1.c:785:9:can1_dv_system_status_ami_state_encode	16	static
can1.c:790:8:can1_dv_system_status_ami_state_decode	16	static
can1.c:795:6:can1_dv_system_status_ami_state_is_in_range	16	static
can1.c:800:9:can1_dv_system_status_steering_state_encode	16	static
can1.c:805:8:can1_dv_system_status_steering_state_decode	16	static
can1.c:810:6:can1_dv_system_status_steering_state_is_in_range	16	static
can1.c:815:9:can1_dv_system_status_service_brake_state_encode	16	static
can1.c:820:8:can1_dv_system_status_service_brake_state_decode	16	static
can1.c:825:6:can1_dv_system_status_service_brake_state_is_in_range	16	static
can1.c:830:9:can1_dv_system_status_lap_counter_encode	16	static
can1.c:835:8:can1_dv_system_status_lap_counter_decode	16	static
can1.c:840:6:can1_dv_system_status_lap_counter_is_in_range	16	static
can1.c:845:9:can1_dv_system_status_cones_count_actual_encode	16	static
can1.c:850:8:can1_dv_system_status_cones_count_actual_decode	16	static
can1.c:855:6:can1_dv_system_status_cones_count_actual_is_in_range	16	static
can1.c:862:10:can1_dv_system_status_cones_count_all_encode	16	static
can1.c:867:8:can1_dv_system_status_cones_count_all_decode	16	static
can1.c:872:6:can1_dv_system_status_cones_count_all_is_in_range	16	static
can1.c:877:5:can1_res_status_pack	24	static
can1.c:896:5:can1_res_status_unpack	24	static
can1.c:913:9:can1_res_status_e_stop_encode	16	static
can1.c:918:8:can1_res_status_e_stop_decode	16	static
can1.c:923:6:can1_res_status_e_stop_is_in_range	16	static
can1.c:928:9:can1_res_status_switch_status_encode	16	static
can1.c:933:8:can1_res_status_switch_status_decode	16	static
can1.c:938:6:can1_res_status_switch_status_is_in_range	16	static
can1.c:943:9:can1_res_status_button_status_encode	16	static
can1.c:948:8:can1_res_status_button_status_decode	16	static
can1.c:953:6:can1_res_status_button_status_is_in_range	16	static
can1.c:958:9:can1_res_status_e_stop_redundancy_encode	16	static
can1.c:963:8:can1_res_status_e_stop_redundancy_decode	16	static
can1.c:968:6:can1_res_status_e_stop_redundancy_is_in_range	16	static
can1.c:973:5:can1_res_initialization_pack	24	static
can1.c:989:5:can1_res_initialization_unpack	24	static
can1.c:1003:9:can1_res_initialization_res_init_encode	16	static
can1.c:1008:8:can1_res_initialization_res_init_decode	16	static
can1.c:1013:6:can1_res_initialization_res_init_is_in_range	16	static
can1.c:1020:5:can1_res_ntm_node_control_pack	24	static
can1.c:1037:5:can1_res_ntm_node_control_unpack	24	static
can1.c:1052:9:can1_res_ntm_node_control_requested_state_encode	16	static
can1.c:1057:8:can1_res_ntm_node_control_requested_state_decode	16	static
can1.c:1062:6:can1_res_ntm_node_control_requested_state_is_in_range	16	static
can1.c:1069:9:can1_res_ntm_node_control_node_id_encode	16	static
can1.c:1074:8:can1_res_ntm_node_control_node_id_decode	16	static
can1.c:1079:6:can1_res_ntm_node_control_node_id_is_in_range	16	static
can1.c:1086:5:can1_swu_status_pack	32	static
can1.c:1122:5:can1_swu_status_unpack	32	static
can1.c:1156:9:can1_swu_status_button_1_encode	16	static
can1.c:1161:8:can1_swu_status_button_1_decode	16	static
can1.c:1166:6:can1_swu_status_button_1_is_in_range	16	static
can1.c:1171:9:can1_swu_status_button_2_encode	16	static
can1.c:1176:8:can1_swu_status_button_2_decode	16	static
can1.c:1181:6:can1_swu_status_button_2_is_in_range	16	static
can1.c:1186:9:can1_swu_status_button_3_encode	16	static
can1.c:1191:8:can1_swu_status_button_3_decode	16	static
can1.c:1196:6:can1_swu_status_button_3_is_in_range	16	static
can1.c:1201:9:can1_swu_status_button_4_encode	16	static
can1.c:1206:8:can1_swu_status_button_4_decode	16	static
can1.c:1211:6:can1_swu_status_button_4_is_in_range	16	static
can1.c:1216:9:can1_swu_status_button_5_encode	16	static
can1.c:1221:8:can1_swu_status_button_5_decode	16	static
can1.c:1226:6:can1_swu_status_button_5_is_in_range	16	static
can1.c:1231:9:can1_swu_status_button_6_encode	16	static
can1.c:1236:8:can1_swu_status_button_6_decode	16	static
can1.c:1241:6:can1_swu_status_button_6_is_in_range	16	static
can1.c:1246:9:can1_swu_status_rotary_switch_1_encode	16	static
can1.c:1251:8:can1_swu_status_rotary_switch_1_decode	16	static
can1.c:1256:6:can1_swu_status_rotary_switch_1_is_in_range	16	static
can1.c:1261:9:can1_swu_status_rotary_switch_2_encode	16	static
can1.c:1266:8:can1_swu_status_rotary_switch_2_decode	16	static
can1.c:1271:6:can1_swu_status_rotary_switch_2_is_in_range	16	static
can1.c:1276:9:can1_swu_status_rotary_switch_3_encode	16	static
can1.c:1281:8:can1_swu_status_rotary_switch_3_decode	16	static
can1.c:1286:6:can1_swu_status_rotary_switch_3_is_in_range	16	static
can1.c:1291:9:can1_swu_status_rotary_switch_4_encode	16	static
can1.c:1296:8:can1_swu_status_rotary_switch_4_decode	16	static
can1.c:1301:6:can1_swu_status_rotary_switch_4_is_in_range	16	static
can1.c:1306:9:can1_swu_status_encoder_1_button_encode	16	static
can1.c:1311:8:can1_swu_status_encoder_1_button_decode	16	static
can1.c:1316:6:can1_swu_status_encoder_1_button_is_in_range	16	static
can1.c:1321:9:can1_swu_status_encoder_2_button_encode	16	static
can1.c:1326:8:can1_swu_status_encoder_2_button_decode	16	static
can1.c:1331:6:can1_swu_status_encoder_2_button_is_in_range	16	static
can1.c:1336:8:can1_swu_status_encoder_1_encode	16	static
can1.c:1341:8:can1_swu_status_encoder_1_decode	16	static
can1.c:1346:6:can1_swu_status_encoder_1_is_in_range	16	static
can1.c:1353:8:can1_swu_status_encoder_2_encode	16	static
can1.c:1358:8:can1_swu_status_encoder_2_decode	16	static
can1.c:1363:6:can1_swu_status_encoder_2_is_in_range	16	static
can1.c:1370:5:can1_dbu_status_1_pack	32	static
can1.c:1392:5:can1_dbu_status_1_unpack	32	static
can1.c:1417:9:can1_dbu_status_1_activate_ts_button_encode	16	static
can1.c:1422:8:can1_dbu_status_1_activate_ts_button_decode	16	static
can1.c:1427:6:can1_dbu_status_1_activate_ts_button_is_in_range	16	static
can1.c:1432:9:can1_dbu_status_1_ready_to_drive_button_encode	16	static
can1.c:1437:8:can1_dbu_status_1_ready_to_drive_button_decode	16	static
can1.c:1442:6:can1_dbu_status_1_ready_to_drive_button_is_in_range	16	static
can1.c:1447:9:can1_dbu_status_1_dbu_temperature_encode	16	static
can1.c:1452:8:can1_dbu_status_1_dbu_temperature_decode	16	static
can1.c:1457:6:can1_dbu_status_1_dbu_temperature_is_in_range	16	static
can1.c:1462:5:can1_ams_temperatures_pack	32	static
can1.c:1494:5:can1_ams_temperatures_unpack	32	static
can1.c:1544:9:can1_ams_temperatures_pre_charge_resistor_temperature_encode	16	static
can1.c:1549:8:can1_ams_temperatures_pre_charge_resistor_temperature_decode	16	static
can1.c:1554:6:can1_ams_temperatures_pre_charge_resistor_temperature_is_in_range	16	static
can1.c:1559:9:can1_ams_temperatures_fuse_resistor_temperature_encode	16	static
can1.c:1564:8:can1_ams_temperatures_fuse_resistor_temperature_decode	16	static
can1.c:1569:6:can1_ams_temperatures_fuse_resistor_temperature_is_in_range	16	static
can1.c:1574:9:can1_ams_temperatures_aux_1_temperature_encode	16	static
can1.c:1579:8:can1_ams_temperatures_aux_1_temperature_decode	16	static
can1.c:1584:6:can1_ams_temperatures_aux_1_temperature_is_in_range	16	static
can1.c:1589:9:can1_ams_temperatures_aux_2_temperature_encode	16	static
can1.c:1594:8:can1_ams_temperatures_aux_2_temperature_decode	16	static
can1.c:1599:6:can1_ams_temperatures_aux_2_temperature_is_in_range	16	static
can1.c:1604:5:can1_ams_cell_voltages_pack	24	static
can1.c:1824:5:can1_ams_cell_voltages_unpack	24	static
can1.c:2042:9:can1_ams_cell_voltages_voltage_multiplexor_encode	16	static
can1.c:2047:8:can1_ams_cell_voltages_voltage_multiplexor_decode	16	static
can1.c:2052:6:can1_ams_cell_voltages_voltage_multiplexor_is_in_range	16	static
can1.c:2059:9:can1_ams_cell_voltages_v1s1_encode	16	static
can1.c:2064:8:can1_ams_cell_voltages_v1s1_decode	16	static
can1.c:2069:6:can1_ams_cell_voltages_v1s1_is_in_range	16	static
can1.c:2076:9:can1_ams_cell_voltages_v7s1_encode	16	static
can1.c:2081:8:can1_ams_cell_voltages_v7s1_decode	16	static
can1.c:2086:6:can1_ams_cell_voltages_v7s1_is_in_range	16	static
can1.c:2093:9:can1_ams_cell_voltages_v1s2_encode	16	static
can1.c:2098:8:can1_ams_cell_voltages_v1s2_decode	16	static
can1.c:2103:6:can1_ams_cell_voltages_v1s2_is_in_range	16	static
can1.c:2110:9:can1_ams_cell_voltages_v7s2_encode	16	static
can1.c:2115:8:can1_ams_cell_voltages_v7s2_decode	16	static
can1.c:2120:6:can1_ams_cell_voltages_v7s2_is_in_range	16	static
can1.c:2127:9:can1_ams_cell_voltages_v1s3_encode	16	static
can1.c:2132:8:can1_ams_cell_voltages_v1s3_decode	16	static
can1.c:2137:6:can1_ams_cell_voltages_v1s3_is_in_range	16	static
can1.c:2144:9:can1_ams_cell_voltages_v7s3_encode	16	static
can1.c:2149:8:can1_ams_cell_voltages_v7s3_decode	16	static
can1.c:2154:6:can1_ams_cell_voltages_v7s3_is_in_range	16	static
can1.c:2161:9:can1_ams_cell_voltages_v1s4_encode	16	static
can1.c:2166:8:can1_ams_cell_voltages_v1s4_decode	16	static
can1.c:2171:6:can1_ams_cell_voltages_v1s4_is_in_range	16	static
can1.c:2178:9:can1_ams_cell_voltages_v7s4_encode	16	static
can1.c:2183:8:can1_ams_cell_voltages_v7s4_decode	16	static
can1.c:2188:6:can1_ams_cell_voltages_v7s4_is_in_range	16	static
can1.c:2195:9:can1_ams_cell_voltages_v1s5_encode	16	static
can1.c:2200:8:can1_ams_cell_voltages_v1s5_decode	16	static
can1.c:2205:6:can1_ams_cell_voltages_v1s5_is_in_range	16	static
can1.c:2212:9:can1_ams_cell_voltages_v7s5_encode	16	static
can1.c:2217:8:can1_ams_cell_voltages_v7s5_decode	16	static
can1.c:2222:6:can1_ams_cell_voltages_v7s5_is_in_range	16	static
can1.c:2229:9:can1_ams_cell_voltages_v1s6_encode	16	static
can1.c:2234:8:can1_ams_cell_voltages_v1s6_decode	16	static
can1.c:2239:6:can1_ams_cell_voltages_v1s6_is_in_range	16	static
can1.c:2246:9:can1_ams_cell_voltages_v7s6_encode	16	static
can1.c:2251:8:can1_ams_cell_voltages_v7s6_decode	16	static
can1.c:2256:6:can1_ams_cell_voltages_v7s6_is_in_range	16	static
can1.c:2263:9:can1_ams_cell_voltages_v1s7_encode	16	static
can1.c:2268:8:can1_ams_cell_voltages_v1s7_decode	16	static
can1.c:2273:6:can1_ams_cell_voltages_v1s7_is_in_range	16	static
can1.c:2280:9:can1_ams_cell_voltages_v7s7_encode	16	static
can1.c:2285:8:can1_ams_cell_voltages_v7s7_decode	16	static
can1.c:2290:6:can1_ams_cell_voltages_v7s7_is_in_range	16	static
can1.c:2297:9:can1_ams_cell_voltages_v1s8_encode	16	static
can1.c:2302:8:can1_ams_cell_voltages_v1s8_decode	16	static
can1.c:2307:6:can1_ams_cell_voltages_v1s8_is_in_range	16	static
can1.c:2314:9:can1_ams_cell_voltages_v7s8_encode	16	static
can1.c:2319:8:can1_ams_cell_voltages_v7s8_decode	16	static
can1.c:2324:6:can1_ams_cell_voltages_v7s8_is_in_range	16	static
can1.c:2331:9:can1_ams_cell_voltages_v1s9_encode	16	static
can1.c:2336:8:can1_ams_cell_voltages_v1s9_decode	16	static
can1.c:2341:6:can1_ams_cell_voltages_v1s9_is_in_range	16	static
can1.c:2348:9:can1_ams_cell_voltages_v7s9_encode	16	static
can1.c:2353:8:can1_ams_cell_voltages_v7s9_decode	16	static
can1.c:2358:6:can1_ams_cell_voltages_v7s9_is_in_range	16	static
can1.c:2365:9:can1_ams_cell_voltages_v1s10_encode	16	static
can1.c:2370:8:can1_ams_cell_voltages_v1s10_decode	16	static
can1.c:2375:6:can1_ams_cell_voltages_v1s10_is_in_range	16	static
can1.c:2382:9:can1_ams_cell_voltages_v7s10_encode	16	static
can1.c:2387:8:can1_ams_cell_voltages_v7s10_decode	16	static
can1.c:2392:6:can1_ams_cell_voltages_v7s10_is_in_range	16	static
can1.c:2399:9:can1_ams_cell_voltages_v1s11_encode	16	static
can1.c:2404:8:can1_ams_cell_voltages_v1s11_decode	16	static
can1.c:2409:6:can1_ams_cell_voltages_v1s11_is_in_range	16	static
can1.c:2416:9:can1_ams_cell_voltages_v7s11_encode	16	static
can1.c:2421:8:can1_ams_cell_voltages_v7s11_decode	16	static
can1.c:2426:6:can1_ams_cell_voltages_v7s11_is_in_range	16	static
can1.c:2433:9:can1_ams_cell_voltages_v1s12_encode	16	static
can1.c:2438:8:can1_ams_cell_voltages_v1s12_decode	16	static
can1.c:2443:6:can1_ams_cell_voltages_v1s12_is_in_range	16	static
can1.c:2450:9:can1_ams_cell_voltages_v7s12_encode	16	static
can1.c:2455:8:can1_ams_cell_voltages_v7s12_decode	16	static
can1.c:2460:6:can1_ams_cell_voltages_v7s12_is_in_range	16	static
can1.c:2467:9:can1_ams_cell_voltages_v2s1_encode	16	static
can1.c:2472:8:can1_ams_cell_voltages_v2s1_decode	16	static
can1.c:2477:6:can1_ams_cell_voltages_v2s1_is_in_range	16	static
can1.c:2484:9:can1_ams_cell_voltages_v8s1_encode	16	static
can1.c:2489:8:can1_ams_cell_voltages_v8s1_decode	16	static
can1.c:2494:6:can1_ams_cell_voltages_v8s1_is_in_range	16	static
can1.c:2501:9:can1_ams_cell_voltages_v2s2_encode	16	static
can1.c:2506:8:can1_ams_cell_voltages_v2s2_decode	16	static
can1.c:2511:6:can1_ams_cell_voltages_v2s2_is_in_range	16	static
can1.c:2518:9:can1_ams_cell_voltages_v8s2_encode	16	static
can1.c:2523:8:can1_ams_cell_voltages_v8s2_decode	16	static
can1.c:2528:6:can1_ams_cell_voltages_v8s2_is_in_range	16	static
can1.c:2535:9:can1_ams_cell_voltages_v2s3_encode	16	static
can1.c:2540:8:can1_ams_cell_voltages_v2s3_decode	16	static
can1.c:2545:6:can1_ams_cell_voltages_v2s3_is_in_range	16	static
can1.c:2552:9:can1_ams_cell_voltages_v8s3_encode	16	static
can1.c:2557:8:can1_ams_cell_voltages_v8s3_decode	16	static
can1.c:2562:6:can1_ams_cell_voltages_v8s3_is_in_range	16	static
can1.c:2569:9:can1_ams_cell_voltages_v2s4_encode	16	static
can1.c:2574:8:can1_ams_cell_voltages_v2s4_decode	16	static
can1.c:2579:6:can1_ams_cell_voltages_v2s4_is_in_range	16	static
can1.c:2586:9:can1_ams_cell_voltages_v8s4_encode	16	static
can1.c:2591:8:can1_ams_cell_voltages_v8s4_decode	16	static
can1.c:2596:6:can1_ams_cell_voltages_v8s4_is_in_range	16	static
can1.c:2603:9:can1_ams_cell_voltages_v2s5_encode	16	static
can1.c:2608:8:can1_ams_cell_voltages_v2s5_decode	16	static
can1.c:2613:6:can1_ams_cell_voltages_v2s5_is_in_range	16	static
can1.c:2620:9:can1_ams_cell_voltages_v8s5_encode	16	static
can1.c:2625:8:can1_ams_cell_voltages_v8s5_decode	16	static
can1.c:2630:6:can1_ams_cell_voltages_v8s5_is_in_range	16	static
can1.c:2637:9:can1_ams_cell_voltages_v2s6_encode	16	static
can1.c:2642:8:can1_ams_cell_voltages_v2s6_decode	16	static
can1.c:2647:6:can1_ams_cell_voltages_v2s6_is_in_range	16	static
can1.c:2654:9:can1_ams_cell_voltages_v8s6_encode	16	static
can1.c:2659:8:can1_ams_cell_voltages_v8s6_decode	16	static
can1.c:2664:6:can1_ams_cell_voltages_v8s6_is_in_range	16	static
can1.c:2671:9:can1_ams_cell_voltages_v2s7_encode	16	static
can1.c:2676:8:can1_ams_cell_voltages_v2s7_decode	16	static
can1.c:2681:6:can1_ams_cell_voltages_v2s7_is_in_range	16	static
can1.c:2688:9:can1_ams_cell_voltages_v8s7_encode	16	static
can1.c:2693:8:can1_ams_cell_voltages_v8s7_decode	16	static
can1.c:2698:6:can1_ams_cell_voltages_v8s7_is_in_range	16	static
can1.c:2705:9:can1_ams_cell_voltages_v2s8_encode	16	static
can1.c:2710:8:can1_ams_cell_voltages_v2s8_decode	16	static
can1.c:2715:6:can1_ams_cell_voltages_v2s8_is_in_range	16	static
can1.c:2722:9:can1_ams_cell_voltages_v8s8_encode	16	static
can1.c:2727:8:can1_ams_cell_voltages_v8s8_decode	16	static
can1.c:2732:6:can1_ams_cell_voltages_v8s8_is_in_range	16	static
can1.c:2739:9:can1_ams_cell_voltages_v2s9_encode	16	static
can1.c:2744:8:can1_ams_cell_voltages_v2s9_decode	16	static
can1.c:2749:6:can1_ams_cell_voltages_v2s9_is_in_range	16	static
can1.c:2756:9:can1_ams_cell_voltages_v8s9_encode	16	static
can1.c:2761:8:can1_ams_cell_voltages_v8s9_decode	16	static
can1.c:2766:6:can1_ams_cell_voltages_v8s9_is_in_range	16	static
can1.c:2773:9:can1_ams_cell_voltages_v2s10_encode	16	static
can1.c:2778:8:can1_ams_cell_voltages_v2s10_decode	16	static
can1.c:2783:6:can1_ams_cell_voltages_v2s10_is_in_range	16	static
can1.c:2790:9:can1_ams_cell_voltages_v8s10_encode	16	static
can1.c:2795:8:can1_ams_cell_voltages_v8s10_decode	16	static
can1.c:2800:6:can1_ams_cell_voltages_v8s10_is_in_range	16	static
can1.c:2807:9:can1_ams_cell_voltages_v2s11_encode	16	static
can1.c:2812:8:can1_ams_cell_voltages_v2s11_decode	16	static
can1.c:2817:6:can1_ams_cell_voltages_v2s11_is_in_range	16	static
can1.c:2824:9:can1_ams_cell_voltages_v8s11_encode	16	static
can1.c:2829:8:can1_ams_cell_voltages_v8s11_decode	16	static
can1.c:2834:6:can1_ams_cell_voltages_v8s11_is_in_range	16	static
can1.c:2841:9:can1_ams_cell_voltages_v2s12_encode	16	static
can1.c:2846:8:can1_ams_cell_voltages_v2s12_decode	16	static
can1.c:2851:6:can1_ams_cell_voltages_v2s12_is_in_range	16	static
can1.c:2858:9:can1_ams_cell_voltages_v8s12_encode	16	static
can1.c:2863:8:can1_ams_cell_voltages_v8s12_decode	16	static
can1.c:2868:6:can1_ams_cell_voltages_v8s12_is_in_range	16	static
can1.c:2875:9:can1_ams_cell_voltages_v3s1_encode	16	static
can1.c:2880:8:can1_ams_cell_voltages_v3s1_decode	16	static
can1.c:2885:6:can1_ams_cell_voltages_v3s1_is_in_range	16	static
can1.c:2892:9:can1_ams_cell_voltages_v9s1_encode	16	static
can1.c:2897:8:can1_ams_cell_voltages_v9s1_decode	16	static
can1.c:2902:6:can1_ams_cell_voltages_v9s1_is_in_range	16	static
can1.c:2909:9:can1_ams_cell_voltages_v3s2_encode	16	static
can1.c:2914:8:can1_ams_cell_voltages_v3s2_decode	16	static
can1.c:2919:6:can1_ams_cell_voltages_v3s2_is_in_range	16	static
can1.c:2926:9:can1_ams_cell_voltages_v9s2_encode	16	static
can1.c:2931:8:can1_ams_cell_voltages_v9s2_decode	16	static
can1.c:2936:6:can1_ams_cell_voltages_v9s2_is_in_range	16	static
can1.c:2943:9:can1_ams_cell_voltages_v3s3_encode	16	static
can1.c:2948:8:can1_ams_cell_voltages_v3s3_decode	16	static
can1.c:2953:6:can1_ams_cell_voltages_v3s3_is_in_range	16	static
can1.c:2960:9:can1_ams_cell_voltages_v9s3_encode	16	static
can1.c:2965:8:can1_ams_cell_voltages_v9s3_decode	16	static
can1.c:2970:6:can1_ams_cell_voltages_v9s3_is_in_range	16	static
can1.c:2977:9:can1_ams_cell_voltages_v3s4_encode	16	static
can1.c:2982:8:can1_ams_cell_voltages_v3s4_decode	16	static
can1.c:2987:6:can1_ams_cell_voltages_v3s4_is_in_range	16	static
can1.c:2994:9:can1_ams_cell_voltages_v9s4_encode	16	static
can1.c:2999:8:can1_ams_cell_voltages_v9s4_decode	16	static
can1.c:3004:6:can1_ams_cell_voltages_v9s4_is_in_range	16	static
can1.c:3011:9:can1_ams_cell_voltages_v3s5_encode	16	static
can1.c:3016:8:can1_ams_cell_voltages_v3s5_decode	16	static
can1.c:3021:6:can1_ams_cell_voltages_v3s5_is_in_range	16	static
can1.c:3028:9:can1_ams_cell_voltages_v9s5_encode	16	static
can1.c:3033:8:can1_ams_cell_voltages_v9s5_decode	16	static
can1.c:3038:6:can1_ams_cell_voltages_v9s5_is_in_range	16	static
can1.c:3045:9:can1_ams_cell_voltages_v3s6_encode	16	static
can1.c:3050:8:can1_ams_cell_voltages_v3s6_decode	16	static
can1.c:3055:6:can1_ams_cell_voltages_v3s6_is_in_range	16	static
can1.c:3062:9:can1_ams_cell_voltages_v9s6_encode	16	static
can1.c:3067:8:can1_ams_cell_voltages_v9s6_decode	16	static
can1.c:3072:6:can1_ams_cell_voltages_v9s6_is_in_range	16	static
can1.c:3079:9:can1_ams_cell_voltages_v3s7_encode	16	static
can1.c:3084:8:can1_ams_cell_voltages_v3s7_decode	16	static
can1.c:3089:6:can1_ams_cell_voltages_v3s7_is_in_range	16	static
can1.c:3096:9:can1_ams_cell_voltages_v9s7_encode	16	static
can1.c:3101:8:can1_ams_cell_voltages_v9s7_decode	16	static
can1.c:3106:6:can1_ams_cell_voltages_v9s7_is_in_range	16	static
can1.c:3113:9:can1_ams_cell_voltages_v3s8_encode	16	static
can1.c:3118:8:can1_ams_cell_voltages_v3s8_decode	16	static
can1.c:3123:6:can1_ams_cell_voltages_v3s8_is_in_range	16	static
can1.c:3130:9:can1_ams_cell_voltages_v9s8_encode	16	static
can1.c:3135:8:can1_ams_cell_voltages_v9s8_decode	16	static
can1.c:3140:6:can1_ams_cell_voltages_v9s8_is_in_range	16	static
can1.c:3147:9:can1_ams_cell_voltages_v3s9_encode	16	static
can1.c:3152:8:can1_ams_cell_voltages_v3s9_decode	16	static
can1.c:3157:6:can1_ams_cell_voltages_v3s9_is_in_range	16	static
can1.c:3164:9:can1_ams_cell_voltages_v9s9_encode	16	static
can1.c:3169:8:can1_ams_cell_voltages_v9s9_decode	16	static
can1.c:3174:6:can1_ams_cell_voltages_v9s9_is_in_range	16	static
can1.c:3181:9:can1_ams_cell_voltages_v3s10_encode	16	static
can1.c:3186:8:can1_ams_cell_voltages_v3s10_decode	16	static
can1.c:3191:6:can1_ams_cell_voltages_v3s10_is_in_range	16	static
can1.c:3198:9:can1_ams_cell_voltages_v9s10_encode	16	static
can1.c:3203:8:can1_ams_cell_voltages_v9s10_decode	16	static
can1.c:3208:6:can1_ams_cell_voltages_v9s10_is_in_range	16	static
can1.c:3215:9:can1_ams_cell_voltages_v3s11_encode	16	static
can1.c:3220:8:can1_ams_cell_voltages_v3s11_decode	16	static
can1.c:3225:6:can1_ams_cell_voltages_v3s11_is_in_range	16	static
can1.c:3232:9:can1_ams_cell_voltages_v9s11_encode	16	static
can1.c:3237:8:can1_ams_cell_voltages_v9s11_decode	16	static
can1.c:3242:6:can1_ams_cell_voltages_v9s11_is_in_range	16	static
can1.c:3249:9:can1_ams_cell_voltages_v3s12_encode	16	static
can1.c:3254:8:can1_ams_cell_voltages_v3s12_decode	16	static
can1.c:3259:6:can1_ams_cell_voltages_v3s12_is_in_range	16	static
can1.c:3266:9:can1_ams_cell_voltages_v9s12_encode	16	static
can1.c:3271:8:can1_ams_cell_voltages_v9s12_decode	16	static
can1.c:3276:6:can1_ams_cell_voltages_v9s12_is_in_range	16	static
can1.c:3283:9:can1_ams_cell_voltages_v4s1_encode	16	static
can1.c:3288:8:can1_ams_cell_voltages_v4s1_decode	16	static
can1.c:3293:6:can1_ams_cell_voltages_v4s1_is_in_range	16	static
can1.c:3300:9:can1_ams_cell_voltages_v10s1_encode	16	static
can1.c:3305:8:can1_ams_cell_voltages_v10s1_decode	16	static
can1.c:3310:6:can1_ams_cell_voltages_v10s1_is_in_range	16	static
can1.c:3317:9:can1_ams_cell_voltages_v4s2_encode	16	static
can1.c:3322:8:can1_ams_cell_voltages_v4s2_decode	16	static
can1.c:3327:6:can1_ams_cell_voltages_v4s2_is_in_range	16	static
can1.c:3334:9:can1_ams_cell_voltages_v10s2_encode	16	static
can1.c:3339:8:can1_ams_cell_voltages_v10s2_decode	16	static
can1.c:3344:6:can1_ams_cell_voltages_v10s2_is_in_range	16	static
can1.c:3351:9:can1_ams_cell_voltages_v4s3_encode	16	static
can1.c:3356:8:can1_ams_cell_voltages_v4s3_decode	16	static
can1.c:3361:6:can1_ams_cell_voltages_v4s3_is_in_range	16	static
can1.c:3368:9:can1_ams_cell_voltages_v10s3_encode	16	static
can1.c:3373:8:can1_ams_cell_voltages_v10s3_decode	16	static
can1.c:3378:6:can1_ams_cell_voltages_v10s3_is_in_range	16	static
can1.c:3385:9:can1_ams_cell_voltages_v4s4_encode	16	static
can1.c:3390:8:can1_ams_cell_voltages_v4s4_decode	16	static
can1.c:3395:6:can1_ams_cell_voltages_v4s4_is_in_range	16	static
can1.c:3402:9:can1_ams_cell_voltages_v10s4_encode	16	static
can1.c:3407:8:can1_ams_cell_voltages_v10s4_decode	16	static
can1.c:3412:6:can1_ams_cell_voltages_v10s4_is_in_range	16	static
can1.c:3419:9:can1_ams_cell_voltages_v4s5_encode	16	static
can1.c:3424:8:can1_ams_cell_voltages_v4s5_decode	16	static
can1.c:3429:6:can1_ams_cell_voltages_v4s5_is_in_range	16	static
can1.c:3436:9:can1_ams_cell_voltages_v10s5_encode	16	static
can1.c:3441:8:can1_ams_cell_voltages_v10s5_decode	16	static
can1.c:3446:6:can1_ams_cell_voltages_v10s5_is_in_range	16	static
can1.c:3453:9:can1_ams_cell_voltages_v4s6_encode	16	static
can1.c:3458:8:can1_ams_cell_voltages_v4s6_decode	16	static
can1.c:3463:6:can1_ams_cell_voltages_v4s6_is_in_range	16	static
can1.c:3470:9:can1_ams_cell_voltages_v10s6_encode	16	static
can1.c:3475:8:can1_ams_cell_voltages_v10s6_decode	16	static
can1.c:3480:6:can1_ams_cell_voltages_v10s6_is_in_range	16	static
can1.c:3487:9:can1_ams_cell_voltages_v4s7_encode	16	static
can1.c:3492:8:can1_ams_cell_voltages_v4s7_decode	16	static
can1.c:3497:6:can1_ams_cell_voltages_v4s7_is_in_range	16	static
can1.c:3504:9:can1_ams_cell_voltages_v10s7_encode	16	static
can1.c:3509:8:can1_ams_cell_voltages_v10s7_decode	16	static
can1.c:3514:6:can1_ams_cell_voltages_v10s7_is_in_range	16	static
can1.c:3521:9:can1_ams_cell_voltages_v4s8_encode	16	static
can1.c:3526:8:can1_ams_cell_voltages_v4s8_decode	16	static
can1.c:3531:6:can1_ams_cell_voltages_v4s8_is_in_range	16	static
can1.c:3538:9:can1_ams_cell_voltages_v10s8_encode	16	static
can1.c:3543:8:can1_ams_cell_voltages_v10s8_decode	16	static
can1.c:3548:6:can1_ams_cell_voltages_v10s8_is_in_range	16	static
can1.c:3555:9:can1_ams_cell_voltages_v4s9_encode	16	static
can1.c:3560:8:can1_ams_cell_voltages_v4s9_decode	16	static
can1.c:3565:6:can1_ams_cell_voltages_v4s9_is_in_range	16	static
can1.c:3572:9:can1_ams_cell_voltages_v10s9_encode	16	static
can1.c:3577:8:can1_ams_cell_voltages_v10s9_decode	16	static
can1.c:3582:6:can1_ams_cell_voltages_v10s9_is_in_range	16	static
can1.c:3589:9:can1_ams_cell_voltages_v4s10_encode	16	static
can1.c:3594:8:can1_ams_cell_voltages_v4s10_decode	16	static
can1.c:3599:6:can1_ams_cell_voltages_v4s10_is_in_range	16	static
can1.c:3606:9:can1_ams_cell_voltages_v10s10_encode	16	static
can1.c:3611:8:can1_ams_cell_voltages_v10s10_decode	16	static
can1.c:3616:6:can1_ams_cell_voltages_v10s10_is_in_range	16	static
can1.c:3623:9:can1_ams_cell_voltages_v4s11_encode	16	static
can1.c:3628:8:can1_ams_cell_voltages_v4s11_decode	16	static
can1.c:3633:6:can1_ams_cell_voltages_v4s11_is_in_range	16	static
can1.c:3640:9:can1_ams_cell_voltages_v10s11_encode	16	static
can1.c:3645:8:can1_ams_cell_voltages_v10s11_decode	16	static
can1.c:3650:6:can1_ams_cell_voltages_v10s11_is_in_range	16	static
can1.c:3657:9:can1_ams_cell_voltages_v4s12_encode	16	static
can1.c:3662:8:can1_ams_cell_voltages_v4s12_decode	16	static
can1.c:3667:6:can1_ams_cell_voltages_v4s12_is_in_range	16	static
can1.c:3674:9:can1_ams_cell_voltages_v10s12_encode	16	static
can1.c:3679:8:can1_ams_cell_voltages_v10s12_decode	16	static
can1.c:3684:6:can1_ams_cell_voltages_v10s12_is_in_range	16	static
can1.c:3691:9:can1_ams_cell_voltages_v5s1_encode	16	static
can1.c:3696:8:can1_ams_cell_voltages_v5s1_decode	16	static
can1.c:3701:6:can1_ams_cell_voltages_v5s1_is_in_range	16	static
can1.c:3708:9:can1_ams_cell_voltages_v11s1_encode	16	static
can1.c:3713:8:can1_ams_cell_voltages_v11s1_decode	16	static
can1.c:3718:6:can1_ams_cell_voltages_v11s1_is_in_range	16	static
can1.c:3725:9:can1_ams_cell_voltages_v5s2_encode	16	static
can1.c:3730:8:can1_ams_cell_voltages_v5s2_decode	16	static
can1.c:3735:6:can1_ams_cell_voltages_v5s2_is_in_range	16	static
can1.c:3742:9:can1_ams_cell_voltages_v5s3_encode	16	static
can1.c:3747:8:can1_ams_cell_voltages_v5s3_decode	16	static
can1.c:3752:6:can1_ams_cell_voltages_v5s3_is_in_range	16	static
can1.c:3759:9:can1_ams_cell_voltages_v11s3_encode	16	static
can1.c:3764:8:can1_ams_cell_voltages_v11s3_decode	16	static
can1.c:3769:6:can1_ams_cell_voltages_v11s3_is_in_range	16	static
can1.c:3776:9:can1_ams_cell_voltages_v5s4_encode	16	static
can1.c:3781:8:can1_ams_cell_voltages_v5s4_decode	16	static
can1.c:3786:6:can1_ams_cell_voltages_v5s4_is_in_range	16	static
can1.c:3793:9:can1_ams_cell_voltages_v5s5_encode	16	static
can1.c:3798:8:can1_ams_cell_voltages_v5s5_decode	16	static
can1.c:3803:6:can1_ams_cell_voltages_v5s5_is_in_range	16	static
can1.c:3810:9:can1_ams_cell_voltages_v11s5_encode	16	static
can1.c:3815:8:can1_ams_cell_voltages_v11s5_decode	16	static
can1.c:3820:6:can1_ams_cell_voltages_v11s5_is_in_range	16	static
can1.c:3827:9:can1_ams_cell_voltages_v5s6_encode	16	static
can1.c:3832:8:can1_ams_cell_voltages_v5s6_decode	16	static
can1.c:3837:6:can1_ams_cell_voltages_v5s6_is_in_range	16	static
can1.c:3844:9:can1_ams_cell_voltages_v5s7_encode	16	static
can1.c:3849:8:can1_ams_cell_voltages_v5s7_decode	16	static
can1.c:3854:6:can1_ams_cell_voltages_v5s7_is_in_range	16	static
can1.c:3861:9:can1_ams_cell_voltages_v11s7_encode	16	static
can1.c:3866:8:can1_ams_cell_voltages_v11s7_decode	16	static
can1.c:3871:6:can1_ams_cell_voltages_v11s7_is_in_range	16	static
can1.c:3878:9:can1_ams_cell_voltages_v5s8_encode	16	static
can1.c:3883:8:can1_ams_cell_voltages_v5s8_decode	16	static
can1.c:3888:6:can1_ams_cell_voltages_v5s8_is_in_range	16	static
can1.c:3895:9:can1_ams_cell_voltages_v5s9_encode	16	static
can1.c:3900:8:can1_ams_cell_voltages_v5s9_decode	16	static
can1.c:3905:6:can1_ams_cell_voltages_v5s9_is_in_range	16	static
can1.c:3912:9:can1_ams_cell_voltages_v11s9_encode	16	static
can1.c:3917:8:can1_ams_cell_voltages_v11s9_decode	16	static
can1.c:3922:6:can1_ams_cell_voltages_v11s9_is_in_range	16	static
can1.c:3929:9:can1_ams_cell_voltages_v5s10_encode	16	static
can1.c:3934:8:can1_ams_cell_voltages_v5s10_decode	16	static
can1.c:3939:6:can1_ams_cell_voltages_v5s10_is_in_range	16	static
can1.c:3946:9:can1_ams_cell_voltages_v5s11_encode	16	static
can1.c:3951:8:can1_ams_cell_voltages_v5s11_decode	16	static
can1.c:3956:6:can1_ams_cell_voltages_v5s11_is_in_range	16	static
can1.c:3963:9:can1_ams_cell_voltages_v11s11_encode	16	static
can1.c:3968:8:can1_ams_cell_voltages_v11s11_decode	16	static
can1.c:3973:6:can1_ams_cell_voltages_v11s11_is_in_range	16	static
can1.c:3980:9:can1_ams_cell_voltages_v5s12_encode	16	static
can1.c:3985:8:can1_ams_cell_voltages_v5s12_decode	16	static
can1.c:3990:6:can1_ams_cell_voltages_v5s12_is_in_range	16	static
can1.c:3997:9:can1_ams_cell_voltages_v6s1_encode	16	static
can1.c:4002:8:can1_ams_cell_voltages_v6s1_decode	16	static
can1.c:4007:6:can1_ams_cell_voltages_v6s1_is_in_range	16	static
can1.c:4014:9:can1_ams_cell_voltages_v6s2_encode	16	static
can1.c:4019:8:can1_ams_cell_voltages_v6s2_decode	16	static
can1.c:4024:6:can1_ams_cell_voltages_v6s2_is_in_range	16	static
can1.c:4031:9:can1_ams_cell_voltages_v6s3_encode	16	static
can1.c:4036:8:can1_ams_cell_voltages_v6s3_decode	16	static
can1.c:4041:6:can1_ams_cell_voltages_v6s3_is_in_range	16	static
can1.c:4048:9:can1_ams_cell_voltages_v6s4_encode	16	static
can1.c:4053:8:can1_ams_cell_voltages_v6s4_decode	16	static
can1.c:4058:6:can1_ams_cell_voltages_v6s4_is_in_range	16	static
can1.c:4065:9:can1_ams_cell_voltages_v6s5_encode	16	static
can1.c:4070:8:can1_ams_cell_voltages_v6s5_decode	16	static
can1.c:4075:6:can1_ams_cell_voltages_v6s5_is_in_range	16	static
can1.c:4082:9:can1_ams_cell_voltages_v6s6_encode	16	static
can1.c:4087:8:can1_ams_cell_voltages_v6s6_decode	16	static
can1.c:4092:6:can1_ams_cell_voltages_v6s6_is_in_range	16	static
can1.c:4099:9:can1_ams_cell_voltages_v6s7_encode	16	static
can1.c:4104:8:can1_ams_cell_voltages_v6s7_decode	16	static
can1.c:4109:6:can1_ams_cell_voltages_v6s7_is_in_range	16	static
can1.c:4116:9:can1_ams_cell_voltages_v6s8_encode	16	static
can1.c:4121:8:can1_ams_cell_voltages_v6s8_decode	16	static
can1.c:4126:6:can1_ams_cell_voltages_v6s8_is_in_range	16	static
can1.c:4133:9:can1_ams_cell_voltages_v6s9_encode	16	static
can1.c:4138:8:can1_ams_cell_voltages_v6s9_decode	16	static
can1.c:4143:6:can1_ams_cell_voltages_v6s9_is_in_range	16	static
can1.c:4150:9:can1_ams_cell_voltages_v6s10_encode	16	static
can1.c:4155:8:can1_ams_cell_voltages_v6s10_decode	16	static
can1.c:4160:6:can1_ams_cell_voltages_v6s10_is_in_range	16	static
can1.c:4167:9:can1_ams_cell_voltages_v6s11_encode	16	static
can1.c:4172:8:can1_ams_cell_voltages_v6s11_decode	16	static
can1.c:4177:6:can1_ams_cell_voltages_v6s11_is_in_range	16	static
can1.c:4184:9:can1_ams_cell_voltages_v6s12_encode	16	static
can1.c:4189:8:can1_ams_cell_voltages_v6s12_decode	16	static
can1.c:4194:6:can1_ams_cell_voltages_v6s12_is_in_range	16	static
can1.c:4201:5:can1_ams_cell_temperatures_pack	144	static
can1.c:4500:5:can1_ams_cell_temperatures_unpack	144	static
can1.c:5097:9:can1_ams_cell_temperatures_temperature_multiplexor_encode	16	static
can1.c:5102:8:can1_ams_cell_temperatures_temperature_multiplexor_decode	16	static
can1.c:5107:6:can1_ams_cell_temperatures_temperature_multiplexor_is_in_range	16	static
can1.c:5112:9:can1_ams_cell_temperatures_t1s1_encode	16	static
can1.c:5117:8:can1_ams_cell_temperatures_t1s1_decode	16	static
can1.c:5122:6:can1_ams_cell_temperatures_t1s1_is_in_range	16	static
can1.c:5127:9:can1_ams_cell_temperatures_t1s2_encode	16	static
can1.c:5132:8:can1_ams_cell_temperatures_t1s2_decode	16	static
can1.c:5137:6:can1_ams_cell_temperatures_t1s2_is_in_range	16	static
can1.c:5142:9:can1_ams_cell_temperatures_t1s3_encode	16	static
can1.c:5147:8:can1_ams_cell_temperatures_t1s3_decode	16	static
can1.c:5152:6:can1_ams_cell_temperatures_t1s3_is_in_range	16	static
can1.c:5157:9:can1_ams_cell_temperatures_t1s4_encode	16	static
can1.c:5162:8:can1_ams_cell_temperatures_t1s4_decode	16	static
can1.c:5167:6:can1_ams_cell_temperatures_t1s4_is_in_range	16	static
can1.c:5172:9:can1_ams_cell_temperatures_t1s5_encode	16	static
can1.c:5177:8:can1_ams_cell_temperatures_t1s5_decode	16	static
can1.c:5182:6:can1_ams_cell_temperatures_t1s5_is_in_range	16	static
can1.c:5187:9:can1_ams_cell_temperatures_t1s6_encode	16	static
can1.c:5192:8:can1_ams_cell_temperatures_t1s6_decode	16	static
can1.c:5197:6:can1_ams_cell_temperatures_t1s6_is_in_range	16	static
can1.c:5202:9:can1_ams_cell_temperatures_t1s7_encode	16	static
can1.c:5207:8:can1_ams_cell_temperatures_t1s7_decode	16	static
can1.c:5212:6:can1_ams_cell_temperatures_t1s7_is_in_range	16	static
can1.c:5217:9:can1_ams_cell_temperatures_t1s8_encode	16	static
can1.c:5222:8:can1_ams_cell_temperatures_t1s8_decode	16	static
can1.c:5227:6:can1_ams_cell_temperatures_t1s8_is_in_range	16	static
can1.c:5232:9:can1_ams_cell_temperatures_t1s9_encode	16	static
can1.c:5237:8:can1_ams_cell_temperatures_t1s9_decode	16	static
can1.c:5242:6:can1_ams_cell_temperatures_t1s9_is_in_range	16	static
can1.c:5247:9:can1_ams_cell_temperatures_t1s10_encode	16	static
can1.c:5252:8:can1_ams_cell_temperatures_t1s10_decode	16	static
can1.c:5257:6:can1_ams_cell_temperatures_t1s10_is_in_range	16	static
can1.c:5262:9:can1_ams_cell_temperatures_t1s11_encode	16	static
can1.c:5267:8:can1_ams_cell_temperatures_t1s11_decode	16	static
can1.c:5272:6:can1_ams_cell_temperatures_t1s11_is_in_range	16	static
can1.c:5277:9:can1_ams_cell_temperatures_t1s12_encode	16	static
can1.c:5282:8:can1_ams_cell_temperatures_t1s12_decode	16	static
can1.c:5287:6:can1_ams_cell_temperatures_t1s12_is_in_range	16	static
can1.c:5292:9:can1_ams_cell_temperatures_t2s1_encode	16	static
can1.c:5297:8:can1_ams_cell_temperatures_t2s1_decode	16	static
can1.c:5302:6:can1_ams_cell_temperatures_t2s1_is_in_range	16	static
can1.c:5307:9:can1_ams_cell_temperatures_t2s2_encode	16	static
can1.c:5312:8:can1_ams_cell_temperatures_t2s2_decode	16	static
can1.c:5317:6:can1_ams_cell_temperatures_t2s2_is_in_range	16	static
can1.c:5322:9:can1_ams_cell_temperatures_t2s3_encode	16	static
can1.c:5327:8:can1_ams_cell_temperatures_t2s3_decode	16	static
can1.c:5332:6:can1_ams_cell_temperatures_t2s3_is_in_range	16	static
can1.c:5337:9:can1_ams_cell_temperatures_t2s4_encode	16	static
can1.c:5342:8:can1_ams_cell_temperatures_t2s4_decode	16	static
can1.c:5347:6:can1_ams_cell_temperatures_t2s4_is_in_range	16	static
can1.c:5352:9:can1_ams_cell_temperatures_t2s5_encode	16	static
can1.c:5357:8:can1_ams_cell_temperatures_t2s5_decode	16	static
can1.c:5362:6:can1_ams_cell_temperatures_t2s5_is_in_range	16	static
can1.c:5367:9:can1_ams_cell_temperatures_t2s6_encode	16	static
can1.c:5372:8:can1_ams_cell_temperatures_t2s6_decode	16	static
can1.c:5377:6:can1_ams_cell_temperatures_t2s6_is_in_range	16	static
can1.c:5382:9:can1_ams_cell_temperatures_t2s7_encode	16	static
can1.c:5387:8:can1_ams_cell_temperatures_t2s7_decode	16	static
can1.c:5392:6:can1_ams_cell_temperatures_t2s7_is_in_range	16	static
can1.c:5397:9:can1_ams_cell_temperatures_t2s8_encode	16	static
can1.c:5402:8:can1_ams_cell_temperatures_t2s8_decode	16	static
can1.c:5407:6:can1_ams_cell_temperatures_t2s8_is_in_range	16	static
can1.c:5412:9:can1_ams_cell_temperatures_t2s9_encode	16	static
can1.c:5417:8:can1_ams_cell_temperatures_t2s9_decode	16	static
can1.c:5422:6:can1_ams_cell_temperatures_t2s9_is_in_range	16	static
can1.c:5427:9:can1_ams_cell_temperatures_t2s10_encode	16	static
can1.c:5432:8:can1_ams_cell_temperatures_t2s10_decode	16	static
can1.c:5437:6:can1_ams_cell_temperatures_t2s10_is_in_range	16	static
can1.c:5442:9:can1_ams_cell_temperatures_t2s11_encode	16	static
can1.c:5447:8:can1_ams_cell_temperatures_t2s11_decode	16	static
can1.c:5452:6:can1_ams_cell_temperatures_t2s11_is_in_range	16	static
can1.c:5457:9:can1_ams_cell_temperatures_t2s12_encode	16	static
can1.c:5462:8:can1_ams_cell_temperatures_t2s12_decode	16	static
can1.c:5467:6:can1_ams_cell_temperatures_t2s12_is_in_range	16	static
can1.c:5472:9:can1_ams_cell_temperatures_t3s1_encode	16	static
can1.c:5477:8:can1_ams_cell_temperatures_t3s1_decode	16	static
can1.c:5482:6:can1_ams_cell_temperatures_t3s1_is_in_range	16	static
can1.c:5487:9:can1_ams_cell_temperatures_t3s2_encode	16	static
can1.c:5492:8:can1_ams_cell_temperatures_t3s2_decode	16	static
can1.c:5497:6:can1_ams_cell_temperatures_t3s2_is_in_range	16	static
can1.c:5502:9:can1_ams_cell_temperatures_t3s3_encode	16	static
can1.c:5507:8:can1_ams_cell_temperatures_t3s3_decode	16	static
can1.c:5512:6:can1_ams_cell_temperatures_t3s3_is_in_range	16	static
can1.c:5517:9:can1_ams_cell_temperatures_t3s4_encode	16	static
can1.c:5522:8:can1_ams_cell_temperatures_t3s4_decode	16	static
can1.c:5527:6:can1_ams_cell_temperatures_t3s4_is_in_range	16	static
can1.c:5532:9:can1_ams_cell_temperatures_t3s5_encode	16	static
can1.c:5537:8:can1_ams_cell_temperatures_t3s5_decode	16	static
can1.c:5542:6:can1_ams_cell_temperatures_t3s5_is_in_range	16	static
can1.c:5547:9:can1_ams_cell_temperatures_t3s6_encode	16	static
can1.c:5552:8:can1_ams_cell_temperatures_t3s6_decode	16	static
can1.c:5557:6:can1_ams_cell_temperatures_t3s6_is_in_range	16	static
can1.c:5562:9:can1_ams_cell_temperatures_t3s7_encode	16	static
can1.c:5567:8:can1_ams_cell_temperatures_t3s7_decode	16	static
can1.c:5572:6:can1_ams_cell_temperatures_t3s7_is_in_range	16	static
can1.c:5577:9:can1_ams_cell_temperatures_t3s8_encode	16	static
can1.c:5582:8:can1_ams_cell_temperatures_t3s8_decode	16	static
can1.c:5587:6:can1_ams_cell_temperatures_t3s8_is_in_range	16	static
can1.c:5592:9:can1_ams_cell_temperatures_t3s9_encode	16	static
can1.c:5597:8:can1_ams_cell_temperatures_t3s9_decode	16	static
can1.c:5602:6:can1_ams_cell_temperatures_t3s9_is_in_range	16	static
can1.c:5607:9:can1_ams_cell_temperatures_t3s10_encode	16	static
can1.c:5612:8:can1_ams_cell_temperatures_t3s10_decode	16	static
can1.c:5617:6:can1_ams_cell_temperatures_t3s10_is_in_range	16	static
can1.c:5622:9:can1_ams_cell_temperatures_t3s11_encode	16	static
can1.c:5627:8:can1_ams_cell_temperatures_t3s11_decode	16	static
can1.c:5632:6:can1_ams_cell_temperatures_t3s11_is_in_range	16	static
can1.c:5637:9:can1_ams_cell_temperatures_t3s12_encode	16	static
can1.c:5642:8:can1_ams_cell_temperatures_t3s12_decode	16	static
can1.c:5647:6:can1_ams_cell_temperatures_t3s12_is_in_range	16	static
can1.c:5652:9:can1_ams_cell_temperatures_t4s1_encode	16	static
can1.c:5657:8:can1_ams_cell_temperatures_t4s1_decode	16	static
can1.c:5662:6:can1_ams_cell_temperatures_t4s1_is_in_range	16	static
can1.c:5667:9:can1_ams_cell_temperatures_t4s2_encode	16	static
can1.c:5672:8:can1_ams_cell_temperatures_t4s2_decode	16	static
can1.c:5677:6:can1_ams_cell_temperatures_t4s2_is_in_range	16	static
can1.c:5682:9:can1_ams_cell_temperatures_t4s3_encode	16	static
can1.c:5687:8:can1_ams_cell_temperatures_t4s3_decode	16	static
can1.c:5692:6:can1_ams_cell_temperatures_t4s3_is_in_range	16	static
can1.c:5697:9:can1_ams_cell_temperatures_t4s4_encode	16	static
can1.c:5702:8:can1_ams_cell_temperatures_t4s4_decode	16	static
can1.c:5707:6:can1_ams_cell_temperatures_t4s4_is_in_range	16	static
can1.c:5712:9:can1_ams_cell_temperatures_t4s5_encode	16	static
can1.c:5717:8:can1_ams_cell_temperatures_t4s5_decode	16	static
can1.c:5722:6:can1_ams_cell_temperatures_t4s5_is_in_range	16	static
can1.c:5727:9:can1_ams_cell_temperatures_t4s6_encode	16	static
can1.c:5732:8:can1_ams_cell_temperatures_t4s6_decode	16	static
can1.c:5737:6:can1_ams_cell_temperatures_t4s6_is_in_range	16	static
can1.c:5742:9:can1_ams_cell_temperatures_t4s7_encode	16	static
can1.c:5747:8:can1_ams_cell_temperatures_t4s7_decode	16	static
can1.c:5752:6:can1_ams_cell_temperatures_t4s7_is_in_range	16	static
can1.c:5757:9:can1_ams_cell_temperatures_t4s8_encode	16	static
can1.c:5762:8:can1_ams_cell_temperatures_t4s8_decode	16	static
can1.c:5767:6:can1_ams_cell_temperatures_t4s8_is_in_range	16	static
can1.c:5772:9:can1_ams_cell_temperatures_t4s9_encode	16	static
can1.c:5777:8:can1_ams_cell_temperatures_t4s9_decode	16	static
can1.c:5782:6:can1_ams_cell_temperatures_t4s9_is_in_range	16	static
can1.c:5787:9:can1_ams_cell_temperatures_t4s10_encode	16	static
can1.c:5792:8:can1_ams_cell_temperatures_t4s10_decode	16	static
can1.c:5797:6:can1_ams_cell_temperatures_t4s10_is_in_range	16	static
can1.c:5802:9:can1_ams_cell_temperatures_t4s11_encode	16	static
can1.c:5807:8:can1_ams_cell_temperatures_t4s11_decode	16	static
can1.c:5812:6:can1_ams_cell_temperatures_t4s11_is_in_range	16	static
can1.c:5817:9:can1_ams_cell_temperatures_t4s12_encode	16	static
can1.c:5822:8:can1_ams_cell_temperatures_t4s12_decode	16	static
can1.c:5827:6:can1_ams_cell_temperatures_t4s12_is_in_range	16	static
can1.c:5832:9:can1_ams_cell_temperatures_t5s1_encode	16	static
can1.c:5837:8:can1_ams_cell_temperatures_t5s1_decode	16	static
can1.c:5842:6:can1_ams_cell_temperatures_t5s1_is_in_range	16	static
can1.c:5847:9:can1_ams_cell_temperatures_t5s2_encode	16	static
can1.c:5852:8:can1_ams_cell_temperatures_t5s2_decode	16	static
can1.c:5857:6:can1_ams_cell_temperatures_t5s2_is_in_range	16	static
can1.c:5862:9:can1_ams_cell_temperatures_t5s3_encode	16	static
can1.c:5867:8:can1_ams_cell_temperatures_t5s3_decode	16	static
can1.c:5872:6:can1_ams_cell_temperatures_t5s3_is_in_range	16	static
can1.c:5877:9:can1_ams_cell_temperatures_t5s4_encode	16	static
can1.c:5882:8:can1_ams_cell_temperatures_t5s4_decode	16	static
can1.c:5887:6:can1_ams_cell_temperatures_t5s4_is_in_range	16	static
can1.c:5892:9:can1_ams_cell_temperatures_t5s5_encode	16	static
can1.c:5897:8:can1_ams_cell_temperatures_t5s5_decode	16	static
can1.c:5902:6:can1_ams_cell_temperatures_t5s5_is_in_range	16	static
can1.c:5907:9:can1_ams_cell_temperatures_t5s6_encode	16	static
can1.c:5912:8:can1_ams_cell_temperatures_t5s6_decode	16	static
can1.c:5917:6:can1_ams_cell_temperatures_t5s6_is_in_range	16	static
can1.c:5922:9:can1_ams_cell_temperatures_t5s7_encode	16	static
can1.c:5927:8:can1_ams_cell_temperatures_t5s7_decode	16	static
can1.c:5932:6:can1_ams_cell_temperatures_t5s7_is_in_range	16	static
can1.c:5937:9:can1_ams_cell_temperatures_t5s8_encode	16	static
can1.c:5942:8:can1_ams_cell_temperatures_t5s8_decode	16	static
can1.c:5947:6:can1_ams_cell_temperatures_t5s8_is_in_range	16	static
can1.c:5952:9:can1_ams_cell_temperatures_t5s9_encode	16	static
can1.c:5957:8:can1_ams_cell_temperatures_t5s9_decode	16	static
can1.c:5962:6:can1_ams_cell_temperatures_t5s9_is_in_range	16	static
can1.c:5967:9:can1_ams_cell_temperatures_t5s10_encode	16	static
can1.c:5972:8:can1_ams_cell_temperatures_t5s10_decode	16	static
can1.c:5977:6:can1_ams_cell_temperatures_t5s10_is_in_range	16	static
can1.c:5982:9:can1_ams_cell_temperatures_t5s11_encode	16	static
can1.c:5987:8:can1_ams_cell_temperatures_t5s11_decode	16	static
can1.c:5992:6:can1_ams_cell_temperatures_t5s11_is_in_range	16	static
can1.c:5997:9:can1_ams_cell_temperatures_t5s12_encode	16	static
can1.c:6002:8:can1_ams_cell_temperatures_t5s12_decode	16	static
can1.c:6007:6:can1_ams_cell_temperatures_t5s12_is_in_range	16	static
can1.c:6012:5:can1_ecu_status_pack	24	static
can1.c:6030:5:can1_ecu_status_unpack	24	static
can1.c:6046:9:can1_ecu_status_rst_button_encode	16	static
can1.c:6051:8:can1_ecu_status_rst_button_decode	16	static
can1.c:6056:6:can1_ecu_status_rst_button_is_in_range	16	static
can1.c:6063:9:can1_ecu_status_close_airs_encode	16	static
can1.c:6068:8:can1_ecu_status_close_airs_decode	16	static
can1.c:6073:6:can1_ecu_status_close_airs_is_in_range	16	static
can1.c:6080:9:can1_ecu_status_ts_off_encode	16	static
can1.c:6085:8:can1_ecu_status_ts_off_decode	16	static
can1.c:6090:6:can1_ecu_status_ts_off_is_in_range	16	static
can1.c:6097:5:can1_ebs_status_pack	24	static
can1.c:6118:5:can1_ebs_status_unpack	24	static
can1.c:6137:9:can1_ebs_status_sc_tsms_status_encode	16	static
can1.c:6142:8:can1_ebs_status_sc_tsms_status_decode	16	static
can1.c:6147:6:can1_ebs_status_sc_tsms_status_is_in_range	16	static
can1.c:6152:9:can1_ebs_status_res_open_encode	16	static
can1.c:6157:8:can1_ebs_status_res_open_decode	16	static
can1.c:6162:6:can1_ebs_status_res_open_is_in_range	16	static
can1.c:6167:10:can1_ebs_status_ebs_pressure_1_encode	16	static
can1.c:6172:8:can1_ebs_status_ebs_pressure_1_decode	16	static
can1.c:6177:6:can1_ebs_status_ebs_pressure_1_is_in_range	16	static
can1.c:6182:10:can1_ebs_status_ebs_pressure_2_encode	16	static
can1.c:6187:8:can1_ebs_status_ebs_pressure_2_decode	16	static
can1.c:6192:6:can1_ebs_status_ebs_pressure_2_is_in_range	16	static
can1.c:6197:5:can1_dcu_pps_pack	24	static
can1.c:6223:5:can1_dcu_pps_unpack	24	static
can1.c:6247:10:can1_dcu_pps_apps_1_encode	16	static
can1.c:6252:8:can1_dcu_pps_apps_1_decode	16	static
can1.c:6257:6:can1_dcu_pps_apps_1_is_in_range	16	static
can1.c:6262:10:can1_dcu_pps_apps_2_encode	16	static
can1.c:6267:8:can1_dcu_pps_apps_2_decode	16	static
can1.c:6272:6:can1_dcu_pps_apps_2_is_in_range	16	static
can1.c:6277:10:can1_dcu_pps_bpps_1_encode	16	static
can1.c:6282:8:can1_dcu_pps_bpps_1_decode	16	static
can1.c:6287:6:can1_dcu_pps_bpps_1_is_in_range	16	static
can1.c:6292:10:can1_dcu_pps_bpps_2_encode	16	static
can1.c:6297:8:can1_dcu_pps_bpps_2_decode	16	static
can1.c:6302:6:can1_dcu_pps_bpps_2_is_in_range	16	static
can1.c:6307:10:can1_dcu_pps_acceleration_pedal_angle_encode	16	static
can1.c:6312:8:can1_dcu_pps_acceleration_pedal_angle_decode	16	static
can1.c:6317:6:can1_dcu_pps_acceleration_pedal_angle_is_in_range	16	static
can1.c:6322:9:can1_dcu_pps_brake_pedal_angle_encode	16	static
can1.c:6327:8:can1_dcu_pps_brake_pedal_angle_decode	16	static
can1.c:6332:6:can1_dcu_pps_brake_pedal_angle_is_in_range	16	static
can1.c:6337:5:can1_vmu_fl_pack	32	static
can1.c:6363:5:can1_vmu_fl_unpack	32	static
can1.c:6397:9:can1_vmu_fl_fl_load_cell_encode	16	static
can1.c:6402:8:can1_vmu_fl_fl_load_cell_decode	16	static
can1.c:6407:6:can1_vmu_fl_fl_load_cell_is_in_range	16	static
can1.c:6412:9:can1_vmu_fl_fl_suspention_potentiometer_encode	16	static
can1.c:6417:8:can1_vmu_fl_fl_suspention_potentiometer_decode	16	static
can1.c:6422:6:can1_vmu_fl_fl_suspention_potentiometer_is_in_range	16	static
can1.c:6427:10:can1_vmu_fl_fl_temperature_encode	16	static
can1.c:6432:8:can1_vmu_fl_fl_temperature_decode	16	static
can1.c:6437:6:can1_vmu_fl_fl_temperature_is_in_range	16	static
can1.c:6442:5:can1_vmu_fr_pack	32	static
can1.c:6468:5:can1_vmu_fr_unpack	32	static
can1.c:6502:9:can1_vmu_fr_fr_load_cell_encode	16	static
can1.c:6507:8:can1_vmu_fr_fr_load_cell_decode	16	static
can1.c:6512:6:can1_vmu_fr_fr_load_cell_is_in_range	16	static
can1.c:6517:9:can1_vmu_fr_fr_suspention_potentiometer_encode	16	static
can1.c:6522:8:can1_vmu_fr_fr_suspention_potentiometer_decode	16	static
can1.c:6527:6:can1_vmu_fr_fr_suspention_potentiometer_is_in_range	16	static
can1.c:6532:10:can1_vmu_fr_fr_temperature_encode	16	static
can1.c:6537:8:can1_vmu_fr_fr_temperature_decode	16	static
can1.c:6542:6:can1_vmu_fr_fr_temperature_is_in_range	16	static
can1.c:6547:5:can1_vmu_rl_pack	32	static
can1.c:6573:5:can1_vmu_rl_unpack	32	static
can1.c:6607:9:can1_vmu_rl_rl_load_cell_encode	16	static
can1.c:6612:8:can1_vmu_rl_rl_load_cell_decode	16	static
can1.c:6617:6:can1_vmu_rl_rl_load_cell_is_in_range	16	static
can1.c:6622:9:can1_vmu_rl_rl_suspention_potentiometer_encode	16	static
can1.c:6627:8:can1_vmu_rl_rl_suspention_potentiometer_decode	16	static
can1.c:6632:6:can1_vmu_rl_rl_suspention_potentiometer_is_in_range	16	static
can1.c:6637:10:can1_vmu_rl_rl_temperature_encode	16	static
can1.c:6642:8:can1_vmu_rl_rl_temperature_decode	16	static
can1.c:6647:6:can1_vmu_rl_rl_temperature_is_in_range	16	static
can1.c:6652:5:can1_vmu_rr_pack	32	static
can1.c:6678:5:can1_vmu_rr_unpack	32	static
can1.c:6712:9:can1_vmu_rr_rr_load_cell_encode	16	static
can1.c:6717:8:can1_vmu_rr_rr_load_cell_decode	16	static
can1.c:6722:6:can1_vmu_rr_rr_load_cell_is_in_range	16	static
can1.c:6727:9:can1_vmu_rr_rr_suspention_potentiometer_encode	16	static
can1.c:6732:8:can1_vmu_rr_rr_suspention_potentiometer_decode	16	static
can1.c:6737:6:can1_vmu_rr_rr_suspention_potentiometer_is_in_range	16	static
can1.c:6742:10:can1_vmu_rr_rr_temperature_encode	16	static
can1.c:6747:8:can1_vmu_rr_rr_temperature_decode	16	static
can1.c:6752:6:can1_vmu_rr_rr_temperature_is_in_range	16	static
can1.c:6757:5:can1_ccu_status_2_pack	32	static
can1.c:6807:5:can1_ccu_status_2_unpack	32	static
can1.c:6870:9:can1_ccu_status_2_mux_id_encode	16	static
can1.c:6875:8:can1_ccu_status_2_mux_id_decode	16	static
can1.c:6880:6:can1_ccu_status_2_mux_id_is_in_range	16	static
can1.c:6887:9:can1_ccu_status_2_fan1_speed_encode	16	static
can1.c:6892:8:can1_ccu_status_2_fan1_speed_decode	16	static
can1.c:6897:6:can1_ccu_status_2_fan1_speed_is_in_range	16	static
can1.c:6902:9:can1_ccu_status_2_fan2_speed_encode	16	static
can1.c:6907:8:can1_ccu_status_2_fan2_speed_decode	16	static
can1.c:6912:6:can1_ccu_status_2_fan2_speed_is_in_range	16	static
can1.c:6917:9:can1_ccu_status_2_fan3_speed_encode	16	static
can1.c:6922:8:can1_ccu_status_2_fan3_speed_decode	16	static
can1.c:6927:6:can1_ccu_status_2_fan3_speed_is_in_range	16	static
can1.c:6932:9:can1_ccu_status_2_fron_pump_speed_encode	16	static
can1.c:6937:8:can1_ccu_status_2_fron_pump_speed_decode	16	static
can1.c:6942:6:can1_ccu_status_2_fron_pump_speed_is_in_range	16	static
can1.c:6947:9:can1_ccu_status_2_rear_pump_speed_encode	16	static
can1.c:6952:8:can1_ccu_status_2_rear_pump_speed_decode	16	static
can1.c:6957:6:can1_ccu_status_2_rear_pump_speed_is_in_range	16	static
can1.c:6962:9:can1_ccu_status_2_inverter_pump_speed_encode	16	static
can1.c:6967:8:can1_ccu_status_2_inverter_pump_speed_decode	16	static
can1.c:6972:6:can1_ccu_status_2_inverter_pump_speed_is_in_range	16	static
can1.c:6977:9:can1_ccu_status_2_fron_coolant_temperature_encode	16	static
can1.c:6982:8:can1_ccu_status_2_fron_coolant_temperature_decode	16	static
can1.c:6987:6:can1_ccu_status_2_fron_coolant_temperature_is_in_range	16	static
can1.c:6992:9:can1_ccu_status_2_rear_coolant_temperature_encode	16	static
can1.c:6997:8:can1_ccu_status_2_rear_coolant_temperature_decode	16	static
can1.c:7002:6:can1_ccu_status_2_rear_coolant_temperature_is_in_range	16	static
can1.c:7007:9:can1_ccu_status_2_inverter_coolant_temperature_encode	16	static
can1.c:7012:8:can1_ccu_status_2_inverter_coolant_temperature_decode	16	static
can1.c:7017:6:can1_ccu_status_2_inverter_coolant_temperature_is_in_range	16	static
can1.c:7022:5:can1_ccu_status_1_pack	24	static
can1.c:7043:5:can1_ccu_status_1_unpack	24	static
can1.c:7062:9:can1_ccu_status_1_digital_input_encode	16	static
can1.c:7067:8:can1_ccu_status_1_digital_input_decode	16	static
can1.c:7072:6:can1_ccu_status_1_digital_input_is_in_range	16	static
can1.c:7077:9:can1_ccu_status_1_discharge_relay_open_encode	16	static
can1.c:7082:8:can1_ccu_status_1_discharge_relay_open_decode	16	static
can1.c:7087:6:can1_ccu_status_1_discharge_relay_open_is_in_range	16	static
can1.c:7092:10:can1_ccu_status_1_discharge_resistor_temperature_encode	16	static
can1.c:7097:8:can1_ccu_status_1_discharge_resistor_temperature_decode	16	static
can1.c:7102:6:can1_ccu_status_1_discharge_resistor_temperature_is_in_range	16	static
can1.c:7107:10:can1_ccu_status_1_extra_temperature_encode	16	static
can1.c:7112:8:can1_ccu_status_1_extra_temperature_decode	16	static
can1.c:7117:6:can1_ccu_status_1_extra_temperature_is_in_range	16	static
can1.c:7122:5:can1_vehicle_status_pack	24	static
can1.c:7143:5:can1_vehicle_status_unpack	24	static
can1.c:7162:9:can1_vehicle_status_car_state_encode	16	static
can1.c:7167:8:can1_vehicle_status_car_state_decode	16	static
can1.c:7172:6:can1_vehicle_status_car_state_is_in_range	16	static
can1.c:7179:9:can1_vehicle_status_car_velocity_encode	16	static
can1.c:7184:8:can1_vehicle_status_car_velocity_decode	16	static
can1.c:7189:6:can1_vehicle_status_car_velocity_is_in_range	16	static
can1.c:7194:10:can1_vehicle_status_car_power_encode	16	static
can1.c:7199:8:can1_vehicle_status_car_power_decode	16	static
can1.c:7204:6:can1_vehicle_status_car_power_is_in_range	16	static
can1.c:7209:9:can1_vehicle_status_car_regen_level_encode	16	static
can1.c:7214:8:can1_vehicle_status_car_regen_level_decode	16	static
can1.c:7219:6:can1_vehicle_status_car_regen_level_is_in_range	16	static
can1.c:7224:9:can1_vehicle_status_ready_to_drive_encode	16	static
can1.c:7229:8:can1_vehicle_status_ready_to_drive_decode	16	static
can1.c:7234:6:can1_vehicle_status_ready_to_drive_is_in_range	16	static
can1.c:7239:5:can1_fse_energy_meter_data_pack	32	static
can1.c:7269:5:can1_fse_energy_meter_data_unpack	32	static
can1.c:7297:9:can1_fse_energy_meter_data_msg_cntr_encode	16	static
can1.c:7302:8:can1_fse_energy_meter_data_msg_cntr_decode	16	static
can1.c:7307:6:can1_fse_energy_meter_data_msg_cntr_is_in_range	16	static
can1.c:7314:9:can1_fse_energy_meter_data_status_encode	16	static
can1.c:7319:8:can1_fse_energy_meter_data_status_decode	16	static
can1.c:7324:6:can1_fse_energy_meter_data_status_is_in_range	16	static
can1.c:7331:9:can1_fse_energy_meter_data_power_encode	16	static
can1.c:7336:8:can1_fse_energy_meter_data_power_decode	16	static
can1.c:7341:6:can1_fse_energy_meter_data_power_is_in_range	16	static
can1.c:7348:9:can1_fse_energy_meter_data_voltage_encode	16	static
can1.c:7353:8:can1_fse_energy_meter_data_voltage_decode	16	static
can1.c:7358:6:can1_fse_energy_meter_data_voltage_is_in_range	16	static
can1.c:7365:9:can1_fse_energy_meter_data_current_encode	16	static
can1.c:7370:8:can1_fse_energy_meter_data_current_decode	16	static
can1.c:7375:6:can1_fse_energy_meter_data_current_is_in_range	16	static
can1.c:7382:5:can1_fault_pack	24	static
can1.c:7423:5:can1_fault_unpack	24	static
can1.c:7462:9:can1_fault_unit_id_encode	16	static
can1.c:7467:8:can1_fault_unit_id_decode	16	static
can1.c:7472:6:can1_fault_unit_id_is_in_range	16	static
can1.c:7479:9:can1_fault_apps_discrepancy_encode	16	static
can1.c:7484:8:can1_fault_apps_discrepancy_decode	16	static
can1.c:7489:6:can1_fault_apps_discrepancy_is_in_range	16	static
can1.c:7494:9:can1_fault_sc_open_encode	16	static
can1.c:7499:8:can1_fault_sc_open_decode	16	static
can1.c:7504:6:can1_fault_sc_open_is_in_range	16	static
can1.c:7509:9:can1_fault_ts_off_watchdog_triggered_encode	16	static
can1.c:7514:8:can1_fault_ts_off_watchdog_triggered_decode	16	static
can1.c:7519:6:can1_fault_ts_off_watchdog_triggered_is_in_range	16	static
can1.c:7524:9:can1_fault_bpps_discrepancy_encode	16	static
can1.c:7529:8:can1_fault_bpps_discrepancy_decode	16	static
can1.c:7534:6:can1_fault_bpps_discrepancy_is_in_range	16	static
can1.c:7539:9:can1_fault_brake_pressure_discrepancy_encode	16	static
can1.c:7544:8:can1_fault_brake_pressure_discrepancy_decode	16	static
can1.c:7549:6:can1_fault_brake_pressure_discrepancy_is_in_range	16	static
can1.c:7554:9:can1_fault_steering_angle_discrepancy_encode	16	static
can1.c:7559:8:can1_fault_steering_angle_discrepancy_decode	16	static
can1.c:7564:6:can1_fault_steering_angle_discrepancy_is_in_range	16	static
can1.c:7569:9:can1_fault_apps_out_of_range_encode	16	static
can1.c:7574:8:can1_fault_apps_out_of_range_decode	16	static
can1.c:7579:6:can1_fault_apps_out_of_range_is_in_range	16	static
can1.c:7584:9:can1_fault_bpps_out_of_range_encode	16	static
can1.c:7589:8:can1_fault_bpps_out_of_range_decode	16	static
can1.c:7594:6:can1_fault_bpps_out_of_range_is_in_range	16	static
can1.c:7599:9:can1_fault_brake_pressure_out_of_range_encode	16	static
can1.c:7604:8:can1_fault_brake_pressure_out_of_range_decode	16	static
can1.c:7609:6:can1_fault_brake_pressure_out_of_range_is_in_range	16	static
can1.c:7614:9:can1_fault_steering_angle_out_of_range_encode	16	static
can1.c:7619:8:can1_fault_steering_angle_out_of_range_decode	16	static
can1.c:7624:6:can1_fault_steering_angle_out_of_range_is_in_range	16	static
can1.c:7629:5:can1_dcu_status_steering_brake_pack	32	static
can1.c:7660:5:can1_dcu_status_steering_brake_unpack	32	static
can1.c:7699:9:can1_dcu_status_steering_brake_bspd_triggered_encode	16	static
can1.c:7704:8:can1_dcu_status_steering_brake_bspd_triggered_decode	16	static
can1.c:7709:6:can1_dcu_status_steering_brake_bspd_triggered_is_in_range	16	static
can1.c:7714:10:can1_dcu_status_steering_brake_dcu_temperature_encode	16	static
can1.c:7719:8:can1_dcu_status_steering_brake_dcu_temperature_decode	16	static
can1.c:7724:6:can1_dcu_status_steering_brake_dcu_temperature_is_in_range	16	static
can1.c:7729:9:can1_dcu_status_steering_brake_steering_angle_1_encode	16	static
can1.c:7734:8:can1_dcu_status_steering_brake_steering_angle_1_decode	16	static
can1.c:7739:6:can1_dcu_status_steering_brake_steering_angle_1_is_in_range	16	static
can1.c:7744:9:can1_dcu_status_steering_brake_steering_angle_2_encode	16	static
can1.c:7749:8:can1_dcu_status_steering_brake_steering_angle_2_decode	16	static
can1.c:7754:6:can1_dcu_status_steering_brake_steering_angle_2_is_in_range	16	static
can1.c:7759:10:can1_dcu_status_steering_brake_brake_pressure_1_encode	16	static
can1.c:7764:8:can1_dcu_status_steering_brake_brake_pressure_1_decode	16	static
can1.c:7769:6:can1_dcu_status_steering_brake_brake_pressure_1_is_in_range	16	static
can1.c:7774:10:can1_dcu_status_steering_brake_brake_pressure_2_encode	16	static
can1.c:7779:8:can1_dcu_status_steering_brake_brake_pressure_2_decode	16	static
can1.c:7784:6:can1_dcu_status_steering_brake_brake_pressure_2_is_in_range	16	static
can1.c:7789:5:can1_dbu_status_2_pack	24	static
can1.c:7805:5:can1_dbu_status_2_unpack	24	static
can1.c:7819:9:can1_dbu_status_2_screen_id_encode	16	static
can1.c:7824:8:can1_dbu_status_2_screen_id_decode	16	static
can1.c:7829:6:can1_dbu_status_2_screen_id_is_in_range	16	static
can1.c:7836:5:can1_dv_control_target_pack	24	static
can1.c:7859:5:can1_dv_control_target_unpack	24	static
can1.c:7880:10:can1_dv_control_target_dv_speed_target_encode	16	static
can1.c:7885:8:can1_dv_control_target_dv_speed_target_decode	16	static
can1.c:7890:6:can1_dv_control_target_dv_speed_target_is_in_range	16	static
can1.c:7897:10:can1_dv_control_target_dv_steering_angle_target_encode	16	static
can1.c:7902:8:can1_dv_control_target_dv_steering_angle_target_decode	16	static
can1.c:7907:6:can1_dv_control_target_dv_steering_angle_target_is_in_range	16	static
can1.c:7914:10:can1_dv_control_target_dv_brake_hydralic_target_encode	16	static
can1.c:7919:8:can1_dv_control_target_dv_brake_hydralic_target_decode	16	static
can1.c:7924:6:can1_dv_control_target_dv_brake_hydralic_target_is_in_range	16	static
can1.c:7931:10:can1_dv_control_target_dv_motor_moment_target_encode	16	static
can1.c:7936:8:can1_dv_control_target_dv_motor_moment_target_decode	16	static
can1.c:7941:6:can1_dv_control_target_dv_motor_moment_target_is_in_range	16	static
can1.c:7948:5:can1_sbg_ecan_msg_gps1_hdt_pack	32	static
can1.c:7974:5:can1_sbg_ecan_msg_gps1_hdt_unpack	32	static
can1.c:7998:10:can1_sbg_ecan_msg_gps1_hdt_true_heading_encode	16	static
can1.c:8003:8:can1_sbg_ecan_msg_gps1_hdt_true_heading_decode	16	static
can1.c:8008:6:can1_sbg_ecan_msg_gps1_hdt_true_heading_is_in_range	16	static
can1.c:8015:10:can1_sbg_ecan_msg_gps1_hdt_true_heading_acc_encode	16	static
can1.c:8020:8:can1_sbg_ecan_msg_gps1_hdt_true_heading_acc_decode	16	static
can1.c:8025:6:can1_sbg_ecan_msg_gps1_hdt_true_heading_acc_is_in_range	16	static
can1.c:8032:9:can1_sbg_ecan_msg_gps1_hdt_pitch_encode	16	static
can1.c:8037:8:can1_sbg_ecan_msg_gps1_hdt_pitch_decode	16	static
can1.c:8042:6:can1_sbg_ecan_msg_gps1_hdt_pitch_is_in_range	16	static
can1.c:8049:10:can1_sbg_ecan_msg_gps1_hdt_pitch_acc_encode	16	static
can1.c:8054:8:can1_sbg_ecan_msg_gps1_hdt_pitch_acc_decode	16	static
can1.c:8059:6:can1_sbg_ecan_msg_gps1_hdt_pitch_acc_is_in_range	16	static
can1.c:8066:5:can1_sbg_ecan_msg_gps1_hdt_info_pack	24	static
can1.c:8087:5:can1_sbg_ecan_msg_gps1_hdt_info_unpack	24	static
can1.c:8106:10:can1_sbg_ecan_msg_gps1_hdt_info_time_stamp_encode	16	static
can1.c:8111:8:can1_sbg_ecan_msg_gps1_hdt_info_time_stamp_decode	16	static
can1.c:8116:6:can1_sbg_ecan_msg_gps1_hdt_info_time_stamp_is_in_range	16	static
can1.c:8121:10:can1_sbg_ecan_msg_gps1_hdt_info_status_encode	16	static
can1.c:8126:8:can1_sbg_ecan_msg_gps1_hdt_info_status_decode	16	static
can1.c:8131:6:can1_sbg_ecan_msg_gps1_hdt_info_status_is_in_range	16	static
can1.c:8138:5:can1_sbg_ecan_msg_odo_vel_pack	32	static
can1.c:8158:5:can1_sbg_ecan_msg_odo_vel_unpack	32	static
can1.c:8176:9:can1_sbg_ecan_msg_odo_vel_velocity_encode	16	static
can1.c:8181:8:can1_sbg_ecan_msg_odo_vel_velocity_decode	16	static
can1.c:8186:6:can1_sbg_ecan_msg_odo_vel_velocity_is_in_range	16	static
can1.c:8193:5:can1_sbg_ecan_msg_ekf_vel_ned_acc_pack	32	static
can1.c:8221:5:can1_sbg_ecan_msg_ekf_vel_ned_acc_unpack	32	static
can1.c:8247:9:can1_sbg_ecan_msg_ekf_vel_ned_acc_velocity_acc_n_encode	16	static
can1.c:8252:8:can1_sbg_ecan_msg_ekf_vel_ned_acc_velocity_acc_n_decode	16	static
can1.c:8257:6:can1_sbg_ecan_msg_ekf_vel_ned_acc_velocity_acc_n_is_in_range	16	static
can1.c:8264:9:can1_sbg_ecan_msg_ekf_vel_ned_acc_velocity_acc_e_encode	16	static
can1.c:8269:8:can1_sbg_ecan_msg_ekf_vel_ned_acc_velocity_acc_e_decode	16	static
can1.c:8274:6:can1_sbg_ecan_msg_ekf_vel_ned_acc_velocity_acc_e_is_in_range	16	static
can1.c:8281:9:can1_sbg_ecan_msg_ekf_vel_ned_acc_velocity_acc_d_encode	16	static
can1.c:8286:8:can1_sbg_ecan_msg_ekf_vel_ned_acc_velocity_acc_d_decode	16	static
can1.c:8291:6:can1_sbg_ecan_msg_ekf_vel_ned_acc_velocity_acc_d_is_in_range	16	static
can1.c:8298:5:can1_sbg_ecan_msg_ekf_vel_ned_pack	32	static
can1.c:8326:5:can1_sbg_ecan_msg_ekf_vel_ned_unpack	32	static
can1.c:8352:9:can1_sbg_ecan_msg_ekf_vel_ned_velocity_n_encode	16	static
can1.c:8357:8:can1_sbg_ecan_msg_ekf_vel_ned_velocity_n_decode	16	static
can1.c:8362:6:can1_sbg_ecan_msg_ekf_vel_ned_velocity_n_is_in_range	16	static
can1.c:8369:9:can1_sbg_ecan_msg_ekf_vel_ned_velocity_e_encode	16	static
can1.c:8374:8:can1_sbg_ecan_msg_ekf_vel_ned_velocity_e_decode	16	static
can1.c:8379:6:can1_sbg_ecan_msg_ekf_vel_ned_velocity_e_is_in_range	16	static
can1.c:8386:9:can1_sbg_ecan_msg_ekf_vel_ned_velocity_d_encode	16	static
can1.c:8391:8:can1_sbg_ecan_msg_ekf_vel_ned_velocity_d_decode	16	static
can1.c:8396:6:can1_sbg_ecan_msg_ekf_vel_ned_velocity_d_is_in_range	16	static
can1.c:8403:5:can1_sbg_ecan_msg_ekf_pos_acc_pack	24	static
can1.c:8424:5:can1_sbg_ecan_msg_ekf_pos_acc_unpack	24	static
can1.c:8443:10:can1_sbg_ecan_msg_ekf_pos_acc_latitude_acc_encode	16	static
can1.c:8448:8:can1_sbg_ecan_msg_ekf_pos_acc_latitude_acc_decode	16	static
can1.c:8453:6:can1_sbg_ecan_msg_ekf_pos_acc_latitude_acc_is_in_range	16	static
can1.c:8460:10:can1_sbg_ecan_msg_ekf_pos_acc_longitude_acc_encode	16	static
can1.c:8465:8:can1_sbg_ecan_msg_ekf_pos_acc_longitude_acc_decode	16	static
can1.c:8470:6:can1_sbg_ecan_msg_ekf_pos_acc_longitude_acc_is_in_range	16	static
can1.c:8477:10:can1_sbg_ecan_msg_ekf_pos_acc_altitude_acc_encode	16	static
can1.c:8482:8:can1_sbg_ecan_msg_ekf_pos_acc_altitude_acc_decode	16	static
can1.c:8487:6:can1_sbg_ecan_msg_ekf_pos_acc_altitude_acc_is_in_range	16	static
can1.c:8494:5:can1_sbg_ecan_msg_ekf_pos_pack	32	static
can1.c:8522:5:can1_sbg_ecan_msg_ekf_pos_unpack	32	static
can1.c:8548:9:can1_sbg_ecan_msg_ekf_pos_latitude_encode	16	static
can1.c:8553:8:can1_sbg_ecan_msg_ekf_pos_latitude_decode	16	static
can1.c:8558:6:can1_sbg_ecan_msg_ekf_pos_latitude_is_in_range	16	static
can1.c:8565:9:can1_sbg_ecan_msg_ekf_pos_longitude_encode	16	static
can1.c:8570:8:can1_sbg_ecan_msg_ekf_pos_longitude_decode	16	static
can1.c:8575:6:can1_sbg_ecan_msg_ekf_pos_longitude_is_in_range	16	static
can1.c:8582:5:can1_sbg_ecan_msg_ekf_orientation_acc_pack	24	static
can1.c:8603:5:can1_sbg_ecan_msg_ekf_orientation_acc_unpack	24	static
can1.c:8622:10:can1_sbg_ecan_msg_ekf_orientation_acc_roll_acc_encode	16	static
can1.c:8627:8:can1_sbg_ecan_msg_ekf_orientation_acc_roll_acc_decode	16	static
can1.c:8632:6:can1_sbg_ecan_msg_ekf_orientation_acc_roll_acc_is_in_range	16	static
can1.c:8639:10:can1_sbg_ecan_msg_ekf_orientation_acc_pitch_acc_encode	16	static
can1.c:8644:8:can1_sbg_ecan_msg_ekf_orientation_acc_pitch_acc_decode	16	static
can1.c:8649:6:can1_sbg_ecan_msg_ekf_orientation_acc_pitch_acc_is_in_range	16	static
can1.c:8656:10:can1_sbg_ecan_msg_ekf_orientation_acc_yaw_acc_encode	16	static
can1.c:8661:8:can1_sbg_ecan_msg_ekf_orientation_acc_yaw_acc_decode	16	static
can1.c:8666:6:can1_sbg_ecan_msg_ekf_orientation_acc_yaw_acc_is_in_range	16	static
can1.c:8673:5:can1_sbg_ecan_msg_ekf_euler_pack	32	static
can1.c:8701:5:can1_sbg_ecan_msg_ekf_euler_unpack	32	static
can1.c:8727:9:can1_sbg_ecan_msg_ekf_euler_roll_encode	16	static
can1.c:8732:8:can1_sbg_ecan_msg_ekf_euler_roll_decode	16	static
can1.c:8737:6:can1_sbg_ecan_msg_ekf_euler_roll_is_in_range	16	static
can1.c:8744:9:can1_sbg_ecan_msg_ekf_euler_pitch_encode	16	static
can1.c:8749:8:can1_sbg_ecan_msg_ekf_euler_pitch_decode	16	static
can1.c:8754:6:can1_sbg_ecan_msg_ekf_euler_pitch_is_in_range	16	static
can1.c:8761:9:can1_sbg_ecan_msg_ekf_euler_yaw_encode	16	static
can1.c:8766:8:can1_sbg_ecan_msg_ekf_euler_yaw_decode	16	static
can1.c:8771:6:can1_sbg_ecan_msg_ekf_euler_yaw_is_in_range	16	static
can1.c:8778:5:can1_sbg_ecan_msg_ekf_info_pack	24	static
can1.c:8797:5:can1_sbg_ecan_msg_ekf_info_unpack	24	static
can1.c:8814:10:can1_sbg_ecan_msg_ekf_info_time_stamp_encode	16	static
can1.c:8819:8:can1_sbg_ecan_msg_ekf_info_time_stamp_decode	16	static
can1.c:8824:6:can1_sbg_ecan_msg_ekf_info_time_stamp_is_in_range	16	static
can1.c:8829:5:can1_sbg_ecan_msg_imu_gyro_pack	32	static
can1.c:8857:5:can1_sbg_ecan_msg_imu_gyro_unpack	32	static
can1.c:8883:9:can1_sbg_ecan_msg_imu_gyro_gyro_x_encode	16	static
can1.c:8888:8:can1_sbg_ecan_msg_imu_gyro_gyro_x_decode	16	static
can1.c:8893:6:can1_sbg_ecan_msg_imu_gyro_gyro_x_is_in_range	16	static
can1.c:8900:9:can1_sbg_ecan_msg_imu_gyro_gyro_y_encode	16	static
can1.c:8905:8:can1_sbg_ecan_msg_imu_gyro_gyro_y_decode	16	static
can1.c:8910:6:can1_sbg_ecan_msg_imu_gyro_gyro_y_is_in_range	16	static
can1.c:8917:9:can1_sbg_ecan_msg_imu_gyro_gyro_z_encode	16	static
can1.c:8922:8:can1_sbg_ecan_msg_imu_gyro_gyro_z_decode	16	static
can1.c:8927:6:can1_sbg_ecan_msg_imu_gyro_gyro_z_is_in_range	16	static
can1.c:8934:5:can1_sbg_ecan_msg_imu_accel_pack	32	static
can1.c:8962:5:can1_sbg_ecan_msg_imu_accel_unpack	32	static
can1.c:8988:9:can1_sbg_ecan_msg_imu_accel_accel_x_encode	16	static
can1.c:8993:8:can1_sbg_ecan_msg_imu_accel_accel_x_decode	16	static
can1.c:8998:6:can1_sbg_ecan_msg_imu_accel_accel_x_is_in_range	16	static
can1.c:9005:9:can1_sbg_ecan_msg_imu_accel_accel_y_encode	16	static
can1.c:9010:8:can1_sbg_ecan_msg_imu_accel_accel_y_decode	16	static
can1.c:9015:6:can1_sbg_ecan_msg_imu_accel_accel_y_is_in_range	16	static
can1.c:9022:9:can1_sbg_ecan_msg_imu_accel_accel_z_encode	16	static
can1.c:9027:8:can1_sbg_ecan_msg_imu_accel_accel_z_decode	16	static
can1.c:9032:6:can1_sbg_ecan_msg_imu_accel_accel_z_is_in_range	16	static
can1.c:9039:5:can1_sbg_ecan_msg_imu_info_pack	32	static
can1.c:9065:5:can1_sbg_ecan_msg_imu_info_unpack	32	static
can1.c:9089:10:can1_sbg_ecan_msg_imu_info_time_stamp_encode	16	static
can1.c:9094:8:can1_sbg_ecan_msg_imu_info_time_stamp_decode	16	static
can1.c:9099:6:can1_sbg_ecan_msg_imu_info_time_stamp_is_in_range	16	static
can1.c:9104:10:can1_sbg_ecan_msg_imu_info_status_encode	16	static
can1.c:9109:8:can1_sbg_ecan_msg_imu_info_status_decode	16	static
can1.c:9114:6:can1_sbg_ecan_msg_imu_info_status_is_in_range	16	static
can1.c:9121:9:can1_sbg_ecan_msg_imu_info_temperature_encode	16	static
can1.c:9126:8:can1_sbg_ecan_msg_imu_info_temperature_decode	16	static
can1.c:9131:6:can1_sbg_ecan_msg_imu_info_temperature_is_in_range	16	static
can1.c:9138:5:can1_sbg_ecan_msg_auto_slip_curv_pack	32	static
can1.c:9165:5:can1_sbg_ecan_msg_auto_slip_curv_unpack	32	static
can1.c:9190:9:can1_sbg_ecan_msg_auto_slip_curv_angle_track_encode	16	static
can1.c:9195:8:can1_sbg_ecan_msg_auto_slip_curv_angle_track_decode	16	static
can1.c:9200:6:can1_sbg_ecan_msg_auto_slip_curv_angle_track_is_in_range	16	static
can1.c:9207:9:can1_sbg_ecan_msg_auto_slip_curv_angle_slip_encode	16	static
can1.c:9212:8:can1_sbg_ecan_msg_auto_slip_curv_angle_slip_decode	16	static
can1.c:9217:6:can1_sbg_ecan_msg_auto_slip_curv_angle_slip_is_in_range	16	static
can1.c:9224:10:can1_sbg_ecan_msg_auto_slip_curv_curvature_radius_encode	16	static
can1.c:9229:8:can1_sbg_ecan_msg_auto_slip_curv_curvature_radius_decode	16	static
can1.c:9234:6:can1_sbg_ecan_msg_auto_slip_curv_curvature_radius_is_in_range	16	static
can1.c:9241:9:can1_sbg_ecan_msg_auto_slip_curv_auto_status_encode	16	static
can1.c:9246:8:can1_sbg_ecan_msg_auto_slip_curv_auto_status_decode	16	static
can1.c:9251:6:can1_sbg_ecan_msg_auto_slip_curv_auto_status_is_in_range	16	static
can1.c:9258:5:can1_vehicle_status_wheel_speed_pack	32	static
can1.c:9290:5:can1_vehicle_status_wheel_speed_unpack	32	static
can1.c:9320:9:can1_vehicle_status_wheel_speed_wheel_speed_fl_encode	16	static
can1.c:9325:8:can1_vehicle_status_wheel_speed_wheel_speed_fl_decode	16	static
can1.c:9330:6:can1_vehicle_status_wheel_speed_wheel_speed_fl_is_in_range	16	static
can1.c:9337:9:can1_vehicle_status_wheel_speed_wheel_speed_fr_encode	16	static
can1.c:9342:8:can1_vehicle_status_wheel_speed_wheel_speed_fr_decode	16	static
can1.c:9347:6:can1_vehicle_status_wheel_speed_wheel_speed_fr_is_in_range	16	static
can1.c:9354:9:can1_vehicle_status_wheel_speed_wheel_speed_rl_encode	16	static
can1.c:9359:8:can1_vehicle_status_wheel_speed_wheel_speed_rl_decode	16	static
can1.c:9364:6:can1_vehicle_status_wheel_speed_wheel_speed_rl_is_in_range	16	static
can1.c:9371:9:can1_vehicle_status_wheel_speed_wheel_speed_rr_encode	16	static
can1.c:9376:8:can1_vehicle_status_wheel_speed_wheel_speed_rr_decode	16	static
can1.c:9381:6:can1_vehicle_status_wheel_speed_wheel_speed_rr_is_in_range	16	static
