can2.c:35:23:pack_left_shift_u8	16	static
can2.c:43:23:pack_left_shift_u16	16	static
can2.c:51:23:pack_left_shift_u64	32	static
can2.c:59:23:pack_right_shift_u16	16	static
can2.c:67:23:pack_right_shift_u64	32	static
can2.c:75:24:unpack_left_shift_u16	16	static
can2.c:83:24:unpack_left_shift_u64	24	static
can2.c:91:23:unpack_right_shift_u8	16	static
can2.c:99:24:unpack_right_shift_u16	16	static
can2.c:107:24:unpack_right_shift_u64	24	static
can2.c:115:5:can2_amk1_actual_values_1_pack	32	static
can2.c:151:5:can2_amk1_actual_values_1_unpack	32	static
can2.c:185:9:can2_amk1_actual_values_1_amk1_status_system_ready_encode	16	static
can2.c:190:8:can2_amk1_actual_values_1_amk1_status_system_ready_decode	16	static
can2.c:195:6:can2_amk1_actual_values_1_amk1_status_system_ready_is_in_range	16	static
can2.c:200:9:can2_amk1_actual_values_1_amk1_status_error_encode	16	static
can2.c:205:8:can2_amk1_actual_values_1_amk1_status_error_decode	16	static
can2.c:210:6:can2_amk1_actual_values_1_amk1_status_error_is_in_range	16	static
can2.c:215:9:can2_amk1_actual_values_1_amk1_status_warning_encode	16	static
can2.c:220:8:can2_amk1_actual_values_1_amk1_status_warning_decode	16	static
can2.c:225:6:can2_amk1_actual_values_1_amk1_status_warning_is_in_range	16	static
can2.c:230:9:can2_amk1_actual_values_1_amk1_status_quit_dc_on_encode	16	static
can2.c:235:8:can2_amk1_actual_values_1_amk1_status_quit_dc_on_decode	16	static
can2.c:240:6:can2_amk1_actual_values_1_amk1_status_quit_dc_on_is_in_range	16	static
can2.c:245:9:can2_amk1_actual_values_1_amk1_status_dc_on_encode	16	static
can2.c:250:8:can2_amk1_actual_values_1_amk1_status_dc_on_decode	16	static
can2.c:255:6:can2_amk1_actual_values_1_amk1_status_dc_on_is_in_range	16	static
can2.c:260:9:can2_amk1_actual_values_1_amk1_status_quit_inverter_on_encode	16	static
can2.c:265:8:can2_amk1_actual_values_1_amk1_status_quit_inverter_on_decode	16	static
can2.c:270:6:can2_amk1_actual_values_1_amk1_status_quit_inverter_on_is_in_range	16	static
can2.c:275:9:can2_amk1_actual_values_1_amk1_status_inverter_on_encode	16	static
can2.c:280:8:can2_amk1_actual_values_1_amk1_status_inverter_on_decode	16	static
can2.c:285:6:can2_amk1_actual_values_1_amk1_status_inverter_on_is_in_range	16	static
can2.c:290:9:can2_amk1_actual_values_1_amk1_derating_encode	16	static
can2.c:295:8:can2_amk1_actual_values_1_amk1_derating_decode	16	static
can2.c:300:6:can2_amk1_actual_values_1_amk1_derating_is_in_range	16	static
can2.c:305:9:can2_amk1_actual_values_1_amk1_actual_velocity_encode	16	static
can2.c:310:8:can2_amk1_actual_values_1_amk1_actual_velocity_decode	16	static
can2.c:315:6:can2_amk1_actual_values_1_amk1_actual_velocity_is_in_range	16	static
can2.c:322:9:can2_amk1_actual_values_1_amk1_torque_current_encode	16	static
can2.c:327:8:can2_amk1_actual_values_1_amk1_torque_current_decode	16	static
can2.c:332:6:can2_amk1_actual_values_1_amk1_torque_current_is_in_range	16	static
can2.c:339:9:can2_amk1_actual_values_1_amk1_magnetizing_current_encode	16	static
can2.c:344:8:can2_amk1_actual_values_1_amk1_magnetizing_current_decode	16	static
can2.c:349:6:can2_amk1_actual_values_1_amk1_magnetizing_current_is_in_range	16	static
can2.c:356:5:can2_amk1_actual_values_2_pack	32	static
can2.c:386:5:can2_amk1_actual_values_2_unpack	32	static
can2.c:414:9:can2_amk1_actual_values_2_amk1_temp_motor_encode	16	static
can2.c:419:8:can2_amk1_actual_values_2_amk1_temp_motor_decode	16	static
can2.c:424:6:can2_amk1_actual_values_2_amk1_temp_motor_is_in_range	16	static
can2.c:431:9:can2_amk1_actual_values_2_amk1_temp_inverter_encode	16	static
can2.c:436:8:can2_amk1_actual_values_2_amk1_temp_inverter_decode	16	static
can2.c:441:6:can2_amk1_actual_values_2_amk1_temp_inverter_is_in_range	16	static
can2.c:448:10:can2_amk1_actual_values_2_amk1_error_info_encode	16	static
can2.c:453:8:can2_amk1_actual_values_2_amk1_error_info_decode	16	static
can2.c:458:6:can2_amk1_actual_values_2_amk1_error_info_is_in_range	16	static
can2.c:465:9:can2_amk1_actual_values_2_amk1_temp_igbt_encode	16	static
can2.c:470:8:can2_amk1_actual_values_2_amk1_temp_igbt_decode	16	static
can2.c:475:6:can2_amk1_actual_values_2_amk1_temp_igbt_is_in_range	16	static
can2.c:482:5:can2_amk1_setpoints_1_pack	32	static
can2.c:514:5:can2_amk1_setpoints_1_unpack	32	static
can2.c:544:9:can2_amk1_setpoints_1_amk1_control_inverter_on_encode	16	static
can2.c:549:8:can2_amk1_setpoints_1_amk1_control_inverter_on_decode	16	static
can2.c:554:6:can2_amk1_setpoints_1_amk1_control_inverter_on_is_in_range	16	static
can2.c:559:9:can2_amk1_setpoints_1_amk1_control_dc_on_encode	16	static
can2.c:564:8:can2_amk1_setpoints_1_amk1_control_dc_on_decode	16	static
can2.c:569:6:can2_amk1_setpoints_1_amk1_control_dc_on_is_in_range	16	static
can2.c:574:9:can2_amk1_setpoints_1_amk1_control_enable_encode	16	static
can2.c:579:8:can2_amk1_setpoints_1_amk1_control_enable_decode	16	static
can2.c:584:6:can2_amk1_setpoints_1_amk1_control_enable_is_in_range	16	static
can2.c:589:9:can2_amk1_setpoints_1_amk1_control_error_reset_encode	16	static
can2.c:594:8:can2_amk1_setpoints_1_amk1_control_error_reset_decode	16	static
can2.c:599:6:can2_amk1_setpoints_1_amk1_control_error_reset_is_in_range	16	static
can2.c:604:9:can2_amk1_setpoints_1_amk1_target_velocity_encode	16	static
can2.c:609:8:can2_amk1_setpoints_1_amk1_target_velocity_decode	16	static
can2.c:614:6:can2_amk1_setpoints_1_amk1_target_velocity_is_in_range	16	static
can2.c:621:9:can2_amk1_setpoints_1_amk1_torque_limit_positiv_encode	16	static
can2.c:626:8:can2_amk1_setpoints_1_amk1_torque_limit_positiv_decode	16	static
can2.c:631:6:can2_amk1_setpoints_1_amk1_torque_limit_positiv_is_in_range	16	static
can2.c:638:9:can2_amk1_setpoints_1_amk1_torque_limit_negativ_encode	16	static
can2.c:643:8:can2_amk1_setpoints_1_amk1_torque_limit_negativ_decode	16	static
can2.c:648:6:can2_amk1_setpoints_1_amk1_torque_limit_negativ_is_in_range	16	static
can2.c:655:5:can2_amk2_actual_values_1_pack	32	static
can2.c:691:5:can2_amk2_actual_values_1_unpack	32	static
can2.c:725:9:can2_amk2_actual_values_1_amk2_system_ready_encode	16	static
can2.c:730:8:can2_amk2_actual_values_1_amk2_system_ready_decode	16	static
can2.c:735:6:can2_amk2_actual_values_1_amk2_system_ready_is_in_range	16	static
can2.c:740:9:can2_amk2_actual_values_1_amk2_error_encode	16	static
can2.c:745:8:can2_amk2_actual_values_1_amk2_error_decode	16	static
can2.c:750:6:can2_amk2_actual_values_1_amk2_error_is_in_range	16	static
can2.c:755:9:can2_amk2_actual_values_1_amk2_warning_encode	16	static
can2.c:760:8:can2_amk2_actual_values_1_amk2_warning_decode	16	static
can2.c:765:6:can2_amk2_actual_values_1_amk2_warning_is_in_range	16	static
can2.c:770:9:can2_amk2_actual_values_1_amk2_status_quit_dc_on_encode	16	static
can2.c:775:8:can2_amk2_actual_values_1_amk2_status_quit_dc_on_decode	16	static
can2.c:780:6:can2_amk2_actual_values_1_amk2_status_quit_dc_on_is_in_range	16	static
can2.c:785:9:can2_amk2_actual_values_1_amk2_status_dc_on_encode	16	static
can2.c:790:8:can2_amk2_actual_values_1_amk2_status_dc_on_decode	16	static
can2.c:795:6:can2_amk2_actual_values_1_amk2_status_dc_on_is_in_range	16	static
can2.c:800:9:can2_amk2_actual_values_1_amk2_status_quit_inverter_on_encode	16	static
can2.c:805:8:can2_amk2_actual_values_1_amk2_status_quit_inverter_on_decode	16	static
can2.c:810:6:can2_amk2_actual_values_1_amk2_status_quit_inverter_on_is_in_range	16	static
can2.c:815:9:can2_amk2_actual_values_1_amk2_status_inverter_on_encode	16	static
can2.c:820:8:can2_amk2_actual_values_1_amk2_status_inverter_on_decode	16	static
can2.c:825:6:can2_amk2_actual_values_1_amk2_status_inverter_on_is_in_range	16	static
can2.c:830:9:can2_amk2_actual_values_1_amk2_status_derating_encode	16	static
can2.c:835:8:can2_amk2_actual_values_1_amk2_status_derating_decode	16	static
can2.c:840:6:can2_amk2_actual_values_1_amk2_status_derating_is_in_range	16	static
can2.c:845:9:can2_amk2_actual_values_1_amk2_actual_velocity_encode	16	static
can2.c:850:8:can2_amk2_actual_values_1_amk2_actual_velocity_decode	16	static
can2.c:855:6:can2_amk2_actual_values_1_amk2_actual_velocity_is_in_range	16	static
can2.c:862:9:can2_amk2_actual_values_1_amk2_torque_current_encode	16	static
can2.c:867:8:can2_amk2_actual_values_1_amk2_torque_current_decode	16	static
can2.c:872:6:can2_amk2_actual_values_1_amk2_torque_current_is_in_range	16	static
can2.c:879:9:can2_amk2_actual_values_1_amk2_magnetizing_current_encode	16	static
can2.c:884:8:can2_amk2_actual_values_1_amk2_magnetizing_current_decode	16	static
can2.c:889:6:can2_amk2_actual_values_1_amk2_magnetizing_current_is_in_range	16	static
can2.c:896:5:can2_amk2_actual_values_2_pack	32	static
can2.c:926:5:can2_amk2_actual_values_2_unpack	32	static
can2.c:954:9:can2_amk2_actual_values_2_amk2_temp_motor_encode	16	static
can2.c:959:8:can2_amk2_actual_values_2_amk2_temp_motor_decode	16	static
can2.c:964:6:can2_amk2_actual_values_2_amk2_temp_motor_is_in_range	16	static
can2.c:971:9:can2_amk2_actual_values_2_amk2_temp_inverter_encode	16	static
can2.c:976:8:can2_amk2_actual_values_2_amk2_temp_inverter_decode	16	static
can2.c:981:6:can2_amk2_actual_values_2_amk2_temp_inverter_is_in_range	16	static
can2.c:988:10:can2_amk2_actual_values_2_amk2_error_info_encode	16	static
can2.c:993:8:can2_amk2_actual_values_2_amk2_error_info_decode	16	static
can2.c:998:6:can2_amk2_actual_values_2_amk2_error_info_is_in_range	16	static
can2.c:1005:9:can2_amk2_actual_values_2_amk2_temp_igbt_encode	16	static
can2.c:1010:8:can2_amk2_actual_values_2_amk2_temp_igbt_decode	16	static
can2.c:1015:6:can2_amk2_actual_values_2_amk2_temp_igbt_is_in_range	16	static
can2.c:1022:5:can2_amk2_setpoints_1_pack	24	static
can2.c:1047:5:can2_amk2_setpoints_1_unpack	24	static
can2.c:1070:9:can2_amk2_setpoints_1_amk2_control_inverter_on_encode	16	static
can2.c:1075:8:can2_amk2_setpoints_1_amk2_control_inverter_on_decode	16	static
can2.c:1080:6:can2_amk2_setpoints_1_amk2_control_inverter_on_is_in_range	16	static
can2.c:1085:9:can2_amk2_setpoints_1_amk2_control_dc_on_encode	16	static
can2.c:1090:8:can2_amk2_setpoints_1_amk2_control_dc_on_decode	16	static
can2.c:1095:6:can2_amk2_setpoints_1_amk2_control_dc_on_is_in_range	16	static
can2.c:1100:9:can2_amk2_setpoints_1_amk2_control_enable_encode	16	static
can2.c:1105:8:can2_amk2_setpoints_1_amk2_control_enable_decode	16	static
can2.c:1110:6:can2_amk2_setpoints_1_amk2_control_enable_is_in_range	16	static
can2.c:1115:9:can2_amk2_setpoints_1_amk2_control_error_reset_encode	16	static
can2.c:1120:8:can2_amk2_setpoints_1_amk2_control_error_reset_decode	16	static
can2.c:1125:6:can2_amk2_setpoints_1_amk2_control_error_reset_is_in_range	16	static
can2.c:1130:10:can2_amk2_setpoints_1_amk2_target_velocity_encode	16	static
can2.c:1135:8:can2_amk2_setpoints_1_amk2_target_velocity_decode	16	static
can2.c:1140:6:can2_amk2_setpoints_1_amk2_target_velocity_is_in_range	16	static
can2.c:1147:10:can2_amk2_setpoints_1_amk2_torque_limit_positiv_encode	16	static
can2.c:1152:8:can2_amk2_setpoints_1_amk2_torque_limit_positiv_decode	16	static
can2.c:1157:6:can2_amk2_setpoints_1_amk2_torque_limit_positiv_is_in_range	16	static
can2.c:1164:10:can2_amk2_setpoints_1_amk2_torque_limit_negativ_encode	16	static
can2.c:1169:8:can2_amk2_setpoints_1_amk2_torque_limit_negativ_decode	16	static
can2.c:1174:6:can2_amk2_setpoints_1_amk2_torque_limit_negativ_is_in_range	16	static
can2.c:1181:5:can2_amk3_actual_values_1_pack	24	static
can2.c:1197:5:can2_amk3_actual_values_1_unpack	24	static
can2.c:1212:5:can2_amk3_actual_values_2_pack	24	static
can2.c:1228:5:can2_amk3_actual_values_2_unpack	24	static
can2.c:1243:5:can2_amk3_setpoints_1_pack	24	static
can2.c:1259:5:can2_amk3_setpoints_1_unpack	24	static
can2.c:1274:5:can2_amk4_actual_values_1_pack	24	static
can2.c:1290:5:can2_amk4_actual_values_1_unpack	24	static
can2.c:1305:5:can2_amk4_actual_values_2_pack	24	static
can2.c:1321:5:can2_amk4_actual_values_2_unpack	24	static
can2.c:1336:5:can2_amk4_setpoints_1_pack	24	static
can2.c:1352:5:can2_amk4_setpoints_1_unpack	24	static
can2.c:1367:5:can2_ivt_msg_command_pack	24	static
can2.c:1383:5:can2_ivt_msg_command_unpack	24	static
can2.c:1398:5:can2_ivt_msg_response_pack	24	static
can2.c:1414:5:can2_ivt_msg_response_unpack	24	static
can2.c:1429:5:can2_ivt_msg_result_i_pack	32	static
can2.c:1453:5:can2_ivt_msg_result_i_unpack	88	static
can2.c:1480:9:can2_ivt_msg_result_i_i_ts_encode	16	static
can2.c:1485:8:can2_ivt_msg_result_i_i_ts_decode	16	static
can2.c:1490:6:can2_ivt_msg_result_i_i_ts_is_in_range	16	static
can2.c:1495:5:can2_ivt_msg_result_u1_pack	32	static
can2.c:1519:5:can2_ivt_msg_result_u1_unpack	88	static
can2.c:1546:9:can2_ivt_msg_result_u1_u_cells_encode	16	static
can2.c:1551:8:can2_ivt_msg_result_u1_u_cells_decode	16	static
can2.c:1556:6:can2_ivt_msg_result_u1_u_cells_is_in_range	16	static
can2.c:1561:5:can2_ivt_msg_result_u2_pack	32	static
can2.c:1585:5:can2_ivt_msg_result_u2_unpack	88	static
can2.c:1612:9:can2_ivt_msg_result_u2_u_fuse_encode	16	static
can2.c:1617:8:can2_ivt_msg_result_u2_u_fuse_decode	16	static
can2.c:1622:6:can2_ivt_msg_result_u2_u_fuse_is_in_range	16	static
can2.c:1627:5:can2_ivt_msg_result_u3_pack	32	static
can2.c:1651:5:can2_ivt_msg_result_u3_unpack	88	static
can2.c:1678:9:can2_ivt_msg_result_u3_u_vehicle_encode	16	static
can2.c:1683:8:can2_ivt_msg_result_u3_u_vehicle_decode	16	static
can2.c:1688:6:can2_ivt_msg_result_u3_u_vehicle_is_in_range	16	static
can2.c:1693:5:can2_ivt_msg_result_t_pack	32	static
can2.c:1717:5:can2_ivt_msg_result_t_unpack	88	static
can2.c:1744:9:can2_ivt_msg_result_t_ivt_temperature_encode	16	static
can2.c:1749:8:can2_ivt_msg_result_t_ivt_temperature_decode	16	static
can2.c:1754:6:can2_ivt_msg_result_t_ivt_temperature_is_in_range	16	static
can2.c:1759:5:can2_ivt_msg_result_w_pack	32	static
can2.c:1783:5:can2_ivt_msg_result_w_unpack	88	static
can2.c:1810:9:can2_ivt_msg_result_w_w_ts_encode	16	static
can2.c:1815:8:can2_ivt_msg_result_w_w_ts_decode	16	static
can2.c:1820:6:can2_ivt_msg_result_w_w_ts_is_in_range	16	static
can2.c:1825:5:can2_ivt_msg_result_as_pack	32	static
can2.c:1849:5:can2_ivt_msg_result_as_unpack	88	static
can2.c:1876:9:can2_ivt_msg_result_as_tsa_available_capacity_encode	16	static
can2.c:1881:8:can2_ivt_msg_result_as_tsa_available_capacity_decode	16	static
can2.c:1886:6:can2_ivt_msg_result_as_tsa_available_capacity_is_in_range	16	static
can2.c:1891:5:can2_ivt_msg_result_wh_pack	32	static
can2.c:1915:5:can2_ivt_msg_result_wh_unpack	88	static
can2.c:1942:9:can2_ivt_msg_result_wh_tsa_used_energy_encode	16	static
can2.c:1947:8:can2_ivt_msg_result_wh_tsa_used_energy_decode	16	static
can2.c:1952:6:can2_ivt_msg_result_wh_tsa_used_energy_is_in_range	16	static
can2.c:1957:5:can2_charger_config_pack	24	static
can2.c:1999:5:can2_charger_config_unpack	24	static
can2.c:2039:9:can2_charger_config_set_mux_encode	16	static
can2.c:2044:8:can2_charger_config_set_mux_decode	16	static
can2.c:2049:6:can2_charger_config_set_mux_is_in_range	16	static
can2.c:2056:10:can2_charger_config_msg_set_voltage_limit_encode	16	static
can2.c:2061:8:can2_charger_config_msg_set_voltage_limit_decode	16	static
can2.c:2066:6:can2_charger_config_msg_set_voltage_limit_is_in_range	16	static
can2.c:2071:10:can2_charger_config_msg_set_current_limit_encode	16	static
can2.c:2076:8:can2_charger_config_msg_set_current_limit_decode	16	static
can2.c:2081:6:can2_charger_config_msg_set_current_limit_is_in_range	16	static
can2.c:2086:10:can2_charger_config_msg_set_power_limit_encode	16	static
can2.c:2091:8:can2_charger_config_msg_set_power_limit_decode	16	static
can2.c:2096:6:can2_charger_config_msg_set_power_limit_is_in_range	16	static
can2.c:2101:9:can2_charger_config_msg_set_enabled_encode	16	static
can2.c:2106:8:can2_charger_config_msg_set_enabled_decode	16	static
can2.c:2111:6:can2_charger_config_msg_set_enabled_is_in_range	16	static
can2.c:2116:9:can2_charger_config_msg_set_time_out_encode	16	static
can2.c:2121:8:can2_charger_config_msg_set_time_out_decode	16	static
can2.c:2126:6:can2_charger_config_msg_set_time_out_is_in_range	16	static
can2.c:2133:5:can2_cc_status_pack	24	static
can2.c:2149:5:can2_cc_status_unpack	24	static
can2.c:2163:9:can2_cc_status_enable_ams_charging_encode	16	static
can2.c:2168:8:can2_cc_status_enable_ams_charging_decode	16	static
can2.c:2173:6:can2_cc_status_enable_ams_charging_is_in_range	16	static
