can2.c:35:23:pack_left_shift_u8	16	static
can2.c:43:23:pack_left_shift_u16	16	static
can2.c:51:23:pack_left_shift_u32	16	static
can2.c:59:23:pack_left_shift_u64	32	static
can2.c:67:23:pack_right_shift_u16	16	static
can2.c:75:23:pack_right_shift_u32	16	static
can2.c:83:23:pack_right_shift_u64	32	static
can2.c:91:24:unpack_left_shift_u16	16	static
can2.c:99:24:unpack_left_shift_u32	16	static
can2.c:107:24:unpack_left_shift_u64	24	static
can2.c:115:23:unpack_right_shift_u8	16	static
can2.c:123:24:unpack_right_shift_u16	16	static
can2.c:131:24:unpack_right_shift_u32	16	static
can2.c:139:24:unpack_right_shift_u64	24	static
can2.c:147:5:can2_amk1_actual_values_1_pack	32	static
can2.c:183:5:can2_amk1_actual_values_1_unpack	32	static
can2.c:217:9:can2_amk1_actual_values_1_amk1_status_system_ready_encode	16	static
can2.c:222:8:can2_amk1_actual_values_1_amk1_status_system_ready_decode	16	static
can2.c:227:6:can2_amk1_actual_values_1_amk1_status_system_ready_is_in_range	16	static
can2.c:232:9:can2_amk1_actual_values_1_amk1_status_error_encode	16	static
can2.c:237:8:can2_amk1_actual_values_1_amk1_status_error_decode	16	static
can2.c:242:6:can2_amk1_actual_values_1_amk1_status_error_is_in_range	16	static
can2.c:247:9:can2_amk1_actual_values_1_amk1_status_warning_encode	16	static
can2.c:252:8:can2_amk1_actual_values_1_amk1_status_warning_decode	16	static
can2.c:257:6:can2_amk1_actual_values_1_amk1_status_warning_is_in_range	16	static
can2.c:262:9:can2_amk1_actual_values_1_amk1_status_quit_dc_on_encode	16	static
can2.c:267:8:can2_amk1_actual_values_1_amk1_status_quit_dc_on_decode	16	static
can2.c:272:6:can2_amk1_actual_values_1_amk1_status_quit_dc_on_is_in_range	16	static
can2.c:277:9:can2_amk1_actual_values_1_amk1_status_dc_on_encode	16	static
can2.c:282:8:can2_amk1_actual_values_1_amk1_status_dc_on_decode	16	static
can2.c:287:6:can2_amk1_actual_values_1_amk1_status_dc_on_is_in_range	16	static
can2.c:292:9:can2_amk1_actual_values_1_amk1_status_quit_inverter_on_encode	16	static
can2.c:297:8:can2_amk1_actual_values_1_amk1_status_quit_inverter_on_decode	16	static
can2.c:302:6:can2_amk1_actual_values_1_amk1_status_quit_inverter_on_is_in_range	16	static
can2.c:307:9:can2_amk1_actual_values_1_amk1_status_inverter_on_encode	16	static
can2.c:312:8:can2_amk1_actual_values_1_amk1_status_inverter_on_decode	16	static
can2.c:317:6:can2_amk1_actual_values_1_amk1_status_inverter_on_is_in_range	16	static
can2.c:322:9:can2_amk1_actual_values_1_amk1_derating_encode	16	static
can2.c:327:8:can2_amk1_actual_values_1_amk1_derating_decode	16	static
can2.c:332:6:can2_amk1_actual_values_1_amk1_derating_is_in_range	16	static
can2.c:337:9:can2_amk1_actual_values_1_amk1_actual_velocity_encode	16	static
can2.c:342:8:can2_amk1_actual_values_1_amk1_actual_velocity_decode	16	static
can2.c:347:6:can2_amk1_actual_values_1_amk1_actual_velocity_is_in_range	16	static
can2.c:354:9:can2_amk1_actual_values_1_amk1_torque_current_encode	16	static
can2.c:359:8:can2_amk1_actual_values_1_amk1_torque_current_decode	16	static
can2.c:364:6:can2_amk1_actual_values_1_amk1_torque_current_is_in_range	16	static
can2.c:371:9:can2_amk1_actual_values_1_amk1_magnetizing_current_encode	16	static
can2.c:376:8:can2_amk1_actual_values_1_amk1_magnetizing_current_decode	16	static
can2.c:381:6:can2_amk1_actual_values_1_amk1_magnetizing_current_is_in_range	16	static
can2.c:388:5:can2_amk1_actual_values_2_pack	32	static
can2.c:418:5:can2_amk1_actual_values_2_unpack	32	static
can2.c:446:9:can2_amk1_actual_values_2_amk1_temp_motor_encode	16	static
can2.c:451:8:can2_amk1_actual_values_2_amk1_temp_motor_decode	16	static
can2.c:456:6:can2_amk1_actual_values_2_amk1_temp_motor_is_in_range	16	static
can2.c:463:9:can2_amk1_actual_values_2_amk1_temp_inverter_encode	16	static
can2.c:468:8:can2_amk1_actual_values_2_amk1_temp_inverter_decode	16	static
can2.c:473:6:can2_amk1_actual_values_2_amk1_temp_inverter_is_in_range	16	static
can2.c:480:10:can2_amk1_actual_values_2_amk1_error_info_encode	16	static
can2.c:485:8:can2_amk1_actual_values_2_amk1_error_info_decode	16	static
can2.c:490:6:can2_amk1_actual_values_2_amk1_error_info_is_in_range	16	static
can2.c:497:9:can2_amk1_actual_values_2_amk1_temp_igbt_encode	16	static
can2.c:502:8:can2_amk1_actual_values_2_amk1_temp_igbt_decode	16	static
can2.c:507:6:can2_amk1_actual_values_2_amk1_temp_igbt_is_in_range	16	static
can2.c:514:5:can2_amk1_setpoints_1_pack	32	static
can2.c:546:5:can2_amk1_setpoints_1_unpack	32	static
can2.c:576:9:can2_amk1_setpoints_1_amk1_control_inverter_on_encode	16	static
can2.c:581:8:can2_amk1_setpoints_1_amk1_control_inverter_on_decode	16	static
can2.c:586:6:can2_amk1_setpoints_1_amk1_control_inverter_on_is_in_range	16	static
can2.c:591:9:can2_amk1_setpoints_1_amk1_control_dc_on_encode	16	static
can2.c:596:8:can2_amk1_setpoints_1_amk1_control_dc_on_decode	16	static
can2.c:601:6:can2_amk1_setpoints_1_amk1_control_dc_on_is_in_range	16	static
can2.c:606:9:can2_amk1_setpoints_1_amk1_control_enable_encode	16	static
can2.c:611:8:can2_amk1_setpoints_1_amk1_control_enable_decode	16	static
can2.c:616:6:can2_amk1_setpoints_1_amk1_control_enable_is_in_range	16	static
can2.c:621:9:can2_amk1_setpoints_1_amk1_control_error_reset_encode	16	static
can2.c:626:8:can2_amk1_setpoints_1_amk1_control_error_reset_decode	16	static
can2.c:631:6:can2_amk1_setpoints_1_amk1_control_error_reset_is_in_range	16	static
can2.c:636:9:can2_amk1_setpoints_1_amk1_target_velocity_encode	16	static
can2.c:641:8:can2_amk1_setpoints_1_amk1_target_velocity_decode	16	static
can2.c:646:6:can2_amk1_setpoints_1_amk1_target_velocity_is_in_range	16	static
can2.c:653:9:can2_amk1_setpoints_1_amk1_torque_limit_positiv_encode	16	static
can2.c:658:8:can2_amk1_setpoints_1_amk1_torque_limit_positiv_decode	16	static
can2.c:663:6:can2_amk1_setpoints_1_amk1_torque_limit_positiv_is_in_range	16	static
can2.c:670:9:can2_amk1_setpoints_1_amk1_torque_limit_negativ_encode	16	static
can2.c:675:8:can2_amk1_setpoints_1_amk1_torque_limit_negativ_decode	16	static
can2.c:680:6:can2_amk1_setpoints_1_amk1_torque_limit_negativ_is_in_range	16	static
can2.c:687:5:can2_amk2_actual_values_1_pack	32	static
can2.c:723:5:can2_amk2_actual_values_1_unpack	32	static
can2.c:757:9:can2_amk2_actual_values_1_amk2_system_ready_encode	16	static
can2.c:762:8:can2_amk2_actual_values_1_amk2_system_ready_decode	16	static
can2.c:767:6:can2_amk2_actual_values_1_amk2_system_ready_is_in_range	16	static
can2.c:772:9:can2_amk2_actual_values_1_amk2_error_encode	16	static
can2.c:777:8:can2_amk2_actual_values_1_amk2_error_decode	16	static
can2.c:782:6:can2_amk2_actual_values_1_amk2_error_is_in_range	16	static
can2.c:787:9:can2_amk2_actual_values_1_amk2_warning_encode	16	static
can2.c:792:8:can2_amk2_actual_values_1_amk2_warning_decode	16	static
can2.c:797:6:can2_amk2_actual_values_1_amk2_warning_is_in_range	16	static
can2.c:802:9:can2_amk2_actual_values_1_amk2_status_quit_dc_on_encode	16	static
can2.c:807:8:can2_amk2_actual_values_1_amk2_status_quit_dc_on_decode	16	static
can2.c:812:6:can2_amk2_actual_values_1_amk2_status_quit_dc_on_is_in_range	16	static
can2.c:817:9:can2_amk2_actual_values_1_amk2_status_dc_on_encode	16	static
can2.c:822:8:can2_amk2_actual_values_1_amk2_status_dc_on_decode	16	static
can2.c:827:6:can2_amk2_actual_values_1_amk2_status_dc_on_is_in_range	16	static
can2.c:832:9:can2_amk2_actual_values_1_amk2_status_quit_inverter_on_encode	16	static
can2.c:837:8:can2_amk2_actual_values_1_amk2_status_quit_inverter_on_decode	16	static
can2.c:842:6:can2_amk2_actual_values_1_amk2_status_quit_inverter_on_is_in_range	16	static
can2.c:847:9:can2_amk2_actual_values_1_amk2_status_inverter_on_encode	16	static
can2.c:852:8:can2_amk2_actual_values_1_amk2_status_inverter_on_decode	16	static
can2.c:857:6:can2_amk2_actual_values_1_amk2_status_inverter_on_is_in_range	16	static
can2.c:862:9:can2_amk2_actual_values_1_amk2_status_derating_encode	16	static
can2.c:867:8:can2_amk2_actual_values_1_amk2_status_derating_decode	16	static
can2.c:872:6:can2_amk2_actual_values_1_amk2_status_derating_is_in_range	16	static
can2.c:877:9:can2_amk2_actual_values_1_amk2_actual_velocity_encode	16	static
can2.c:882:8:can2_amk2_actual_values_1_amk2_actual_velocity_decode	16	static
can2.c:887:6:can2_amk2_actual_values_1_amk2_actual_velocity_is_in_range	16	static
can2.c:894:9:can2_amk2_actual_values_1_amk2_torque_current_encode	16	static
can2.c:899:8:can2_amk2_actual_values_1_amk2_torque_current_decode	16	static
can2.c:904:6:can2_amk2_actual_values_1_amk2_torque_current_is_in_range	16	static
can2.c:911:9:can2_amk2_actual_values_1_amk2_magnetizing_current_encode	16	static
can2.c:916:8:can2_amk2_actual_values_1_amk2_magnetizing_current_decode	16	static
can2.c:921:6:can2_amk2_actual_values_1_amk2_magnetizing_current_is_in_range	16	static
can2.c:928:5:can2_amk2_actual_values_2_pack	32	static
can2.c:958:5:can2_amk2_actual_values_2_unpack	32	static
can2.c:986:9:can2_amk2_actual_values_2_amk2_temp_motor_encode	16	static
can2.c:991:8:can2_amk2_actual_values_2_amk2_temp_motor_decode	16	static
can2.c:996:6:can2_amk2_actual_values_2_amk2_temp_motor_is_in_range	16	static
can2.c:1003:9:can2_amk2_actual_values_2_amk2_temp_inverter_encode	16	static
can2.c:1008:8:can2_amk2_actual_values_2_amk2_temp_inverter_decode	16	static
can2.c:1013:6:can2_amk2_actual_values_2_amk2_temp_inverter_is_in_range	16	static
can2.c:1020:10:can2_amk2_actual_values_2_amk2_error_info_encode	16	static
can2.c:1025:8:can2_amk2_actual_values_2_amk2_error_info_decode	16	static
can2.c:1030:6:can2_amk2_actual_values_2_amk2_error_info_is_in_range	16	static
can2.c:1037:9:can2_amk2_actual_values_2_amk2_temp_igbt_encode	16	static
can2.c:1042:8:can2_amk2_actual_values_2_amk2_temp_igbt_decode	16	static
can2.c:1047:6:can2_amk2_actual_values_2_amk2_temp_igbt_is_in_range	16	static
can2.c:1054:5:can2_amk2_setpoints_1_pack	24	static
can2.c:1079:5:can2_amk2_setpoints_1_unpack	24	static
can2.c:1102:9:can2_amk2_setpoints_1_amk2_control_inverter_on_encode	16	static
can2.c:1107:8:can2_amk2_setpoints_1_amk2_control_inverter_on_decode	16	static
can2.c:1112:6:can2_amk2_setpoints_1_amk2_control_inverter_on_is_in_range	16	static
can2.c:1117:9:can2_amk2_setpoints_1_amk2_control_dc_on_encode	16	static
can2.c:1122:8:can2_amk2_setpoints_1_amk2_control_dc_on_decode	16	static
can2.c:1127:6:can2_amk2_setpoints_1_amk2_control_dc_on_is_in_range	16	static
can2.c:1132:9:can2_amk2_setpoints_1_amk2_control_enable_encode	16	static
can2.c:1137:8:can2_amk2_setpoints_1_amk2_control_enable_decode	16	static
can2.c:1142:6:can2_amk2_setpoints_1_amk2_control_enable_is_in_range	16	static
can2.c:1147:9:can2_amk2_setpoints_1_amk2_control_error_reset_encode	16	static
can2.c:1152:8:can2_amk2_setpoints_1_amk2_control_error_reset_decode	16	static
can2.c:1157:6:can2_amk2_setpoints_1_amk2_control_error_reset_is_in_range	16	static
can2.c:1162:10:can2_amk2_setpoints_1_amk2_target_velocity_encode	16	static
can2.c:1167:8:can2_amk2_setpoints_1_amk2_target_velocity_decode	16	static
can2.c:1172:6:can2_amk2_setpoints_1_amk2_target_velocity_is_in_range	16	static
can2.c:1179:10:can2_amk2_setpoints_1_amk2_torque_limit_positiv_encode	16	static
can2.c:1184:8:can2_amk2_setpoints_1_amk2_torque_limit_positiv_decode	16	static
can2.c:1189:6:can2_amk2_setpoints_1_amk2_torque_limit_positiv_is_in_range	16	static
can2.c:1196:10:can2_amk2_setpoints_1_amk2_torque_limit_negativ_encode	16	static
can2.c:1201:8:can2_amk2_setpoints_1_amk2_torque_limit_negativ_decode	16	static
can2.c:1206:6:can2_amk2_setpoints_1_amk2_torque_limit_negativ_is_in_range	16	static
can2.c:1213:5:can2_amk3_actual_values_1_pack	24	static
can2.c:1229:5:can2_amk3_actual_values_1_unpack	24	static
can2.c:1244:5:can2_amk3_actual_values_2_pack	24	static
can2.c:1260:5:can2_amk3_actual_values_2_unpack	24	static
can2.c:1275:5:can2_amk3_setpoints_1_pack	24	static
can2.c:1291:5:can2_amk3_setpoints_1_unpack	24	static
can2.c:1306:5:can2_amk4_actual_values_1_pack	24	static
can2.c:1322:5:can2_amk4_actual_values_1_unpack	24	static
can2.c:1337:5:can2_amk4_actual_values_2_pack	24	static
can2.c:1353:5:can2_amk4_actual_values_2_unpack	24	static
can2.c:1368:5:can2_amk4_setpoints_1_pack	24	static
can2.c:1384:5:can2_amk4_setpoints_1_unpack	24	static
can2.c:1399:5:can2_charger_config_pack	24	static
can2.c:1442:5:can2_charger_config_unpack	24	static
can2.c:1483:9:can2_charger_config_set_mux_encode	16	static
can2.c:1488:8:can2_charger_config_set_mux_decode	16	static
can2.c:1493:6:can2_charger_config_set_mux_is_in_range	16	static
can2.c:1500:9:can2_charger_config_msg_choose_chargers_encode	16	static
can2.c:1505:8:can2_charger_config_msg_choose_chargers_decode	16	static
can2.c:1510:6:can2_charger_config_msg_choose_chargers_is_in_range	16	static
can2.c:1517:10:can2_charger_config_msg_set_voltage_limit_encode	16	static
can2.c:1522:8:can2_charger_config_msg_set_voltage_limit_decode	16	static
can2.c:1527:6:can2_charger_config_msg_set_voltage_limit_is_in_range	16	static
can2.c:1532:10:can2_charger_config_msg_set_current_limit_encode	16	static
can2.c:1537:8:can2_charger_config_msg_set_current_limit_decode	16	static
can2.c:1542:6:can2_charger_config_msg_set_current_limit_is_in_range	16	static
can2.c:1547:10:can2_charger_config_msg_set_power_limit_encode	16	static
can2.c:1552:8:can2_charger_config_msg_set_power_limit_decode	16	static
can2.c:1557:6:can2_charger_config_msg_set_power_limit_is_in_range	16	static
can2.c:1562:9:can2_charger_config_msg_set_enabled_encode	16	static
can2.c:1567:8:can2_charger_config_msg_set_enabled_decode	16	static
can2.c:1572:6:can2_charger_config_msg_set_enabled_is_in_range	16	static
can2.c:1577:9:can2_charger_config_msg_set_time_out_encode	16	static
can2.c:1582:8:can2_charger_config_msg_set_time_out_decode	16	static
can2.c:1587:6:can2_charger_config_msg_set_time_out_is_in_range	16	static
can2.c:1594:5:can2_cc_status_pack	24	static
can2.c:1610:5:can2_cc_status_unpack	24	static
can2.c:1624:9:can2_cc_status_enable_ams_charging_encode	16	static
can2.c:1629:8:can2_cc_status_enable_ams_charging_decode	16	static
can2.c:1634:6:can2_cc_status_enable_ams_charging_is_in_range	16	static
can2.c:1639:5:can2_ivt_msg_result_wh_pack	32	static
can2.c:1667:5:can2_ivt_msg_result_wh_unpack	32	static
can2.c:1693:9:can2_ivt_msg_result_wh_ivt_id_result_wh_encode	16	static
can2.c:1698:8:can2_ivt_msg_result_wh_ivt_id_result_wh_decode	16	static
can2.c:1703:6:can2_ivt_msg_result_wh_ivt_id_result_wh_is_in_range	16	static
can2.c:1708:9:can2_ivt_msg_result_wh_ivt_result_wh_system_error_encode	16	static
can2.c:1713:8:can2_ivt_msg_result_wh_ivt_result_wh_system_error_decode	16	static
can2.c:1718:6:can2_ivt_msg_result_wh_ivt_result_wh_system_error_is_in_range	16	static
can2.c:1723:9:can2_ivt_msg_result_wh_ivt_result_wh_measurement_error_encode	16	static
can2.c:1728:8:can2_ivt_msg_result_wh_ivt_result_wh_measurement_error_decode	16	static
can2.c:1733:6:can2_ivt_msg_result_wh_ivt_result_wh_measurement_error_is_in_range	16	static
can2.c:1738:9:can2_ivt_msg_result_wh_ivt_result_wh_channel_error_encode	16	static
can2.c:1743:8:can2_ivt_msg_result_wh_ivt_result_wh_channel_error_decode	16	static
can2.c:1748:6:can2_ivt_msg_result_wh_ivt_result_wh_channel_error_is_in_range	16	static
can2.c:1753:9:can2_ivt_msg_result_wh_ivt_result_wh_ocs_encode	16	static
can2.c:1758:8:can2_ivt_msg_result_wh_ivt_result_wh_ocs_decode	16	static
can2.c:1763:6:can2_ivt_msg_result_wh_ivt_result_wh_ocs_is_in_range	16	static
can2.c:1768:9:can2_ivt_msg_result_wh_ivt_msg_count_result_wh_encode	16	static
can2.c:1773:8:can2_ivt_msg_result_wh_ivt_msg_count_result_wh_decode	16	static
can2.c:1778:6:can2_ivt_msg_result_wh_ivt_msg_count_result_wh_is_in_range	16	static
can2.c:1783:9:can2_ivt_msg_result_wh_ivt_result_wh_encode	16	static
can2.c:1788:8:can2_ivt_msg_result_wh_ivt_result_wh_decode	16	static
can2.c:1793:6:can2_ivt_msg_result_wh_ivt_result_wh_is_in_range	16	static
can2.c:1800:5:can2_ivt_msg_result_as_pack	32	static
can2.c:1828:5:can2_ivt_msg_result_as_unpack	32	static
can2.c:1854:9:can2_ivt_msg_result_as_ivt_id_result_as_encode	16	static
can2.c:1859:8:can2_ivt_msg_result_as_ivt_id_result_as_decode	16	static
can2.c:1864:6:can2_ivt_msg_result_as_ivt_id_result_as_is_in_range	16	static
can2.c:1869:9:can2_ivt_msg_result_as_ivt_result_as_system_error_encode	16	static
can2.c:1874:8:can2_ivt_msg_result_as_ivt_result_as_system_error_decode	16	static
can2.c:1879:6:can2_ivt_msg_result_as_ivt_result_as_system_error_is_in_range	16	static
can2.c:1884:9:can2_ivt_msg_result_as_ivt_result_as_measurement_error_encode	16	static
can2.c:1889:8:can2_ivt_msg_result_as_ivt_result_as_measurement_error_decode	16	static
can2.c:1894:6:can2_ivt_msg_result_as_ivt_result_as_measurement_error_is_in_range	16	static
can2.c:1899:9:can2_ivt_msg_result_as_ivt_result_as_channel_error_encode	16	static
can2.c:1904:8:can2_ivt_msg_result_as_ivt_result_as_channel_error_decode	16	static
can2.c:1909:6:can2_ivt_msg_result_as_ivt_result_as_channel_error_is_in_range	16	static
can2.c:1914:9:can2_ivt_msg_result_as_ivt_result_as_ocs_encode	16	static
can2.c:1919:8:can2_ivt_msg_result_as_ivt_result_as_ocs_decode	16	static
can2.c:1924:6:can2_ivt_msg_result_as_ivt_result_as_ocs_is_in_range	16	static
can2.c:1929:9:can2_ivt_msg_result_as_ivt_msg_count_result_as_encode	16	static
can2.c:1934:8:can2_ivt_msg_result_as_ivt_msg_count_result_as_decode	16	static
can2.c:1939:6:can2_ivt_msg_result_as_ivt_msg_count_result_as_is_in_range	16	static
can2.c:1944:9:can2_ivt_msg_result_as_ivt_result_as_encode	16	static
can2.c:1949:8:can2_ivt_msg_result_as_ivt_result_as_decode	16	static
can2.c:1954:6:can2_ivt_msg_result_as_ivt_result_as_is_in_range	16	static
can2.c:1961:5:can2_ivt_msg_result_w_pack	32	static
can2.c:1989:5:can2_ivt_msg_result_w_unpack	32	static
can2.c:2015:9:can2_ivt_msg_result_w_ivt_id_result_w_encode	16	static
can2.c:2020:8:can2_ivt_msg_result_w_ivt_id_result_w_decode	16	static
can2.c:2025:6:can2_ivt_msg_result_w_ivt_id_result_w_is_in_range	16	static
can2.c:2030:9:can2_ivt_msg_result_w_ivt_result_w_system_error_encode	16	static
can2.c:2035:8:can2_ivt_msg_result_w_ivt_result_w_system_error_decode	16	static
can2.c:2040:6:can2_ivt_msg_result_w_ivt_result_w_system_error_is_in_range	16	static
can2.c:2045:9:can2_ivt_msg_result_w_ivt_result_w_measurement_error_encode	16	static
can2.c:2050:8:can2_ivt_msg_result_w_ivt_result_w_measurement_error_decode	16	static
can2.c:2055:6:can2_ivt_msg_result_w_ivt_result_w_measurement_error_is_in_range	16	static
can2.c:2060:9:can2_ivt_msg_result_w_ivt_result_w_channel_error_encode	16	static
can2.c:2065:8:can2_ivt_msg_result_w_ivt_result_w_channel_error_decode	16	static
can2.c:2070:6:can2_ivt_msg_result_w_ivt_result_w_channel_error_is_in_range	16	static
can2.c:2075:9:can2_ivt_msg_result_w_ivt_result_w_ocs_encode	16	static
can2.c:2080:8:can2_ivt_msg_result_w_ivt_result_w_ocs_decode	16	static
can2.c:2085:6:can2_ivt_msg_result_w_ivt_result_w_ocs_is_in_range	16	static
can2.c:2090:9:can2_ivt_msg_result_w_ivt_msg_count_result_w_encode	16	static
can2.c:2095:8:can2_ivt_msg_result_w_ivt_msg_count_result_w_decode	16	static
can2.c:2100:6:can2_ivt_msg_result_w_ivt_msg_count_result_w_is_in_range	16	static
can2.c:2105:9:can2_ivt_msg_result_w_ivt_result_w_encode	16	static
can2.c:2110:8:can2_ivt_msg_result_w_ivt_result_w_decode	16	static
can2.c:2115:6:can2_ivt_msg_result_w_ivt_result_w_is_in_range	16	static
can2.c:2122:5:can2_ivt_msg_response_pack	40	static
can2.c:2457:5:can2_ivt_msg_response_unpack	224	static
can2.c:2790:9:can2_ivt_msg_response_ivt_id_response_encode	16	static
can2.c:2795:8:can2_ivt_msg_response_ivt_id_response_decode	16	static
can2.c:2800:6:can2_ivt_msg_response_ivt_id_response_is_in_range	16	static
can2.c:2807:9:can2_ivt_msg_response__b1_trigger_spare_encode	16	static
can2.c:2812:8:can2_ivt_msg_response__b1_trigger_spare_decode	16	static
can2.c:2817:6:can2_ivt_msg_response__b1_trigger_spare_is_in_range	16	static
can2.c:2824:9:can2_ivt_msg_response__ff_wrong_command_encode	16	static
can2.c:2829:8:can2_ivt_msg_response__ff_wrong_command_decode	16	static
can2.c:2834:6:can2_ivt_msg_response__ff_wrong_command_is_in_range	16	static
can2.c:2841:10:can2_ivt_msg_response__bf_restart_alive_cmd_id_encode	16	static
can2.c:2846:8:can2_ivt_msg_response__bf_restart_alive_cmd_id_decode	16	static
can2.c:2851:6:can2_ivt_msg_response__bf_restart_alive_cmd_id_is_in_range	16	static
can2.c:2858:9:can2_ivt_msg_response__80_resp_meas_error_item_encode	16	static
can2.c:2863:8:can2_ivt_msg_response__80_resp_meas_error_item_decode	16	static
can2.c:2868:6:can2_ivt_msg_response__80_resp_meas_error_item_is_in_range	16	static
can2.c:2875:9:can2_ivt_msg_response__81_resp_system_error_item_encode	16	static
can2.c:2880:8:can2_ivt_msg_response__81_resp_system_error_item_decode	16	static
can2.c:2885:6:can2_ivt_msg_response__81_resp_system_error_item_is_in_range	16	static
can2.c:2892:9:can2_ivt_msg_response__82_resp_all_log_data_item_encode	16	static
can2.c:2897:8:can2_ivt_msg_response__82_resp_all_log_data_item_decode	16	static
can2.c:2902:6:can2_ivt_msg_response__82_resp_all_log_data_item_is_in_range	16	static
can2.c:2909:9:can2_ivt_msg_response__83_resp_log_data_item_encode	16	static
can2.c:2914:8:can2_ivt_msg_response__83_resp_log_data_item_decode	16	static
can2.c:2919:6:can2_ivt_msg_response__83_resp_log_data_item_is_in_range	16	static
can2.c:2926:10:can2_ivt_msg_response__90_resp_can_id_val_i_encode	16	static
can2.c:2931:8:can2_ivt_msg_response__90_resp_can_id_val_i_decode	16	static
can2.c:2936:6:can2_ivt_msg_response__90_resp_can_id_val_i_is_in_range	16	static
can2.c:2943:10:can2_ivt_msg_response__91_resp_can_id_val_u1_encode	16	static
can2.c:2948:8:can2_ivt_msg_response__91_resp_can_id_val_u1_decode	16	static
can2.c:2953:6:can2_ivt_msg_response__91_resp_can_id_val_u1_is_in_range	16	static
can2.c:2960:10:can2_ivt_msg_response__92_resp_can_id_val_u2_encode	16	static
can2.c:2965:8:can2_ivt_msg_response__92_resp_can_id_val_u2_decode	16	static
can2.c:2970:6:can2_ivt_msg_response__92_resp_can_id_val_u2_is_in_range	16	static
can2.c:2977:10:can2_ivt_msg_response__93_resp_can_id_val_u3_encode	16	static
can2.c:2982:8:can2_ivt_msg_response__93_resp_can_id_val_u3_decode	16	static
can2.c:2987:6:can2_ivt_msg_response__93_resp_can_id_val_u3_is_in_range	16	static
can2.c:2994:10:can2_ivt_msg_response__94_resp_can_id_val_t_encode	16	static
can2.c:2999:8:can2_ivt_msg_response__94_resp_can_id_val_t_decode	16	static
can2.c:3004:6:can2_ivt_msg_response__94_resp_can_id_val_t_is_in_range	16	static
can2.c:3011:10:can2_ivt_msg_response__95_resp_can_id_val_w_encode	16	static
can2.c:3016:8:can2_ivt_msg_response__95_resp_can_id_val_w_decode	16	static
can2.c:3021:6:can2_ivt_msg_response__95_resp_can_id_val_w_is_in_range	16	static
can2.c:3028:10:can2_ivt_msg_response__96_resp_can_id_val_as_encode	16	static
can2.c:3033:8:can2_ivt_msg_response__96_resp_can_id_val_as_decode	16	static
can2.c:3038:6:can2_ivt_msg_response__96_resp_can_id_val_as_is_in_range	16	static
can2.c:3045:10:can2_ivt_msg_response__97_resp_can_id_val_wh_encode	16	static
can2.c:3050:8:can2_ivt_msg_response__97_resp_can_id_val_wh_decode	16	static
can2.c:3055:6:can2_ivt_msg_response__97_resp_can_id_val_wh_is_in_range	16	static
can2.c:3062:10:can2_ivt_msg_response__9_d_resp_can_id_val_command_encode	16	static
can2.c:3067:8:can2_ivt_msg_response__9_d_resp_can_id_val_command_decode	16	static
can2.c:3072:6:can2_ivt_msg_response__9_d_resp_can_id_val_command_is_in_range	16	static
can2.c:3079:10:can2_ivt_msg_response__9_f_resp_can_id_val_response_encode	16	static
can2.c:3084:8:can2_ivt_msg_response__9_f_resp_can_id_val_response_decode	16	static
can2.c:3089:6:can2_ivt_msg_response__9_f_resp_can_id_val_response_is_in_range	16	static
can2.c:3096:9:can2_ivt_msg_response__a0_resp_sign_i_encode	16	static
can2.c:3101:8:can2_ivt_msg_response__a0_resp_sign_i_decode	16	static
can2.c:3106:6:can2_ivt_msg_response__a0_resp_sign_i_is_in_range	16	static
can2.c:3111:9:can2_ivt_msg_response__a1_resp_sign_u1_encode	16	static
can2.c:3116:8:can2_ivt_msg_response__a1_resp_sign_u1_decode	16	static
can2.c:3121:6:can2_ivt_msg_response__a1_resp_sign_u1_is_in_range	16	static
can2.c:3126:9:can2_ivt_msg_response__a2_resp_sign_u2_encode	16	static
can2.c:3131:8:can2_ivt_msg_response__a2_resp_sign_u2_decode	16	static
can2.c:3136:6:can2_ivt_msg_response__a2_resp_sign_u2_is_in_range	16	static
can2.c:3141:9:can2_ivt_msg_response__a3_resp_sign_u3_encode	16	static
can2.c:3146:8:can2_ivt_msg_response__a3_resp_sign_u3_decode	16	static
can2.c:3151:6:can2_ivt_msg_response__a3_resp_sign_u3_is_in_range	16	static
can2.c:3156:9:can2_ivt_msg_response__a4_resp_sign_t_encode	16	static
can2.c:3161:8:can2_ivt_msg_response__a4_resp_sign_t_decode	16	static
can2.c:3166:6:can2_ivt_msg_response__a4_resp_sign_t_is_in_range	16	static
can2.c:3171:9:can2_ivt_msg_response__a5_resp_sign_w_encode	16	static
can2.c:3176:8:can2_ivt_msg_response__a5_resp_sign_w_decode	16	static
can2.c:3181:6:can2_ivt_msg_response__a5_resp_sign_w_is_in_range	16	static
can2.c:3186:9:can2_ivt_msg_response__a6_resp_sign_as_encode	16	static
can2.c:3191:8:can2_ivt_msg_response__a6_resp_sign_as_decode	16	static
can2.c:3196:6:can2_ivt_msg_response__a6_resp_sign_as_is_in_range	16	static
can2.c:3201:9:can2_ivt_msg_response__a7_resp_sign_wh_encode	16	static
can2.c:3206:8:can2_ivt_msg_response__a7_resp_sign_wh_decode	16	static
can2.c:3211:6:can2_ivt_msg_response__a7_resp_sign_wh_is_in_range	16	static
can2.c:3216:10:can2_ivt_msg_response__b0_resp_reset_item_encode	16	static
can2.c:3221:8:can2_ivt_msg_response__b0_resp_reset_item_decode	16	static
can2.c:3226:6:can2_ivt_msg_response__b0_resp_reset_item_is_in_range	16	static
can2.c:3233:9:can2_ivt_msg_response__b2_resp_store_dummy_encode	16	static
can2.c:3238:8:can2_ivt_msg_response__b2_resp_store_dummy_decode	16	static
can2.c:3243:6:can2_ivt_msg_response__b2_resp_store_dummy_is_in_range	16	static
can2.c:3250:10:can2_ivt_msg_response__b3_resp_oc_test_time_encode	16	static
can2.c:3255:8:can2_ivt_msg_response__b3_resp_oc_test_time_decode	16	static
can2.c:3260:6:can2_ivt_msg_response__b3_resp_oc_test_time_is_in_range	16	static
can2.c:3267:9:can2_ivt_msg_response__b5_resp_oc_pos_set_threshold_encode	16	static
can2.c:3272:8:can2_ivt_msg_response__b5_resp_oc_pos_set_threshold_decode	16	static
can2.c:3277:6:can2_ivt_msg_response__b5_resp_oc_pos_set_threshold_is_in_range	16	static
can2.c:3284:9:can2_ivt_msg_response__b6_resp_oc_neg_set_threshold_encode	16	static
can2.c:3289:8:can2_ivt_msg_response__b6_resp_oc_neg_set_threshold_decode	16	static
can2.c:3294:6:can2_ivt_msg_response__b6_resp_oc_neg_set_threshold_is_in_range	16	static
can2.c:3301:9:can2_ivt_msg_response__b9_resp_device_type_encode	16	static
can2.c:3306:8:can2_ivt_msg_response__b9_resp_device_type_decode	16	static
can2.c:3311:6:can2_ivt_msg_response__b9_resp_device_type_is_in_range	16	static
can2.c:3318:9:can2_ivt_msg_response__ba_resp_sw_ver_major_hw_encode	16	static
can2.c:3323:8:can2_ivt_msg_response__ba_resp_sw_ver_major_hw_decode	16	static
can2.c:3328:6:can2_ivt_msg_response__ba_resp_sw_ver_major_hw_is_in_range	16	static
can2.c:3335:10:can2_ivt_msg_response__bb_resp_serien_nr_encode	16	static
can2.c:3340:8:can2_ivt_msg_response__bb_resp_serien_nr_decode	16	static
can2.c:3345:6:can2_ivt_msg_response__bb_resp_serien_nr_is_in_range	16	static
can2.c:3352:10:can2_ivt_msg_response__bc_resp_art_n_encode	16	static
can2.c:3357:8:can2_ivt_msg_response__bc_resp_art_n_decode	16	static
can2.c:3362:6:can2_ivt_msg_response__bc_resp_art_n_is_in_range	16	static
can2.c:3367:10:can2_ivt_msg_response_ivt_response_data_encode	16	static
can2.c:3372:8:can2_ivt_msg_response_ivt_response_data_decode	16	static
can2.c:3377:6:can2_ivt_msg_response_ivt_response_data_is_in_range	16	static
can2.c:3382:9:can2_ivt_msg_response__a0_resp_endianess_i_encode	16	static
can2.c:3387:8:can2_ivt_msg_response__a0_resp_endianess_i_decode	16	static
can2.c:3392:6:can2_ivt_msg_response__a0_resp_endianess_i_is_in_range	16	static
can2.c:3397:9:can2_ivt_msg_response__a1_resp_endianess_u1_encode	16	static
can2.c:3402:8:can2_ivt_msg_response__a1_resp_endianess_u1_decode	16	static
can2.c:3407:6:can2_ivt_msg_response__a1_resp_endianess_u1_is_in_range	16	static
can2.c:3412:9:can2_ivt_msg_response__a2_resp_endianess_u2_encode	16	static
can2.c:3417:8:can2_ivt_msg_response__a2_resp_endianess_u2_decode	16	static
can2.c:3422:6:can2_ivt_msg_response__a2_resp_endianess_u2_is_in_range	16	static
can2.c:3427:9:can2_ivt_msg_response__a3_resp_endianess_u3_encode	16	static
can2.c:3432:8:can2_ivt_msg_response__a3_resp_endianess_u3_decode	16	static
can2.c:3437:6:can2_ivt_msg_response__a3_resp_endianess_u3_is_in_range	16	static
can2.c:3442:9:can2_ivt_msg_response__a4_resp_endianess_t_encode	16	static
can2.c:3447:8:can2_ivt_msg_response__a4_resp_endianess_t_decode	16	static
can2.c:3452:6:can2_ivt_msg_response__a4_resp_endianess_t_is_in_range	16	static
can2.c:3457:9:can2_ivt_msg_response__a5_resp_endianess_w_encode	16	static
can2.c:3462:8:can2_ivt_msg_response__a5_resp_endianess_w_decode	16	static
can2.c:3467:6:can2_ivt_msg_response__a5_resp_endianess_w_is_in_range	16	static
can2.c:3472:9:can2_ivt_msg_response__a6_resp_endianess_as_encode	16	static
can2.c:3477:8:can2_ivt_msg_response__a6_resp_endianess_as_decode	16	static
can2.c:3482:6:can2_ivt_msg_response__a6_resp_endianess_as_is_in_range	16	static
can2.c:3487:9:can2_ivt_msg_response__a7_resp_endianess_wh_encode	16	static
can2.c:3492:8:can2_ivt_msg_response__a7_resp_endianess_wh_decode	16	static
can2.c:3497:6:can2_ivt_msg_response__a7_resp_endianess_wh_is_in_range	16	static
can2.c:3502:9:can2_ivt_msg_response__a0_resp_trigger_mode_i_encode	16	static
can2.c:3507:8:can2_ivt_msg_response__a0_resp_trigger_mode_i_decode	16	static
can2.c:3512:6:can2_ivt_msg_response__a0_resp_trigger_mode_i_is_in_range	16	static
can2.c:3517:9:can2_ivt_msg_response__a1_resp_trigger_mode_u1_encode	16	static
can2.c:3522:8:can2_ivt_msg_response__a1_resp_trigger_mode_u1_decode	16	static
can2.c:3527:6:can2_ivt_msg_response__a1_resp_trigger_mode_u1_is_in_range	16	static
can2.c:3532:9:can2_ivt_msg_response__a2_resp_trigger_mode_u2_encode	16	static
can2.c:3537:8:can2_ivt_msg_response__a2_resp_trigger_mode_u2_decode	16	static
can2.c:3542:6:can2_ivt_msg_response__a2_resp_trigger_mode_u2_is_in_range	16	static
can2.c:3547:9:can2_ivt_msg_response__a3_resp_trigger_mode_u3_encode	16	static
can2.c:3552:8:can2_ivt_msg_response__a3_resp_trigger_mode_u3_decode	16	static
can2.c:3557:6:can2_ivt_msg_response__a3_resp_trigger_mode_u3_is_in_range	16	static
can2.c:3562:9:can2_ivt_msg_response__a4_resp_trigger_mode_t_encode	16	static
can2.c:3567:8:can2_ivt_msg_response__a4_resp_trigger_mode_t_decode	16	static
can2.c:3572:6:can2_ivt_msg_response__a4_resp_trigger_mode_t_is_in_range	16	static
can2.c:3577:9:can2_ivt_msg_response__a5_resp_trigger_mode_w_encode	16	static
can2.c:3582:8:can2_ivt_msg_response__a5_resp_trigger_mode_w_decode	16	static
can2.c:3587:6:can2_ivt_msg_response__a5_resp_trigger_mode_w_is_in_range	16	static
can2.c:3592:9:can2_ivt_msg_response__a6_resp_trigger_mode_as_encode	16	static
can2.c:3597:8:can2_ivt_msg_response__a6_resp_trigger_mode_as_decode	16	static
can2.c:3602:6:can2_ivt_msg_response__a6_resp_trigger_mode_as_is_in_range	16	static
can2.c:3607:9:can2_ivt_msg_response__a7_resp_trigger_mode_wh_encode	16	static
can2.c:3612:8:can2_ivt_msg_response__a7_resp_trigger_mode_wh_decode	16	static
can2.c:3617:6:can2_ivt_msg_response__a7_resp_trigger_mode_wh_is_in_range	16	static
can2.c:3622:9:can2_ivt_msg_response__b4_resp_actual_mode_encode	16	static
can2.c:3627:8:can2_ivt_msg_response__b4_resp_actual_mode_decode	16	static
can2.c:3632:6:can2_ivt_msg_response__b4_resp_actual_mode_is_in_range	16	static
can2.c:3637:9:can2_ivt_msg_response__b1_07_trigger_wh_encode	16	static
can2.c:3642:8:can2_ivt_msg_response__b1_07_trigger_wh_decode	16	static
can2.c:3647:6:can2_ivt_msg_response__b1_07_trigger_wh_is_in_range	16	static
can2.c:3652:10:can2_ivt_msg_response__b2_resp_store_device_sn_encode	16	static
can2.c:3657:8:can2_ivt_msg_response__b2_resp_store_device_sn_decode	16	static
can2.c:3662:6:can2_ivt_msg_response__b2_resp_store_device_sn_is_in_range	16	static
can2.c:3669:9:can2_ivt_msg_response__ba_resp_sw_ver_minor_encode	16	static
can2.c:3674:8:can2_ivt_msg_response__ba_resp_sw_ver_minor_decode	16	static
can2.c:3679:6:can2_ivt_msg_response__ba_resp_sw_ver_minor_is_in_range	16	static
can2.c:3686:10:can2_ivt_msg_response__b9_resp_device_current_encode	16	static
can2.c:3691:8:can2_ivt_msg_response__b9_resp_device_current_decode	16	static
can2.c:3696:6:can2_ivt_msg_response__b9_resp_device_current_is_in_range	16	static
can2.c:3701:10:can2_ivt_msg_response__80_resp_meas_error_count_mask_encode	16	static
can2.c:3706:8:can2_ivt_msg_response__80_resp_meas_error_count_mask_decode	16	static
can2.c:3711:6:can2_ivt_msg_response__80_resp_meas_error_count_mask_is_in_range	16	static
can2.c:3718:10:can2_ivt_msg_response__81_resp_system_error_count_mask_encode	16	static
can2.c:3723:8:can2_ivt_msg_response__81_resp_system_error_count_mask_decode	16	static
can2.c:3728:6:can2_ivt_msg_response__81_resp_system_error_count_mask_is_in_range	16	static
can2.c:3735:10:can2_ivt_msg_response__82_resp_all_log_data_counter_encode	16	static
can2.c:3740:8:can2_ivt_msg_response__82_resp_all_log_data_counter_decode	16	static
can2.c:3745:6:can2_ivt_msg_response__82_resp_all_log_data_counter_is_in_range	16	static
can2.c:3750:10:can2_ivt_msg_response__83_resp_log_data_counter_encode	16	static
can2.c:3755:8:can2_ivt_msg_response__83_resp_log_data_counter_decode	16	static
can2.c:3760:6:can2_ivt_msg_response__83_resp_log_data_counter_is_in_range	16	static
can2.c:3765:10:can2_ivt_msg_response__a0_resp_cycle_time_i_encode	16	static
can2.c:3770:8:can2_ivt_msg_response__a0_resp_cycle_time_i_decode	16	static
can2.c:3775:6:can2_ivt_msg_response__a0_resp_cycle_time_i_is_in_range	16	static
can2.c:3782:10:can2_ivt_msg_response__a1_resp_cycle_time_u1_encode	16	static
can2.c:3787:8:can2_ivt_msg_response__a1_resp_cycle_time_u1_decode	16	static
can2.c:3792:6:can2_ivt_msg_response__a1_resp_cycle_time_u1_is_in_range	16	static
can2.c:3799:10:can2_ivt_msg_response__a2_resp_cycle_time_u2_encode	16	static
can2.c:3804:8:can2_ivt_msg_response__a2_resp_cycle_time_u2_decode	16	static
can2.c:3809:6:can2_ivt_msg_response__a2_resp_cycle_time_u2_is_in_range	16	static
can2.c:3816:10:can2_ivt_msg_response__a3_resp_cycle_time_u3_encode	16	static
can2.c:3821:8:can2_ivt_msg_response__a3_resp_cycle_time_u3_decode	16	static
can2.c:3826:6:can2_ivt_msg_response__a3_resp_cycle_time_u3_is_in_range	16	static
can2.c:3833:10:can2_ivt_msg_response__a4_resp_cycle_time_t_encode	16	static
can2.c:3838:8:can2_ivt_msg_response__a4_resp_cycle_time_t_decode	16	static
can2.c:3843:6:can2_ivt_msg_response__a4_resp_cycle_time_t_is_in_range	16	static
can2.c:3850:10:can2_ivt_msg_response__a5_resp_cycle_time_w_encode	16	static
can2.c:3855:8:can2_ivt_msg_response__a5_resp_cycle_time_w_decode	16	static
can2.c:3860:6:can2_ivt_msg_response__a5_resp_cycle_time_w_is_in_range	16	static
can2.c:3867:10:can2_ivt_msg_response__a6_resp_cycle_time_as_encode	16	static
can2.c:3872:8:can2_ivt_msg_response__a6_resp_cycle_time_as_decode	16	static
can2.c:3877:6:can2_ivt_msg_response__a6_resp_cycle_time_as_is_in_range	16	static
can2.c:3884:10:can2_ivt_msg_response__a7_resp_cycle_time_wh_encode	16	static
can2.c:3889:8:can2_ivt_msg_response__a7_resp_cycle_time_wh_decode	16	static
can2.c:3894:6:can2_ivt_msg_response__a7_resp_cycle_time_wh_is_in_range	16	static
can2.c:3901:9:can2_ivt_msg_response__b1_06_trigger_as_encode	16	static
can2.c:3906:8:can2_ivt_msg_response__b1_06_trigger_as_decode	16	static
can2.c:3911:6:can2_ivt_msg_response__b1_06_trigger_as_is_in_range	16	static
can2.c:3916:9:can2_ivt_msg_response__b1_05_trigger_w_encode	16	static
can2.c:3921:8:can2_ivt_msg_response__b1_05_trigger_w_decode	16	static
can2.c:3926:6:can2_ivt_msg_response__b1_05_trigger_w_is_in_range	16	static
can2.c:3931:9:can2_ivt_msg_response__b1_04_trigger_t_encode	16	static
can2.c:3936:8:can2_ivt_msg_response__b1_04_trigger_t_decode	16	static
can2.c:3941:6:can2_ivt_msg_response__b1_04_trigger_t_is_in_range	16	static
can2.c:3946:9:can2_ivt_msg_response__b1_03_trigger_u3_encode	16	static
can2.c:3951:8:can2_ivt_msg_response__b1_03_trigger_u3_decode	16	static
can2.c:3956:6:can2_ivt_msg_response__b1_03_trigger_u3_is_in_range	16	static
can2.c:3961:9:can2_ivt_msg_response__b1_02_trigger_u2_encode	16	static
can2.c:3966:8:can2_ivt_msg_response__b1_02_trigger_u2_decode	16	static
can2.c:3971:6:can2_ivt_msg_response__b1_02_trigger_u2_is_in_range	16	static
can2.c:3976:9:can2_ivt_msg_response__b1_01_trigger_u1_encode	16	static
can2.c:3981:8:can2_ivt_msg_response__b1_01_trigger_u1_decode	16	static
can2.c:3986:6:can2_ivt_msg_response__b1_01_trigger_u1_is_in_range	16	static
can2.c:3991:9:can2_ivt_msg_response__b1_00_trigger_i_encode	16	static
can2.c:3996:8:can2_ivt_msg_response__b1_00_trigger_i_decode	16	static
can2.c:4001:6:can2_ivt_msg_response__b1_00_trigger_i_is_in_range	16	static
can2.c:4006:9:can2_ivt_msg_response__b4_resp_startup_mode_encode	16	static
can2.c:4011:8:can2_ivt_msg_response__b4_resp_startup_mode_decode	16	static
can2.c:4016:6:can2_ivt_msg_response__b4_resp_startup_mode_is_in_range	16	static
can2.c:4021:10:can2_ivt_msg_response__bf_restart_alive_sn_encode	16	static
can2.c:4026:8:can2_ivt_msg_response__bf_restart_alive_sn_decode	16	static
can2.c:4031:6:can2_ivt_msg_response__bf_restart_alive_sn_is_in_range	16	static
can2.c:4038:9:can2_ivt_msg_response__ba_resp_sw_ver_revision_encode	16	static
can2.c:4043:8:can2_ivt_msg_response__ba_resp_sw_ver_revision_decode	16	static
can2.c:4048:6:can2_ivt_msg_response__ba_resp_sw_ver_revision_is_in_range	16	static
can2.c:4055:10:can2_ivt_msg_response__90_resp_can_id_sn_i_encode	16	static
can2.c:4060:8:can2_ivt_msg_response__90_resp_can_id_sn_i_decode	16	static
can2.c:4065:6:can2_ivt_msg_response__90_resp_can_id_sn_i_is_in_range	16	static
can2.c:4072:10:can2_ivt_msg_response__91_resp_can_id_sn_u1_encode	16	static
can2.c:4077:8:can2_ivt_msg_response__91_resp_can_id_sn_u1_decode	16	static
can2.c:4082:6:can2_ivt_msg_response__91_resp_can_id_sn_u1_is_in_range	16	static
can2.c:4089:10:can2_ivt_msg_response__92_resp_can_id_sn_u2_encode	16	static
can2.c:4094:8:can2_ivt_msg_response__92_resp_can_id_sn_u2_decode	16	static
can2.c:4099:6:can2_ivt_msg_response__92_resp_can_id_sn_u2_is_in_range	16	static
can2.c:4106:10:can2_ivt_msg_response__93_resp_can_id_sn_u3_encode	16	static
can2.c:4111:8:can2_ivt_msg_response__93_resp_can_id_sn_u3_decode	16	static
can2.c:4116:6:can2_ivt_msg_response__93_resp_can_id_sn_u3_is_in_range	16	static
can2.c:4123:10:can2_ivt_msg_response__94_resp_can_id_sn_t_encode	16	static
can2.c:4128:8:can2_ivt_msg_response__94_resp_can_id_sn_t_decode	16	static
can2.c:4133:6:can2_ivt_msg_response__94_resp_can_id_sn_t_is_in_range	16	static
can2.c:4140:10:can2_ivt_msg_response__95_resp_can_id_sn_w_encode	16	static
can2.c:4145:8:can2_ivt_msg_response__95_resp_can_id_sn_w_decode	16	static
can2.c:4150:6:can2_ivt_msg_response__95_resp_can_id_sn_w_is_in_range	16	static
can2.c:4157:10:can2_ivt_msg_response__96_resp_can_id_sn_as_encode	16	static
can2.c:4162:8:can2_ivt_msg_response__96_resp_can_id_sn_as_decode	16	static
can2.c:4167:6:can2_ivt_msg_response__96_resp_can_id_sn_as_is_in_range	16	static
can2.c:4174:10:can2_ivt_msg_response__97_resp_can_id_sn_wh_encode	16	static
can2.c:4179:8:can2_ivt_msg_response__97_resp_can_id_sn_wh_decode	16	static
can2.c:4184:6:can2_ivt_msg_response__97_resp_can_id_sn_wh_is_in_range	16	static
can2.c:4191:10:can2_ivt_msg_response__9_d_resp_can_id_sn_command_encode	16	static
can2.c:4196:8:can2_ivt_msg_response__9_d_resp_can_id_sn_command_decode	16	static
can2.c:4201:6:can2_ivt_msg_response__9_d_resp_can_id_sn_command_is_in_range	16	static
can2.c:4208:10:can2_ivt_msg_response__9_f_resp_can_id_sn_response_encode	16	static
can2.c:4213:8:can2_ivt_msg_response__9_f_resp_can_id_sn_response_decode	16	static
can2.c:4218:6:can2_ivt_msg_response__9_f_resp_can_id_sn_response_is_in_range	16	static
can2.c:4225:10:can2_ivt_msg_response__b0_resp_reset_device_sn_encode	16	static
can2.c:4230:8:can2_ivt_msg_response__b0_resp_reset_device_sn_decode	16	static
can2.c:4235:6:can2_ivt_msg_response__b0_resp_reset_device_sn_is_in_range	16	static
can2.c:4242:10:can2_ivt_msg_response__b4_resp_code_level_encode	16	static
can2.c:4247:8:can2_ivt_msg_response__b4_resp_code_level_decode	16	static
can2.c:4252:6:can2_ivt_msg_response__b4_resp_code_level_is_in_range	16	static
can2.c:4259:9:can2_ivt_msg_response__b5_resp_oc_pos_reset_threshold_encode	16	static
can2.c:4264:8:can2_ivt_msg_response__b5_resp_oc_pos_reset_threshold_decode	16	static
can2.c:4269:6:can2_ivt_msg_response__b5_resp_oc_pos_reset_threshold_is_in_range	16	static
can2.c:4276:9:can2_ivt_msg_response__b6_resp_oc_neg_reset_threshold_encode	16	static
can2.c:4281:8:can2_ivt_msg_response__b6_resp_oc_neg_reset_threshold_decode	16	static
can2.c:4286:6:can2_ivt_msg_response__b6_resp_oc_neg_reset_threshold_is_in_range	16	static
can2.c:4293:9:can2_ivt_msg_response__b9_resp_device_voltage_chan_encode	16	static
can2.c:4298:8:can2_ivt_msg_response__b9_resp_device_voltage_chan_decode	16	static
can2.c:4303:6:can2_ivt_msg_response__b9_resp_device_voltage_chan_is_in_range	16	static
can2.c:4308:9:can2_ivt_msg_response__ba_resp_sw_ver_vear_encode	16	static
can2.c:4313:8:can2_ivt_msg_response__ba_resp_sw_ver_vear_decode	16	static
can2.c:4318:6:can2_ivt_msg_response__ba_resp_sw_ver_vear_is_in_range	16	static
can2.c:4325:9:can2_ivt_msg_response__b9_resp_device_toi_encode	16	static
can2.c:4330:8:can2_ivt_msg_response__b9_resp_device_toi_decode	16	static
can2.c:4335:6:can2_ivt_msg_response__b9_resp_device_toi_is_in_range	16	static
can2.c:4342:8:can2_ivt_msg_response__ba_resp_sw_ver_month_encode	16	static
can2.c:4347:8:can2_ivt_msg_response__ba_resp_sw_ver_month_decode	16	static
can2.c:4352:6:can2_ivt_msg_response__ba_resp_sw_ver_month_is_in_range	16	static
can2.c:4359:9:can2_ivt_msg_response__b9_resp_device_com_encode	16	static
can2.c:4364:8:can2_ivt_msg_response__b9_resp_device_com_decode	16	static
can2.c:4369:6:can2_ivt_msg_response__b9_resp_device_com_is_in_range	16	static
can2.c:4376:9:can2_ivt_msg_response__ba_resp_sw_ver_day_encode	16	static
can2.c:4381:8:can2_ivt_msg_response__ba_resp_sw_ver_day_decode	16	static
can2.c:4386:6:can2_ivt_msg_response__ba_resp_sw_ver_day_is_in_range	16	static
can2.c:4393:9:can2_ivt_msg_response__b9_resp_device_v_supply_encode	16	static
can2.c:4398:8:can2_ivt_msg_response__b9_resp_device_v_supply_decode	16	static
can2.c:4403:6:can2_ivt_msg_response__b9_resp_device_v_supply_is_in_range	16	static
can2.c:4410:9:can2_ivt_msg_response__ba_resp_sw_ver_internal_encode	16	static
can2.c:4415:8:can2_ivt_msg_response__ba_resp_sw_ver_internal_decode	16	static
can2.c:4420:6:can2_ivt_msg_response__ba_resp_sw_ver_internal_is_in_range	16	static
can2.c:4427:9:can2_ivt_msg_response__b9_resp_device_spare_encode	16	static
can2.c:4432:8:can2_ivt_msg_response__b9_resp_device_spare_decode	16	static
can2.c:4437:6:can2_ivt_msg_response__b9_resp_device_spare_is_in_range	16	static
can2.c:4444:5:can2_ivt_msg_result_t_pack	32	static
can2.c:4472:5:can2_ivt_msg_result_t_unpack	32	static
can2.c:4498:9:can2_ivt_msg_result_t_ivt_id_result_t_encode	16	static
can2.c:4503:8:can2_ivt_msg_result_t_ivt_id_result_t_decode	16	static
can2.c:4508:6:can2_ivt_msg_result_t_ivt_id_result_t_is_in_range	16	static
can2.c:4513:9:can2_ivt_msg_result_t_ivt_result_t_system_error_encode	16	static
can2.c:4518:8:can2_ivt_msg_result_t_ivt_result_t_system_error_decode	16	static
can2.c:4523:6:can2_ivt_msg_result_t_ivt_result_t_system_error_is_in_range	16	static
can2.c:4528:9:can2_ivt_msg_result_t_ivt_result_t_measurement_error_encode	16	static
can2.c:4533:8:can2_ivt_msg_result_t_ivt_result_t_measurement_error_decode	16	static
can2.c:4538:6:can2_ivt_msg_result_t_ivt_result_t_measurement_error_is_in_range	16	static
can2.c:4543:9:can2_ivt_msg_result_t_ivt_result_t_channel_error_encode	16	static
can2.c:4548:8:can2_ivt_msg_result_t_ivt_result_t_channel_error_decode	16	static
can2.c:4553:6:can2_ivt_msg_result_t_ivt_result_t_channel_error_is_in_range	16	static
can2.c:4558:9:can2_ivt_msg_result_t_ivt_result_t_ocs_encode	16	static
can2.c:4563:8:can2_ivt_msg_result_t_ivt_result_t_ocs_decode	16	static
can2.c:4568:6:can2_ivt_msg_result_t_ivt_result_t_ocs_is_in_range	16	static
can2.c:4573:9:can2_ivt_msg_result_t_ivt_msg_count_result_t_encode	16	static
can2.c:4578:8:can2_ivt_msg_result_t_ivt_msg_count_result_t_decode	16	static
can2.c:4583:6:can2_ivt_msg_result_t_ivt_msg_count_result_t_is_in_range	16	static
can2.c:4588:9:can2_ivt_msg_result_t_ivt_result_t_encode	16	static
can2.c:4593:8:can2_ivt_msg_result_t_ivt_result_t_decode	16	static
can2.c:4598:6:can2_ivt_msg_result_t_ivt_result_t_is_in_range	16	static
can2.c:4603:5:can2_ivt_msg_result_u3_pack	32	static
can2.c:4631:5:can2_ivt_msg_result_u3_unpack	32	static
can2.c:4657:9:can2_ivt_msg_result_u3_ivt_id_result_u3_encode	16	static
can2.c:4662:8:can2_ivt_msg_result_u3_ivt_id_result_u3_decode	16	static
can2.c:4667:6:can2_ivt_msg_result_u3_ivt_id_result_u3_is_in_range	16	static
can2.c:4672:9:can2_ivt_msg_result_u3_ivt_result_u3_system_error_encode	16	static
can2.c:4677:8:can2_ivt_msg_result_u3_ivt_result_u3_system_error_decode	16	static
can2.c:4682:6:can2_ivt_msg_result_u3_ivt_result_u3_system_error_is_in_range	16	static
can2.c:4687:9:can2_ivt_msg_result_u3_ivt_result_u3_measurement_error_encode	16	static
can2.c:4692:8:can2_ivt_msg_result_u3_ivt_result_u3_measurement_error_decode	16	static
can2.c:4697:6:can2_ivt_msg_result_u3_ivt_result_u3_measurement_error_is_in_range	16	static
can2.c:4702:9:can2_ivt_msg_result_u3_ivt_result_u3_channel_error_encode	16	static
can2.c:4707:8:can2_ivt_msg_result_u3_ivt_result_u3_channel_error_decode	16	static
can2.c:4712:6:can2_ivt_msg_result_u3_ivt_result_u3_channel_error_is_in_range	16	static
can2.c:4717:9:can2_ivt_msg_result_u3_ivt_result_u3_ocs_encode	16	static
can2.c:4722:8:can2_ivt_msg_result_u3_ivt_result_u3_ocs_decode	16	static
can2.c:4727:6:can2_ivt_msg_result_u3_ivt_result_u3_ocs_is_in_range	16	static
can2.c:4732:9:can2_ivt_msg_result_u3_ivt_msg_count_result_u3_encode	16	static
can2.c:4737:8:can2_ivt_msg_result_u3_ivt_msg_count_result_u3_decode	16	static
can2.c:4742:6:can2_ivt_msg_result_u3_ivt_msg_count_result_u3_is_in_range	16	static
can2.c:4747:9:can2_ivt_msg_result_u3_ivt_result_u3_encode	16	static
can2.c:4752:8:can2_ivt_msg_result_u3_ivt_result_u3_decode	16	static
can2.c:4757:6:can2_ivt_msg_result_u3_ivt_result_u3_is_in_range	16	static
can2.c:4764:5:can2_ivt_msg_result_u2_pack	32	static
can2.c:4792:5:can2_ivt_msg_result_u2_unpack	32	static
can2.c:4818:9:can2_ivt_msg_result_u2_ivt_id_result_u2_encode	16	static
can2.c:4823:8:can2_ivt_msg_result_u2_ivt_id_result_u2_decode	16	static
can2.c:4828:6:can2_ivt_msg_result_u2_ivt_id_result_u2_is_in_range	16	static
can2.c:4833:9:can2_ivt_msg_result_u2_ivt_result_u2_system_error_encode	16	static
can2.c:4838:8:can2_ivt_msg_result_u2_ivt_result_u2_system_error_decode	16	static
can2.c:4843:6:can2_ivt_msg_result_u2_ivt_result_u2_system_error_is_in_range	16	static
can2.c:4848:9:can2_ivt_msg_result_u2_ivt_result_u2_measurement_error_encode	16	static
can2.c:4853:8:can2_ivt_msg_result_u2_ivt_result_u2_measurement_error_decode	16	static
can2.c:4858:6:can2_ivt_msg_result_u2_ivt_result_u2_measurement_error_is_in_range	16	static
can2.c:4863:9:can2_ivt_msg_result_u2_ivt_result_u2_channel_error_encode	16	static
can2.c:4868:8:can2_ivt_msg_result_u2_ivt_result_u2_channel_error_decode	16	static
can2.c:4873:6:can2_ivt_msg_result_u2_ivt_result_u2_channel_error_is_in_range	16	static
can2.c:4878:9:can2_ivt_msg_result_u2_ivt_result_u2_ocs_encode	16	static
can2.c:4883:8:can2_ivt_msg_result_u2_ivt_result_u2_ocs_decode	16	static
can2.c:4888:6:can2_ivt_msg_result_u2_ivt_result_u2_ocs_is_in_range	16	static
can2.c:4893:9:can2_ivt_msg_result_u2_ivt_msg_count_result_u2_encode	16	static
can2.c:4898:8:can2_ivt_msg_result_u2_ivt_msg_count_result_u2_decode	16	static
can2.c:4903:6:can2_ivt_msg_result_u2_ivt_msg_count_result_u2_is_in_range	16	static
can2.c:4908:9:can2_ivt_msg_result_u2_ivt_result_u2_encode	16	static
can2.c:4913:8:can2_ivt_msg_result_u2_ivt_result_u2_decode	16	static
can2.c:4918:6:can2_ivt_msg_result_u2_ivt_result_u2_is_in_range	16	static
can2.c:4925:5:can2_ivt_msg_result_u1_pack	32	static
can2.c:4953:5:can2_ivt_msg_result_u1_unpack	32	static
can2.c:4979:9:can2_ivt_msg_result_u1_ivt_id_result_u1_encode	16	static
can2.c:4984:8:can2_ivt_msg_result_u1_ivt_id_result_u1_decode	16	static
can2.c:4989:6:can2_ivt_msg_result_u1_ivt_id_result_u1_is_in_range	16	static
can2.c:4994:9:can2_ivt_msg_result_u1_ivt_result_u1_system_error_encode	16	static
can2.c:4999:8:can2_ivt_msg_result_u1_ivt_result_u1_system_error_decode	16	static
can2.c:5004:6:can2_ivt_msg_result_u1_ivt_result_u1_system_error_is_in_range	16	static
can2.c:5009:9:can2_ivt_msg_result_u1_ivt_result_u1_measurement_error_encode	16	static
can2.c:5014:8:can2_ivt_msg_result_u1_ivt_result_u1_measurement_error_decode	16	static
can2.c:5019:6:can2_ivt_msg_result_u1_ivt_result_u1_measurement_error_is_in_range	16	static
can2.c:5024:9:can2_ivt_msg_result_u1_ivt_result_u1_channel_error_encode	16	static
can2.c:5029:8:can2_ivt_msg_result_u1_ivt_result_u1_channel_error_decode	16	static
can2.c:5034:6:can2_ivt_msg_result_u1_ivt_result_u1_channel_error_is_in_range	16	static
can2.c:5039:9:can2_ivt_msg_result_u1_ivt_result_u1_ocs_encode	16	static
can2.c:5044:8:can2_ivt_msg_result_u1_ivt_result_u1_ocs_decode	16	static
can2.c:5049:6:can2_ivt_msg_result_u1_ivt_result_u1_ocs_is_in_range	16	static
can2.c:5054:9:can2_ivt_msg_result_u1_ivt_msg_count_result_u1_encode	16	static
can2.c:5059:8:can2_ivt_msg_result_u1_ivt_msg_count_result_u1_decode	16	static
can2.c:5064:6:can2_ivt_msg_result_u1_ivt_msg_count_result_u1_is_in_range	16	static
can2.c:5069:9:can2_ivt_msg_result_u1_ivt_result_u1_encode	16	static
can2.c:5074:8:can2_ivt_msg_result_u1_ivt_result_u1_decode	16	static
can2.c:5079:6:can2_ivt_msg_result_u1_ivt_result_u1_is_in_range	16	static
can2.c:5086:5:can2_ivt_msg_result_i_pack	32	static
can2.c:5114:5:can2_ivt_msg_result_i_unpack	32	static
can2.c:5140:9:can2_ivt_msg_result_i_ivt_id_result_i_encode	16	static
can2.c:5145:8:can2_ivt_msg_result_i_ivt_id_result_i_decode	16	static
can2.c:5150:6:can2_ivt_msg_result_i_ivt_id_result_i_is_in_range	16	static
can2.c:5157:9:can2_ivt_msg_result_i_ivt_result_i_system_error_encode	16	static
can2.c:5162:8:can2_ivt_msg_result_i_ivt_result_i_system_error_decode	16	static
can2.c:5167:6:can2_ivt_msg_result_i_ivt_result_i_system_error_is_in_range	16	static
can2.c:5172:9:can2_ivt_msg_result_i_ivt_result_i_measurement_error_encode	16	static
can2.c:5177:8:can2_ivt_msg_result_i_ivt_result_i_measurement_error_decode	16	static
can2.c:5182:6:can2_ivt_msg_result_i_ivt_result_i_measurement_error_is_in_range	16	static
can2.c:5187:9:can2_ivt_msg_result_i_ivt_result_i_channel_error_encode	16	static
can2.c:5192:8:can2_ivt_msg_result_i_ivt_result_i_channel_error_decode	16	static
can2.c:5197:6:can2_ivt_msg_result_i_ivt_result_i_channel_error_is_in_range	16	static
can2.c:5202:9:can2_ivt_msg_result_i_ivt_result_i_ocs_encode	16	static
can2.c:5207:8:can2_ivt_msg_result_i_ivt_result_i_ocs_decode	16	static
can2.c:5212:6:can2_ivt_msg_result_i_ivt_result_i_ocs_is_in_range	16	static
can2.c:5217:9:can2_ivt_msg_result_i_ivt_msg_count_result_i_encode	16	static
can2.c:5222:8:can2_ivt_msg_result_i_ivt_msg_count_result_i_decode	16	static
can2.c:5227:6:can2_ivt_msg_result_i_ivt_msg_count_result_i_is_in_range	16	static
can2.c:5232:9:can2_ivt_msg_result_i_ivt_result_i_encode	16	static
can2.c:5237:8:can2_ivt_msg_result_i_ivt_result_i_decode	16	static
can2.c:5242:6:can2_ivt_msg_result_i_ivt_result_i_is_in_range	16	static
can2.c:5249:5:can2_ivt_msg_cmd_pack	32	static
can2.c:5657:5:can2_ivt_msg_cmd_unpack	80	static
can2.c:6063:9:can2_ivt_msg_cmd_ivt_id_cmd_encode	16	static
can2.c:6068:8:can2_ivt_msg_cmd_ivt_id_cmd_decode	16	static
can2.c:6073:6:can2_ivt_msg_cmd_ivt_id_cmd_is_in_range	16	static
can2.c:6080:9:can2_ivt_msg_cmd__31_trigger_spare_encode	16	static
can2.c:6085:8:can2_ivt_msg_cmd__31_trigger_spare_decode	16	static
can2.c:6090:6:can2_ivt_msg_cmd__31_trigger_spare_is_in_range	16	static
can2.c:6097:10:can2_ivt_msg_cmd__10_set_can_id_val_i_encode	16	static
can2.c:6102:8:can2_ivt_msg_cmd__10_set_can_id_val_i_decode	16	static
can2.c:6107:6:can2_ivt_msg_cmd__10_set_can_id_val_i_is_in_range	16	static
can2.c:6112:10:can2_ivt_msg_cmd__11_set_can_id_val_u1_encode	16	static
can2.c:6117:8:can2_ivt_msg_cmd__11_set_can_id_val_u1_decode	16	static
can2.c:6122:6:can2_ivt_msg_cmd__11_set_can_id_val_u1_is_in_range	16	static
can2.c:6127:10:can2_ivt_msg_cmd__12_set_can_id_val_u2_encode	16	static
can2.c:6132:8:can2_ivt_msg_cmd__12_set_can_id_val_u2_decode	16	static
can2.c:6137:6:can2_ivt_msg_cmd__12_set_can_id_val_u2_is_in_range	16	static
can2.c:6142:10:can2_ivt_msg_cmd__13_set_can_id_val_u3_encode	16	static
can2.c:6147:8:can2_ivt_msg_cmd__13_set_can_id_val_u3_decode	16	static
can2.c:6152:6:can2_ivt_msg_cmd__13_set_can_id_val_u3_is_in_range	16	static
can2.c:6157:10:can2_ivt_msg_cmd__14_set_can_id_val_t_encode	16	static
can2.c:6162:8:can2_ivt_msg_cmd__14_set_can_id_val_t_decode	16	static
can2.c:6167:6:can2_ivt_msg_cmd__14_set_can_id_val_t_is_in_range	16	static
can2.c:6172:10:can2_ivt_msg_cmd__15_set_can_id_val_w_encode	16	static
can2.c:6177:8:can2_ivt_msg_cmd__15_set_can_id_val_w_decode	16	static
can2.c:6182:6:can2_ivt_msg_cmd__15_set_can_id_val_w_is_in_range	16	static
can2.c:6187:10:can2_ivt_msg_cmd__16_set_can_id_val_as_encode	16	static
can2.c:6192:8:can2_ivt_msg_cmd__16_set_can_id_val_as_decode	16	static
can2.c:6197:6:can2_ivt_msg_cmd__16_set_can_id_val_as_is_in_range	16	static
can2.c:6202:10:can2_ivt_msg_cmd__17_set_can_id_val_wh_encode	16	static
can2.c:6207:8:can2_ivt_msg_cmd__17_set_can_id_val_wh_decode	16	static
can2.c:6212:6:can2_ivt_msg_cmd__17_set_can_id_val_wh_is_in_range	16	static
can2.c:6217:10:can2_ivt_msg_cmd__1_d_set_can_id_val_command_encode	16	static
can2.c:6222:8:can2_ivt_msg_cmd__1_d_set_can_id_val_command_decode	16	static
can2.c:6227:6:can2_ivt_msg_cmd__1_d_set_can_id_val_command_is_in_range	16	static
can2.c:6232:10:can2_ivt_msg_cmd__1_f_set_can_id_val_response_encode	16	static
can2.c:6237:8:can2_ivt_msg_cmd__1_f_set_can_id_val_response_decode	16	static
can2.c:6242:6:can2_ivt_msg_cmd__1_f_set_can_id_val_response_is_in_range	16	static
can2.c:6247:9:can2_ivt_msg_cmd__20_conf_sign_i_encode	16	static
can2.c:6252:8:can2_ivt_msg_cmd__20_conf_sign_i_decode	16	static
can2.c:6257:6:can2_ivt_msg_cmd__20_conf_sign_i_is_in_range	16	static
can2.c:6262:9:can2_ivt_msg_cmd__21_conf_sign_u1_encode	16	static
can2.c:6267:8:can2_ivt_msg_cmd__21_conf_sign_u1_decode	16	static
can2.c:6272:6:can2_ivt_msg_cmd__21_conf_sign_u1_is_in_range	16	static
can2.c:6277:9:can2_ivt_msg_cmd__22_conf_sign_u2_encode	16	static
can2.c:6282:8:can2_ivt_msg_cmd__22_conf_sign_u2_decode	16	static
can2.c:6287:6:can2_ivt_msg_cmd__22_conf_sign_u2_is_in_range	16	static
can2.c:6292:9:can2_ivt_msg_cmd__23_conf_sign_u3_encode	16	static
can2.c:6297:8:can2_ivt_msg_cmd__23_conf_sign_u3_decode	16	static
can2.c:6302:6:can2_ivt_msg_cmd__23_conf_sign_u3_is_in_range	16	static
can2.c:6307:9:can2_ivt_msg_cmd__24_conf_sign_t_encode	16	static
can2.c:6312:8:can2_ivt_msg_cmd__24_conf_sign_t_decode	16	static
can2.c:6317:6:can2_ivt_msg_cmd__24_conf_sign_t_is_in_range	16	static
can2.c:6322:9:can2_ivt_msg_cmd__25_conf_sign_w_encode	16	static
can2.c:6327:8:can2_ivt_msg_cmd__25_conf_sign_w_decode	16	static
can2.c:6332:6:can2_ivt_msg_cmd__25_conf_sign_w_is_in_range	16	static
can2.c:6337:9:can2_ivt_msg_cmd__26_conf_sign_as_encode	16	static
can2.c:6342:8:can2_ivt_msg_cmd__26_conf_sign_as_decode	16	static
can2.c:6347:6:can2_ivt_msg_cmd__26_conf_sign_as_is_in_range	16	static
can2.c:6352:9:can2_ivt_msg_cmd__27_conf_sign_wh_encode	16	static
can2.c:6357:8:can2_ivt_msg_cmd__27_conf_sign_wh_decode	16	static
can2.c:6362:6:can2_ivt_msg_cmd__27_conf_sign_wh_is_in_range	16	static
can2.c:6367:10:can2_ivt_msg_cmd__30_reset_item_encode	16	static
can2.c:6372:8:can2_ivt_msg_cmd__30_reset_item_decode	16	static
can2.c:6377:6:can2_ivt_msg_cmd__30_reset_item_is_in_range	16	static
can2.c:6384:9:can2_ivt_msg_cmd__32_store_dummy_encode	16	static
can2.c:6389:8:can2_ivt_msg_cmd__32_store_dummy_decode	16	static
can2.c:6394:6:can2_ivt_msg_cmd__32_store_dummy_is_in_range	16	static
can2.c:6401:10:can2_ivt_msg_cmd__33_oc_test_time_encode	16	static
can2.c:6406:8:can2_ivt_msg_cmd__33_oc_test_time_decode	16	static
can2.c:6411:6:can2_ivt_msg_cmd__33_oc_test_time_is_in_range	16	static
can2.c:6418:9:can2_ivt_msg_cmd__35_oc_pos_set_threshold_encode	16	static
can2.c:6423:8:can2_ivt_msg_cmd__35_oc_pos_set_threshold_decode	16	static
can2.c:6428:6:can2_ivt_msg_cmd__35_oc_pos_set_threshold_is_in_range	16	static
can2.c:6435:9:can2_ivt_msg_cmd__36_oc_neg_set_threshold_encode	16	static
can2.c:6440:8:can2_ivt_msg_cmd__36_oc_neg_set_threshold_decode	16	static
can2.c:6445:6:can2_ivt_msg_cmd__36_oc_neg_set_threshold_is_in_range	16	static
can2.c:6452:9:can2_ivt_msg_cmd__3_a_restart_prescaler_encode	16	static
can2.c:6457:8:can2_ivt_msg_cmd__3_a_restart_prescaler_decode	16	static
can2.c:6462:6:can2_ivt_msg_cmd__3_a_restart_prescaler_is_in_range	16	static
can2.c:6469:9:can2_ivt_msg_cmd__3_d_restart_default_dummy_encode	16	static
can2.c:6474:8:can2_ivt_msg_cmd__3_d_restart_default_dummy_decode	16	static
can2.c:6479:6:can2_ivt_msg_cmd__3_d_restart_default_dummy_is_in_range	16	static
can2.c:6486:9:can2_ivt_msg_cmd__3_f_restart_dummy_encode	16	static
can2.c:6491:8:can2_ivt_msg_cmd__3_f_restart_dummy_decode	16	static
can2.c:6496:6:can2_ivt_msg_cmd__3_f_restart_dummy_is_in_range	16	static
can2.c:6503:9:can2_ivt_msg_cmd__40_get_meas_error_item_encode	16	static
can2.c:6508:8:can2_ivt_msg_cmd__40_get_meas_error_item_decode	16	static
can2.c:6513:6:can2_ivt_msg_cmd__40_get_meas_error_item_is_in_range	16	static
can2.c:6520:9:can2_ivt_msg_cmd__41_get_system_error_item_encode	16	static
can2.c:6525:8:can2_ivt_msg_cmd__41_get_system_error_item_decode	16	static
can2.c:6530:6:can2_ivt_msg_cmd__41_get_system_error_item_is_in_range	16	static
can2.c:6537:9:can2_ivt_msg_cmd__42_get_all_log_data_item_encode	16	static
can2.c:6542:8:can2_ivt_msg_cmd__42_get_all_log_data_item_decode	16	static
can2.c:6547:6:can2_ivt_msg_cmd__42_get_all_log_data_item_is_in_range	16	static
can2.c:6554:9:can2_ivt_msg_cmd__43_get_log_data_item_encode	16	static
can2.c:6559:8:can2_ivt_msg_cmd__43_get_log_data_item_decode	16	static
can2.c:6564:6:can2_ivt_msg_cmd__43_get_log_data_item_is_in_range	16	static
can2.c:6571:9:can2_ivt_msg_cmd__60_get_result_dummy_i_encode	16	static
can2.c:6576:8:can2_ivt_msg_cmd__60_get_result_dummy_i_decode	16	static
can2.c:6581:6:can2_ivt_msg_cmd__60_get_result_dummy_i_is_in_range	16	static
can2.c:6588:9:can2_ivt_msg_cmd__61_get_result_dummy_u1_encode	16	static
can2.c:6593:8:can2_ivt_msg_cmd__61_get_result_dummy_u1_decode	16	static
can2.c:6598:6:can2_ivt_msg_cmd__61_get_result_dummy_u1_is_in_range	16	static
can2.c:6605:9:can2_ivt_msg_cmd__62_get_result_dummy_u2_encode	16	static
can2.c:6610:8:can2_ivt_msg_cmd__62_get_result_dummy_u2_decode	16	static
can2.c:6615:6:can2_ivt_msg_cmd__62_get_result_dummy_u2_is_in_range	16	static
can2.c:6622:9:can2_ivt_msg_cmd__63_get_result_dummy_u3_encode	16	static
can2.c:6627:8:can2_ivt_msg_cmd__63_get_result_dummy_u3_decode	16	static
can2.c:6632:6:can2_ivt_msg_cmd__63_get_result_dummy_u3_is_in_range	16	static
can2.c:6639:9:can2_ivt_msg_cmd__64_get_result_dummy_t_encode	16	static
can2.c:6644:8:can2_ivt_msg_cmd__64_get_result_dummy_t_decode	16	static
can2.c:6649:6:can2_ivt_msg_cmd__64_get_result_dummy_t_is_in_range	16	static
can2.c:6656:9:can2_ivt_msg_cmd__65_get_result_dummy_w_encode	16	static
can2.c:6661:8:can2_ivt_msg_cmd__65_get_result_dummy_w_decode	16	static
can2.c:6666:6:can2_ivt_msg_cmd__65_get_result_dummy_w_is_in_range	16	static
can2.c:6673:9:can2_ivt_msg_cmd__66_get_result_dummy_as_encode	16	static
can2.c:6678:8:can2_ivt_msg_cmd__66_get_result_dummy_as_decode	16	static
can2.c:6683:6:can2_ivt_msg_cmd__66_get_result_dummy_as_is_in_range	16	static
can2.c:6690:9:can2_ivt_msg_cmd__67_get_result_dummy_wh_encode	16	static
can2.c:6695:8:can2_ivt_msg_cmd__67_get_result_dummy_wh_decode	16	static
can2.c:6700:6:can2_ivt_msg_cmd__67_get_result_dummy_wh_is_in_range	16	static
can2.c:6707:9:can2_ivt_msg_cmd__73_get_oc_test_dummy_encode	16	static
can2.c:6712:8:can2_ivt_msg_cmd__73_get_oc_test_dummy_decode	16	static
can2.c:6717:6:can2_ivt_msg_cmd__73_get_oc_test_dummy_is_in_range	16	static
can2.c:6724:9:can2_ivt_msg_cmd__74_get_mode_dummy_encode	16	static
can2.c:6729:8:can2_ivt_msg_cmd__74_get_mode_dummy_decode	16	static
can2.c:6734:6:can2_ivt_msg_cmd__74_get_mode_dummy_is_in_range	16	static
can2.c:6741:9:can2_ivt_msg_cmd__75_get_oc_pos_dummy_encode	16	static
can2.c:6746:8:can2_ivt_msg_cmd__75_get_oc_pos_dummy_decode	16	static
can2.c:6751:6:can2_ivt_msg_cmd__75_get_oc_pos_dummy_is_in_range	16	static
can2.c:6758:9:can2_ivt_msg_cmd__76_get_oc_neg_dummy_encode	16	static
can2.c:6763:8:can2_ivt_msg_cmd__76_get_oc_neg_dummy_decode	16	static
can2.c:6768:6:can2_ivt_msg_cmd__76_get_oc_neg_dummy_is_in_range	16	static
can2.c:6775:9:can2_ivt_msg_cmd__79_get_device_id_dummy_encode	16	static
can2.c:6780:8:can2_ivt_msg_cmd__79_get_device_id_dummy_decode	16	static
can2.c:6785:6:can2_ivt_msg_cmd__79_get_device_id_dummy_is_in_range	16	static
can2.c:6792:9:can2_ivt_msg_cmd__7_a_get_sw_version_dummy_encode	16	static
can2.c:6797:8:can2_ivt_msg_cmd__7_a_get_sw_version_dummy_decode	16	static
can2.c:6802:6:can2_ivt_msg_cmd__7_a_get_sw_version_dummy_is_in_range	16	static
can2.c:6809:9:can2_ivt_msg_cmd__7_b_get_serien_nr_dummy_encode	16	static
can2.c:6814:8:can2_ivt_msg_cmd__7_b_get_serien_nr_dummy_decode	16	static
can2.c:6819:6:can2_ivt_msg_cmd__7_b_get_serien_nr_dummy_is_in_range	16	static
can2.c:6826:9:can2_ivt_msg_cmd__7_c_get_art_nr_dummy_encode	16	static
can2.c:6831:8:can2_ivt_msg_cmd__7_c_get_art_nr_dummy_decode	16	static
can2.c:6836:6:can2_ivt_msg_cmd__7_c_get_art_nr_dummy_is_in_range	16	static
can2.c:6843:10:can2_ivt_msg_cmd_ivt_cmd_data_encode	16	static
can2.c:6848:8:can2_ivt_msg_cmd_ivt_cmd_data_decode	16	static
can2.c:6853:6:can2_ivt_msg_cmd_ivt_cmd_data_is_in_range	16	static
can2.c:6858:9:can2_ivt_msg_cmd__20_conf_endianess_i_encode	16	static
can2.c:6863:8:can2_ivt_msg_cmd__20_conf_endianess_i_decode	16	static
can2.c:6868:6:can2_ivt_msg_cmd__20_conf_endianess_i_is_in_range	16	static
can2.c:6873:9:can2_ivt_msg_cmd__21_conf_endianess_u1_encode	16	static
can2.c:6878:8:can2_ivt_msg_cmd__21_conf_endianess_u1_decode	16	static
can2.c:6883:6:can2_ivt_msg_cmd__21_conf_endianess_u1_is_in_range	16	static
can2.c:6888:9:can2_ivt_msg_cmd__22_conf_endianess_u2_encode	16	static
can2.c:6893:8:can2_ivt_msg_cmd__22_conf_endianess_u2_decode	16	static
can2.c:6898:6:can2_ivt_msg_cmd__22_conf_endianess_u2_is_in_range	16	static
can2.c:6903:9:can2_ivt_msg_cmd__23_conf_endianess_u3_encode	16	static
can2.c:6908:8:can2_ivt_msg_cmd__23_conf_endianess_u3_decode	16	static
can2.c:6913:6:can2_ivt_msg_cmd__23_conf_endianess_u3_is_in_range	16	static
can2.c:6918:9:can2_ivt_msg_cmd__24_conf_endianess_t_encode	16	static
can2.c:6923:8:can2_ivt_msg_cmd__24_conf_endianess_t_decode	16	static
can2.c:6928:6:can2_ivt_msg_cmd__24_conf_endianess_t_is_in_range	16	static
can2.c:6933:9:can2_ivt_msg_cmd__25_conf_endianess_w_encode	16	static
can2.c:6938:8:can2_ivt_msg_cmd__25_conf_endianess_w_decode	16	static
can2.c:6943:6:can2_ivt_msg_cmd__25_conf_endianess_w_is_in_range	16	static
can2.c:6948:9:can2_ivt_msg_cmd__26_conf_endianess_as_encode	16	static
can2.c:6953:8:can2_ivt_msg_cmd__26_conf_endianess_as_decode	16	static
can2.c:6958:6:can2_ivt_msg_cmd__26_conf_endianess_as_is_in_range	16	static
can2.c:6963:9:can2_ivt_msg_cmd__27_conf_endianess_wh_encode	16	static
can2.c:6968:8:can2_ivt_msg_cmd__27_conf_endianess_wh_decode	16	static
can2.c:6973:6:can2_ivt_msg_cmd__27_conf_endianess_wh_is_in_range	16	static
can2.c:6978:9:can2_ivt_msg_cmd__20_conf_trigger_mode_i_encode	16	static
can2.c:6983:8:can2_ivt_msg_cmd__20_conf_trigger_mode_i_decode	16	static
can2.c:6988:6:can2_ivt_msg_cmd__20_conf_trigger_mode_i_is_in_range	16	static
can2.c:6993:9:can2_ivt_msg_cmd__21_conf_trigger_mode_u1_encode	16	static
can2.c:6998:8:can2_ivt_msg_cmd__21_conf_trigger_mode_u1_decode	16	static
can2.c:7003:6:can2_ivt_msg_cmd__21_conf_trigger_mode_u1_is_in_range	16	static
can2.c:7008:9:can2_ivt_msg_cmd__22_conf_trigger_mode_u2_encode	16	static
can2.c:7013:8:can2_ivt_msg_cmd__22_conf_trigger_mode_u2_decode	16	static
can2.c:7018:6:can2_ivt_msg_cmd__22_conf_trigger_mode_u2_is_in_range	16	static
can2.c:7023:9:can2_ivt_msg_cmd__23_conf_trigger_mode_u3_encode	16	static
can2.c:7028:8:can2_ivt_msg_cmd__23_conf_trigger_mode_u3_decode	16	static
can2.c:7033:6:can2_ivt_msg_cmd__23_conf_trigger_mode_u3_is_in_range	16	static
can2.c:7038:9:can2_ivt_msg_cmd__24_conf_trigger_mode_t_encode	16	static
can2.c:7043:8:can2_ivt_msg_cmd__24_conf_trigger_mode_t_decode	16	static
can2.c:7048:6:can2_ivt_msg_cmd__24_conf_trigger_mode_t_is_in_range	16	static
can2.c:7053:9:can2_ivt_msg_cmd__25_conf_trigger_mode_w_encode	16	static
can2.c:7058:8:can2_ivt_msg_cmd__25_conf_trigger_mode_w_decode	16	static
can2.c:7063:6:can2_ivt_msg_cmd__25_conf_trigger_mode_w_is_in_range	16	static
can2.c:7068:9:can2_ivt_msg_cmd__26_conf_trigger_mode_as_encode	16	static
can2.c:7073:8:can2_ivt_msg_cmd__26_conf_trigger_mode_as_decode	16	static
can2.c:7078:6:can2_ivt_msg_cmd__26_conf_trigger_mode_as_is_in_range	16	static
can2.c:7083:9:can2_ivt_msg_cmd__27_conf_trigger_mode_wh_encode	16	static
can2.c:7088:8:can2_ivt_msg_cmd__27_conf_trigger_mode_wh_decode	16	static
can2.c:7093:6:can2_ivt_msg_cmd__27_conf_trigger_mode_wh_is_in_range	16	static
can2.c:7098:9:can2_ivt_msg_cmd__34_actual_mode_encode	16	static
can2.c:7103:8:can2_ivt_msg_cmd__34_actual_mode_decode	16	static
can2.c:7108:6:can2_ivt_msg_cmd__34_actual_mode_is_in_range	16	static
can2.c:7113:9:can2_ivt_msg_cmd__31_07_trigger_wh_encode	16	static
can2.c:7118:8:can2_ivt_msg_cmd__31_07_trigger_wh_decode	16	static
can2.c:7123:6:can2_ivt_msg_cmd__31_07_trigger_wh_is_in_range	16	static
can2.c:7128:10:can2_ivt_msg_cmd__20_conf_cycle_time_i_encode	16	static
can2.c:7133:8:can2_ivt_msg_cmd__20_conf_cycle_time_i_decode	16	static
can2.c:7138:6:can2_ivt_msg_cmd__20_conf_cycle_time_i_is_in_range	16	static
can2.c:7145:10:can2_ivt_msg_cmd__21_conf_cycle_time_u1_encode	16	static
can2.c:7150:8:can2_ivt_msg_cmd__21_conf_cycle_time_u1_decode	16	static
can2.c:7155:6:can2_ivt_msg_cmd__21_conf_cycle_time_u1_is_in_range	16	static
can2.c:7162:10:can2_ivt_msg_cmd__22_conf_cycle_time_u2_encode	16	static
can2.c:7167:8:can2_ivt_msg_cmd__22_conf_cycle_time_u2_decode	16	static
can2.c:7172:6:can2_ivt_msg_cmd__22_conf_cycle_time_u2_is_in_range	16	static
can2.c:7179:10:can2_ivt_msg_cmd__23_conf_cycle_time_u3_encode	16	static
can2.c:7184:8:can2_ivt_msg_cmd__23_conf_cycle_time_u3_decode	16	static
can2.c:7189:6:can2_ivt_msg_cmd__23_conf_cycle_time_u3_is_in_range	16	static
can2.c:7196:10:can2_ivt_msg_cmd__24_conf_cycle_time_t_encode	16	static
can2.c:7201:8:can2_ivt_msg_cmd__24_conf_cycle_time_t_decode	16	static
can2.c:7206:6:can2_ivt_msg_cmd__24_conf_cycle_time_t_is_in_range	16	static
can2.c:7213:10:can2_ivt_msg_cmd__25_conf_cycle_time_w_encode	16	static
can2.c:7218:8:can2_ivt_msg_cmd__25_conf_cycle_time_w_decode	16	static
can2.c:7223:6:can2_ivt_msg_cmd__25_conf_cycle_time_w_is_in_range	16	static
can2.c:7230:10:can2_ivt_msg_cmd__26_conf_cycle_time_as_encode	16	static
can2.c:7235:8:can2_ivt_msg_cmd__26_conf_cycle_time_as_decode	16	static
can2.c:7240:6:can2_ivt_msg_cmd__26_conf_cycle_time_as_is_in_range	16	static
can2.c:7247:10:can2_ivt_msg_cmd__27_conf_cycle_time_wh_encode	16	static
can2.c:7252:8:can2_ivt_msg_cmd__27_conf_cycle_time_wh_decode	16	static
can2.c:7257:6:can2_ivt_msg_cmd__27_conf_cycle_time_wh_is_in_range	16	static
can2.c:7264:9:can2_ivt_msg_cmd__31_06_trigger_as_encode	16	static
can2.c:7269:8:can2_ivt_msg_cmd__31_06_trigger_as_decode	16	static
can2.c:7274:6:can2_ivt_msg_cmd__31_06_trigger_as_is_in_range	16	static
can2.c:7279:9:can2_ivt_msg_cmd__31_05_trigger_w_encode	16	static
can2.c:7284:8:can2_ivt_msg_cmd__31_05_trigger_w_decode	16	static
can2.c:7289:6:can2_ivt_msg_cmd__31_05_trigger_w_is_in_range	16	static
can2.c:7294:9:can2_ivt_msg_cmd__31_04_trigger_t_encode	16	static
can2.c:7299:8:can2_ivt_msg_cmd__31_04_trigger_t_decode	16	static
can2.c:7304:6:can2_ivt_msg_cmd__31_04_trigger_t_is_in_range	16	static
can2.c:7309:9:can2_ivt_msg_cmd__31_03_trigger_u3_encode	16	static
can2.c:7314:8:can2_ivt_msg_cmd__31_03_trigger_u3_decode	16	static
can2.c:7319:6:can2_ivt_msg_cmd__31_03_trigger_u3_is_in_range	16	static
can2.c:7324:9:can2_ivt_msg_cmd__31_02_trigger_u2_encode	16	static
can2.c:7329:8:can2_ivt_msg_cmd__31_02_trigger_u2_decode	16	static
can2.c:7334:6:can2_ivt_msg_cmd__31_02_trigger_u2_is_in_range	16	static
can2.c:7339:9:can2_ivt_msg_cmd__31_01_trigger_u1_encode	16	static
can2.c:7344:8:can2_ivt_msg_cmd__31_01_trigger_u1_decode	16	static
can2.c:7349:6:can2_ivt_msg_cmd__31_01_trigger_u1_is_in_range	16	static
can2.c:7354:9:can2_ivt_msg_cmd__31_00_trigger_i_encode	16	static
can2.c:7359:8:can2_ivt_msg_cmd__31_00_trigger_i_decode	16	static
can2.c:7364:6:can2_ivt_msg_cmd__31_00_trigger_i_is_in_range	16	static
can2.c:7369:9:can2_ivt_msg_cmd__34_startup_mode_encode	16	static
can2.c:7374:8:can2_ivt_msg_cmd__34_startup_mode_decode	16	static
can2.c:7379:6:can2_ivt_msg_cmd__34_startup_mode_is_in_range	16	static
can2.c:7384:10:can2_ivt_msg_cmd__10_set_can_id_sn_i_encode	16	static
can2.c:7389:8:can2_ivt_msg_cmd__10_set_can_id_sn_i_decode	16	static
can2.c:7394:6:can2_ivt_msg_cmd__10_set_can_id_sn_i_is_in_range	16	static
can2.c:7401:10:can2_ivt_msg_cmd__11_set_can_id_sn_u1_encode	16	static
can2.c:7406:8:can2_ivt_msg_cmd__11_set_can_id_sn_u1_decode	16	static
can2.c:7411:6:can2_ivt_msg_cmd__11_set_can_id_sn_u1_is_in_range	16	static
can2.c:7418:10:can2_ivt_msg_cmd__12_set_can_id_sn_u2_encode	16	static
can2.c:7423:8:can2_ivt_msg_cmd__12_set_can_id_sn_u2_decode	16	static
can2.c:7428:6:can2_ivt_msg_cmd__12_set_can_id_sn_u2_is_in_range	16	static
can2.c:7435:10:can2_ivt_msg_cmd__13_set_can_id_sn_u3_encode	16	static
can2.c:7440:8:can2_ivt_msg_cmd__13_set_can_id_sn_u3_decode	16	static
can2.c:7445:6:can2_ivt_msg_cmd__13_set_can_id_sn_u3_is_in_range	16	static
can2.c:7452:10:can2_ivt_msg_cmd__14_set_can_id_sn_t_encode	16	static
can2.c:7457:8:can2_ivt_msg_cmd__14_set_can_id_sn_t_decode	16	static
can2.c:7462:6:can2_ivt_msg_cmd__14_set_can_id_sn_t_is_in_range	16	static
can2.c:7469:10:can2_ivt_msg_cmd__15_set_can_id_sn_w_encode	16	static
can2.c:7474:8:can2_ivt_msg_cmd__15_set_can_id_sn_w_decode	16	static
can2.c:7479:6:can2_ivt_msg_cmd__15_set_can_id_sn_w_is_in_range	16	static
can2.c:7486:10:can2_ivt_msg_cmd__16_set_can_id_sn_as_encode	16	static
can2.c:7491:8:can2_ivt_msg_cmd__16_set_can_id_sn_as_decode	16	static
can2.c:7496:6:can2_ivt_msg_cmd__16_set_can_id_sn_as_is_in_range	16	static
can2.c:7503:10:can2_ivt_msg_cmd__17_set_can_id_sn_wh_encode	16	static
can2.c:7508:8:can2_ivt_msg_cmd__17_set_can_id_sn_wh_decode	16	static
can2.c:7513:6:can2_ivt_msg_cmd__17_set_can_id_sn_wh_is_in_range	16	static
can2.c:7520:10:can2_ivt_msg_cmd__1_d_set_can_id_sn_command_encode	16	static
can2.c:7525:8:can2_ivt_msg_cmd__1_d_set_can_id_sn_command_decode	16	static
can2.c:7530:6:can2_ivt_msg_cmd__1_d_set_can_id_sn_command_is_in_range	16	static
can2.c:7537:10:can2_ivt_msg_cmd__1_f_set_can_id_sn_response_encode	16	static
can2.c:7542:8:can2_ivt_msg_cmd__1_f_set_can_id_sn_response_decode	16	static
can2.c:7547:6:can2_ivt_msg_cmd__1_f_set_can_id_sn_response_is_in_range	16	static
can2.c:7554:10:can2_ivt_msg_cmd__30_reset_device_sn_encode	16	static
can2.c:7559:8:can2_ivt_msg_cmd__30_reset_device_sn_decode	16	static
can2.c:7564:6:can2_ivt_msg_cmd__30_reset_device_sn_is_in_range	16	static
can2.c:7571:10:can2_ivt_msg_cmd__34_code_level_encode	16	static
can2.c:7576:8:can2_ivt_msg_cmd__34_code_level_decode	16	static
can2.c:7581:6:can2_ivt_msg_cmd__34_code_level_is_in_range	16	static
can2.c:7588:9:can2_ivt_msg_cmd__35_oc_pos_reset_threshold_encode	16	static
can2.c:7593:8:can2_ivt_msg_cmd__35_oc_pos_reset_threshold_decode	16	static
can2.c:7598:6:can2_ivt_msg_cmd__35_oc_pos_reset_threshold_is_in_range	16	static
can2.c:7605:9:can2_ivt_msg_cmd__36_oc_neg_reset_threshold_encode	16	static
can2.c:7610:8:can2_ivt_msg_cmd__36_oc_neg_reset_threshold_decode	16	static
can2.c:7615:6:can2_ivt_msg_cmd__36_oc_neg_reset_threshold_is_in_range	16	static
can2.c:7622:10:can2_ivt_msg_cmd__50_get_can_id_sn_i_encode	16	static
can2.c:7627:8:can2_ivt_msg_cmd__50_get_can_id_sn_i_decode	16	static
can2.c:7632:6:can2_ivt_msg_cmd__50_get_can_id_sn_i_is_in_range	16	static
can2.c:7639:10:can2_ivt_msg_cmd__51_get_can_id_sn_u1_encode	16	static
can2.c:7644:8:can2_ivt_msg_cmd__51_get_can_id_sn_u1_decode	16	static
can2.c:7649:6:can2_ivt_msg_cmd__51_get_can_id_sn_u1_is_in_range	16	static
can2.c:7656:10:can2_ivt_msg_cmd__52_get_can_id_sn_u2_encode	16	static
can2.c:7661:8:can2_ivt_msg_cmd__52_get_can_id_sn_u2_decode	16	static
can2.c:7666:6:can2_ivt_msg_cmd__52_get_can_id_sn_u2_is_in_range	16	static
can2.c:7673:10:can2_ivt_msg_cmd__53_get_can_id_sn_u3_encode	16	static
can2.c:7678:8:can2_ivt_msg_cmd__53_get_can_id_sn_u3_decode	16	static
can2.c:7683:6:can2_ivt_msg_cmd__53_get_can_id_sn_u3_is_in_range	16	static
can2.c:7690:10:can2_ivt_msg_cmd__54_get_can_id_sn_t_encode	16	static
can2.c:7695:8:can2_ivt_msg_cmd__54_get_can_id_sn_t_decode	16	static
can2.c:7700:6:can2_ivt_msg_cmd__54_get_can_id_sn_t_is_in_range	16	static
can2.c:7707:10:can2_ivt_msg_cmd__55_get_can_id_sn_w_encode	16	static
can2.c:7712:8:can2_ivt_msg_cmd__55_get_can_id_sn_w_decode	16	static
can2.c:7717:6:can2_ivt_msg_cmd__55_get_can_id_sn_w_is_in_range	16	static
can2.c:7724:10:can2_ivt_msg_cmd__56_get_can_id_sn_as_encode	16	static
can2.c:7729:8:can2_ivt_msg_cmd__56_get_can_id_sn_as_decode	16	static
can2.c:7734:6:can2_ivt_msg_cmd__56_get_can_id_sn_as_is_in_range	16	static
can2.c:7741:10:can2_ivt_msg_cmd__57_get_can_id_sn_wh_encode	16	static
can2.c:7746:8:can2_ivt_msg_cmd__57_get_can_id_sn_wh_decode	16	static
can2.c:7751:6:can2_ivt_msg_cmd__57_get_can_id_sn_wh_is_in_range	16	static
can2.c:7758:10:can2_ivt_msg_cmd__5_d_get_can_id_sn_command_encode	16	static
can2.c:7763:8:can2_ivt_msg_cmd__5_d_get_can_id_sn_command_decode	16	static
can2.c:7768:6:can2_ivt_msg_cmd__5_d_get_can_id_sn_command_is_in_range	16	static
can2.c:7775:10:can2_ivt_msg_cmd__5_f_get_can_id_sn_response_encode	16	static
can2.c:7780:8:can2_ivt_msg_cmd__5_f_get_can_id_sn_response_decode	16	static
can2.c:7785:6:can2_ivt_msg_cmd__5_f_get_can_id_sn_response_is_in_range	16	static
