canlib_callbacks.c:16:13:can1_ams_status_1_rx_callback	16	static
canlib_callbacks.c:25:13:can1_dbu_status_1_rx_callback	16	static
canlib_callbacks.c:34:13:can1_ams_temperatures_rx_callback	16	static
canlib_callbacks.c:43:13:can1_ams_cell_voltages_rx_callback	16	static
canlib_callbacks.c:52:13:can1_ams_cell_temperatures_rx_callback	16	static
canlib_callbacks.c:61:13:can2_amk1_setpoints_1_rx_callback	16	static
canlib_callbacks.c:70:13:can2_ivt_msg_result_i_rx_callback	16	static
canlib_callbacks.c:79:13:can2_ivt_msg_result_u1_rx_callback	16	static
canlib_callbacks.c:88:13:can2_ivt_msg_result_u3_rx_callback	16	static
canlib_callbacks.c:97:13:can2_charger_config_rx_callback	16	static
canlib_callbacks.c:106:13:can2_cc_status_rx_callback	16	static
canlib_callbacks.c:115:16:can1_ams_status_1_tx_callback	16	static
canlib_callbacks.c:124:16:can1_dbu_status_1_tx_callback	16	static
canlib_callbacks.c:133:16:can1_ams_temperatures_tx_callback	16	static
canlib_callbacks.c:142:16:can1_ams_cell_voltages_tx_callback	16	static
canlib_callbacks.c:151:16:can1_ams_cell_temperatures_tx_callback	16	static
canlib_callbacks.c:160:16:can2_ivt_msg_result_i_tx_callback	16	static
canlib_callbacks.c:169:16:can2_ivt_msg_result_u1_tx_callback	16	static
canlib_callbacks.c:178:16:can2_ivt_msg_result_u3_tx_callback	16	static
canlib_callbacks.c:187:16:can2_charger_config_tx_callback	16	static
canlib_callbacks.c:196:16:can2_cc_status_tx_callback	16	static
