canlib.c:24:13:can1_dbu_status_1_rx_callback	16	static
canlib.c:33:13:can2_amk1_setpoints_1_rx_callback	16	static
canlib.c:42:13:can2_ivt_msg_result_i_rx_callback	16	static
canlib.c:51:13:can2_ivt_msg_result_u1_rx_callback	16	static
canlib.c:60:13:can2_ivt_msg_result_u3_rx_callback	16	static
canlib.c:69:13:can2_cc_status_rx_callback	16	static
canlib.c:78:16:can1_ams_status_1_tx_callback	16	static
canlib.c:87:16:can1_ams_temperatures_tx_callback	16	static
canlib.c:96:16:can1_ams_cell_voltages_tx_callback	16	static
canlib.c:105:16:can1_ams_cell_temperatures_tx_callback	16	static
canlib.c:114:16:can2_charger_config_tx_callback	16	static
canlib.c:148:6:can1_dbu_status_1_decode	8	static
canlib.c:157:6:can2_amk1_setpoints_1_decode	8	static
canlib.c:166:6:can2_ivt_msg_result_i_decode	8	static
canlib.c:175:6:can2_ivt_msg_result_u1_decode	8	static
canlib.c:184:6:can2_ivt_msg_result_u3_decode	8	static
canlib.c:193:6:can2_cc_status_decode	8	static
canlib.c:202:6:can1_ams_status_1_transmit	112	static
canlib.c:240:6:can1_ams_temperatures_transmit	72	static
canlib.c:269:6:can1_ams_cell_voltages_transmit	1056	static
canlib.c:583:6:can1_ams_cell_temperatures_transmit	528	static
canlib.c:747:6:can2_charger_config_transmit	88	static
canlib.c:800:6:can1_dbu_status_1_receive	32	static
canlib.c:815:6:can2_amk1_setpoints_1_receive	24	static
canlib.c:834:6:can2_ivt_msg_result_i_receive	16	static
canlib.c:847:6:can2_ivt_msg_result_u1_receive	16	static
canlib.c:860:6:can2_ivt_msg_result_u3_receive	16	static
canlib.c:873:6:can2_cc_status_receive	16	static
canlib.c:882:6:HAL_CAN_RxFifo0MsgPendingCallback	48	static
canlib.c:910:6:HAL_CAN_RxFifo1MsgPendingCallback	48	static
canlib.c:938:6:simple_filter	48	static
canlib.c:970:6:initialize_CAN	16	static
