canlib.c:24:13:can1_ams_status_1_rx_callback	16	static
canlib.c:33:13:can1_dbu_status_1_rx_callback	16	static
canlib.c:42:13:can1_ams_temperatures_rx_callback	16	static
canlib.c:51:13:can1_ams_cell_voltages_rx_callback	16	static
canlib.c:60:13:can1_ams_cell_temperatures_rx_callback	16	static
canlib.c:69:13:can2_amk1_setpoints_1_rx_callback	16	static
canlib.c:78:13:can2_ivt_msg_result_i_rx_callback	16	static
canlib.c:87:13:can2_ivt_msg_result_u1_rx_callback	16	static
canlib.c:96:13:can2_ivt_msg_result_u3_rx_callback	16	static
canlib.c:105:13:can2_charger_config_rx_callback	16	static
canlib.c:114:13:can2_cc_status_rx_callback	16	static
canlib.c:123:16:can1_ams_status_1_tx_callback	16	static
canlib.c:132:16:can1_dbu_status_1_tx_callback	16	static
canlib.c:141:16:can1_ams_temperatures_tx_callback	16	static
canlib.c:150:16:can1_ams_cell_voltages_tx_callback	16	static
canlib.c:159:16:can1_ams_cell_temperatures_tx_callback	16	static
canlib.c:168:16:can2_ivt_msg_result_i_tx_callback	16	static
canlib.c:177:16:can2_ivt_msg_result_u1_tx_callback	16	static
canlib.c:186:16:can2_ivt_msg_result_u3_tx_callback	16	static
canlib.c:195:16:can2_charger_config_tx_callback	16	static
canlib.c:204:16:can2_cc_status_tx_callback	16	static
canlib.c:249:13:can1_ams_cell_voltages_array_raise	24	static
canlib.c:271:13:can1_ams_cell_temperatures_array_raise	24	static
canlib.c:293:13:can2_charger_config_array_raise	24	static
canlib.c:319:6:can1_ams_status_1_decode	8	static
canlib.c:329:6:can1_dbu_status_1_decode	8	static
canlib.c:339:6:can1_ams_temperatures_decode	8	static
canlib.c:349:6:can1_ams_cell_voltages_decode	8	static
canlib.c:359:6:can1_ams_cell_temperatures_decode	8	static
canlib.c:369:6:can2_amk1_setpoints_1_decode	8	static
canlib.c:379:6:can2_ivt_msg_result_i_decode	8	static
canlib.c:389:6:can2_ivt_msg_result_u1_decode	8	static
canlib.c:399:6:can2_ivt_msg_result_u3_decode	8	static
canlib.c:409:6:can2_charger_config_decode	8	static
canlib.c:419:6:can2_cc_status_decode	8	static
canlib.c:429:6:can1_ams_status_1_transmit	112	static
canlib.c:467:6:can1_dbu_status_1_transmit	64	static
canlib.c:495:6:can1_ams_temperatures_transmit	72	static
canlib.c:524:6:can1_ams_cell_voltages_transmit	1056	static
canlib.c:838:6:can1_ams_cell_temperatures_transmit	528	static
canlib.c:1002:6:can2_ivt_msg_result_i_transmit	48	static
canlib.c:1028:6:can2_ivt_msg_result_u1_transmit	48	static
canlib.c:1054:6:can2_ivt_msg_result_u3_transmit	48	static
canlib.c:1080:6:can2_charger_config_transmit	88	static
canlib.c:1133:6:can2_cc_status_transmit	48	static
canlib.c:1159:6:can1_ams_status_1_receive	80	static
canlib.c:1184:6:can1_dbu_status_1_receive	32	static
canlib.c:1199:6:can1_ams_temperatures_receive	40	static
canlib.c:1215:6:can1_ams_cell_voltages_receive	1024	static
canlib.c:1353:6:can1_ams_cell_temperatures_receive	496	static
canlib.c:1425:6:can2_amk1_setpoints_1_receive	24	static
canlib.c:1444:6:can2_ivt_msg_result_i_receive	16	static
canlib.c:1457:6:can2_ivt_msg_result_u1_receive	16	static
canlib.c:1470:6:can2_ivt_msg_result_u3_receive	16	static
canlib.c:1483:6:can2_charger_config_receive	56	static
canlib.c:1500:6:can2_cc_status_receive	16	static
canlib.c:1509:6:HAL_CAN_RxFifo0MsgPendingCallback	48	static
canlib.c:1552:6:HAL_CAN_RxFifo1MsgPendingCallback	48	static
canlib.c:1595:6:simple_filter	48	static
canlib.c:1627:6:initialize_CAN	16	static
