canlib.c:24:13:can1_dbu_status_1_rx_callback	16	static
canlib.c:33:13:can2_amk1_setpoints_1_rx_callback	16	static
canlib.c:42:13:can2_ivt_msg_result_i_rx_callback	16	static
canlib.c:51:13:can2_ivt_msg_result_u1_rx_callback	16	static
canlib.c:60:13:can2_ivt_msg_result_u3_rx_callback	16	static
canlib.c:69:13:can2_cc_status_rx_callback	16	static
canlib.c:78:16:can1_ams_status_1_tx_callback	16	static
canlib.c:87:16:can1_ams_temperatures_tx_callback	16	static
canlib.c:96:16:can1_ams_cell_voltages_tx_callback	16	static
canlib.c:105:16:can1_ams_cell_temperatures_tx_callback	16	static
canlib.c:138:6:can1_dbu_status_1_decode	8	static
canlib.c:147:6:can2_amk1_setpoints_1_decode	8	static
canlib.c:156:6:can2_ivt_msg_result_i_decode	8	static
canlib.c:165:6:can2_ivt_msg_result_u1_decode	8	static
canlib.c:174:6:can2_ivt_msg_result_u3_decode	8	static
canlib.c:183:6:can2_cc_status_decode	8	static
canlib.c:192:6:can1_ams_status_1_transmit	72	static
canlib.c:230:6:can1_ams_temperatures_transmit	56	static
canlib.c:259:6:can1_ams_cell_voltages_transmit	552	static
canlib.c:414:6:can1_ams_cell_temperatures_transmit	288	static
canlib.c:503:6:can1_dbu_status_1_receive	16	static
canlib.c:518:6:can2_amk1_setpoints_1_receive	24	static
canlib.c:537:6:can2_ivt_msg_result_i_receive	16	static
canlib.c:550:6:can2_ivt_msg_result_u1_receive	16	static
canlib.c:563:6:can2_ivt_msg_result_u3_receive	16	static
canlib.c:576:6:can2_cc_status_receive	16	static
canlib.c:585:6:HAL_CAN_RxFifo0MsgPendingCallback	48	static
canlib.c:612:6:HAL_CAN_RxFifo1MsgPendingCallback	48	static
canlib.c:639:6:simple_filter	48	static
canlib.c:673:6:initialize_CAN	16	static
