canlib.c:48:6:can1_dbu_status_1_decode	8	static
canlib.c:57:6:can2_amk1_setpoints_1_decode	8	static
canlib.c:66:6:can2_ivt_msg_result_i_decode	8	static
canlib.c:75:6:can2_ivt_msg_result_u1_decode	8	static
canlib.c:84:6:can2_ivt_msg_result_u3_decode	8	static
canlib.c:93:6:can2_cc_status_decode	8	static
canlib.c:102:6:can1_ams_status_1_transmit	72	static
canlib.c:140:6:can1_ams_temperatures_transmit	56	static
canlib.c:169:6:can1_ams_cell_voltages_transmit	552	static
canlib.c:324:6:can1_ams_cell_temperatures_transmit	288	static
canlib.c:413:6:can1_dbu_status_1_receive	16	static
canlib.c:428:6:can2_amk1_setpoints_1_receive	24	static
canlib.c:447:6:can2_ivt_msg_result_i_receive	16	static
canlib.c:460:6:can2_ivt_msg_result_u1_receive	16	static
canlib.c:473:6:can2_ivt_msg_result_u3_receive	16	static
canlib.c:486:6:can2_cc_status_receive	16	static
canlib.c:495:6:HAL_CAN_RxFifo0MsgPendingCallback	48	static
canlib.c:523:6:HAL_CAN_RxFifo1MsgPendingCallback	48	static
canlib.c:551:6:simple_filter	48	static
canlib.c:583:6:initialize_CAN	16	static
