canlib.c:69:13:can1_ams_cell_voltages_array_raise	24	static
canlib.c:91:13:can1_ams_cell_temperatures_array_raise	24	static
canlib.c:113:13:can2_charger_config_array_raise	24	static
canlib.c:139:6:can1_ams_status_1_decode	8	static
canlib.c:149:6:can1_dbu_status_1_decode	8	static
canlib.c:159:6:can1_ams_temperatures_decode	8	static
canlib.c:169:6:can1_ams_cell_voltages_decode	8	static
canlib.c:179:6:can1_ams_cell_temperatures_decode	8	static
canlib.c:189:6:can2_amk1_setpoints_1_decode	8	static
canlib.c:199:6:can2_ivt_msg_result_i_decode	8	static
canlib.c:209:6:can2_ivt_msg_result_u1_decode	8	static
canlib.c:219:6:can2_ivt_msg_result_u3_decode	8	static
canlib.c:229:6:can2_charger_config_decode	8	static
canlib.c:239:6:can2_cc_status_decode	8	static
canlib.c:249:6:can1_ams_status_1_transmit	112	static
canlib.c:286:6:can1_dbu_status_1_transmit	64	static
canlib.c:313:6:can1_ams_temperatures_transmit	72	static
canlib.c:341:6:can1_ams_cell_voltages_transmit	1056	static
canlib.c:631:6:can1_ams_cell_temperatures_transmit	528	static
canlib.c:783:6:can2_ivt_msg_result_i_transmit	48	static
canlib.c:808:6:can2_ivt_msg_result_u1_transmit	48	static
canlib.c:833:6:can2_ivt_msg_result_u3_transmit	48	static
canlib.c:858:6:can2_charger_config_transmit	88	static
canlib.c:907:6:can2_cc_status_transmit	48	static
canlib.c:932:6:can1_ams_status_1_receive	80	static
canlib.c:957:6:can1_dbu_status_1_receive	32	static
canlib.c:972:6:can1_ams_temperatures_receive	40	static
canlib.c:988:6:can1_ams_cell_voltages_receive	1024	static
canlib.c:1126:6:can1_ams_cell_temperatures_receive	496	static
canlib.c:1198:6:can2_amk1_setpoints_1_receive	24	static
canlib.c:1217:6:can2_ivt_msg_result_i_receive	16	static
canlib.c:1230:6:can2_ivt_msg_result_u1_receive	16	static
canlib.c:1243:6:can2_ivt_msg_result_u3_receive	16	static
canlib.c:1256:6:can2_charger_config_receive	56	static
canlib.c:1273:6:can2_cc_status_receive	16	static
canlib.c:1282:6:HAL_CAN_RxFifo0MsgPendingCallback	48	static
canlib.c:1324:6:HAL_CAN_RxFifo1MsgPendingCallback	48	static
canlib.c:1367:6:simple_filter	48	static
canlib.c:1399:6:initialize_CAN	16	static
