canlib.c:72:13:can1_ams_cell_voltages_array_raise	32	static
canlib.c:123:13:can1_ams_cell_temperatures_array_raise	32	static
canlib.c:162:13:can2_charger_config_array_raise	32	static
canlib.c:197:6:can1_ams_status_1_decode	8	static
canlib.c:207:6:can1_dbu_status_1_decode	8	static
canlib.c:217:6:can1_ams_temperatures_decode	8	static
canlib.c:227:6:can1_ams_cell_voltages_decode	8	static
canlib.c:237:6:can1_ams_cell_temperatures_decode	8	static
canlib.c:247:6:can2_amk1_setpoints_1_decode	8	static
canlib.c:257:6:can2_ivt_msg_result_u3_decode	8	static
canlib.c:267:6:can2_ivt_msg_result_u2_decode	8	static
canlib.c:277:6:can2_ivt_msg_result_u1_decode	8	static
canlib.c:287:6:can2_ivt_msg_result_i_decode	8	static
canlib.c:297:6:can2_charger_config_decode	8	static
canlib.c:307:6:can2_cc_status_decode	8	static
canlib.c:317:6:can1_ams_status_1_transmit	112	static
canlib.c:354:6:can1_dbu_status_1_transmit	64	static
canlib.c:381:6:can1_ams_temperatures_transmit	72	static
canlib.c:409:6:can1_ams_cell_voltages_transmit	1056	static
canlib.c:699:6:can1_ams_cell_temperatures_transmit	528	static
canlib.c:851:6:can2_ivt_msg_result_u3_transmit	64	static
canlib.c:882:6:can2_ivt_msg_result_u2_transmit	64	static
canlib.c:913:6:can2_ivt_msg_result_u1_transmit	64	static
canlib.c:944:6:can2_ivt_msg_result_i_transmit	64	static
canlib.c:975:6:can2_charger_config_transmit	88	static
canlib.c:1024:6:can2_cc_status_transmit	48	static
canlib.c:1049:6:can1_ams_status_1_receive	80	static
canlib.c:1074:6:can1_dbu_status_1_receive	32	static
canlib.c:1089:6:can1_ams_temperatures_receive	40	static
canlib.c:1105:6:can1_ams_cell_voltages_receive	1024	static
canlib.c:1243:6:can1_ams_cell_temperatures_receive	496	static
canlib.c:1315:6:can2_amk1_setpoints_1_receive	24	static
canlib.c:1334:6:can2_ivt_msg_result_u3_receive	32	static
canlib.c:1353:6:can2_ivt_msg_result_u2_receive	32	static
canlib.c:1372:6:can2_ivt_msg_result_u1_receive	32	static
canlib.c:1391:6:can2_ivt_msg_result_i_receive	32	static
canlib.c:1410:6:can2_charger_config_receive	56	static
canlib.c:1427:6:can2_cc_status_receive	16	static
canlib.c:1436:6:HAL_CAN_RxFifo0MsgPendingCallback	48	static
canlib.c:1481:6:HAL_CAN_RxFifo1MsgPendingCallback	48	static
canlib.c:1527:6:simple_filter	48	static
canlib.c:1559:6:initialize_CAN	16	static
