canlib.c:69:13:can1_ams_cell_voltages_array_raise	32	static
canlib.c:120:13:can1_ams_cell_temperatures_array_raise	32	static
canlib.c:159:13:can2_charger_config_array_raise	32	static
canlib.c:194:6:can1_ams_status_1_decode	8	static
canlib.c:204:6:can1_dbu_status_1_decode	8	static
canlib.c:214:6:can1_ams_temperatures_decode	8	static
canlib.c:224:6:can1_ams_cell_voltages_decode	8	static
canlib.c:234:6:can1_ams_cell_temperatures_decode	8	static
canlib.c:244:6:can2_amk1_setpoints_1_decode	8	static
canlib.c:254:6:can2_ivt_msg_result_i_decode	8	static
canlib.c:264:6:can2_ivt_msg_result_u1_decode	8	static
canlib.c:274:6:can2_ivt_msg_result_u3_decode	8	static
canlib.c:284:6:can2_charger_config_decode	8	static
canlib.c:294:6:can2_cc_status_decode	8	static
canlib.c:304:6:can1_ams_status_1_transmit	112	static
canlib.c:341:6:can1_dbu_status_1_transmit	64	static
canlib.c:368:6:can1_ams_temperatures_transmit	72	static
canlib.c:396:6:can1_ams_cell_voltages_transmit	1056	static
canlib.c:686:6:can1_ams_cell_temperatures_transmit	528	static
canlib.c:838:6:can2_ivt_msg_result_i_transmit	48	static
canlib.c:863:6:can2_ivt_msg_result_u1_transmit	48	static
canlib.c:888:6:can2_ivt_msg_result_u3_transmit	48	static
canlib.c:913:6:can2_charger_config_transmit	88	static
canlib.c:962:6:can2_cc_status_transmit	48	static
canlib.c:987:6:can1_ams_status_1_receive	80	static
canlib.c:1012:6:can1_dbu_status_1_receive	32	static
canlib.c:1027:6:can1_ams_temperatures_receive	40	static
canlib.c:1043:6:can1_ams_cell_voltages_receive	1024	static
canlib.c:1181:6:can1_ams_cell_temperatures_receive	496	static
canlib.c:1253:6:can2_amk1_setpoints_1_receive	24	static
canlib.c:1272:6:can2_ivt_msg_result_i_receive	16	static
canlib.c:1285:6:can2_ivt_msg_result_u1_receive	16	static
canlib.c:1298:6:can2_ivt_msg_result_u3_receive	16	static
canlib.c:1311:6:can2_charger_config_receive	56	static
canlib.c:1328:6:can2_cc_status_receive	16	static
canlib.c:1337:6:HAL_CAN_RxFifo0MsgPendingCallback	48	static
canlib.c:1379:6:HAL_CAN_RxFifo1MsgPendingCallback	48	static
canlib.c:1422:6:simple_filter	48	static
canlib.c:1454:6:initialize_CAN	16	static
